Archive member included because of file (symbol)

c:/users/forge-15r/dave-ide-4.4.2-64bit/eclipse/arm-gcc-49/bin/../lib/gcc/arm-none-eabi/4.9.3/../../../../arm-none-eabi/lib/armv7e-m/softfp\libg_nano.a(lib_a-errno.o)
                              ./Libraries/Newlib/syscalls.o (__errno)
c:/users/forge-15r/dave-ide-4.4.2-64bit/eclipse/arm-gcc-49/bin/../lib/gcc/arm-none-eabi/4.9.3/../../../../arm-none-eabi/lib/armv7e-m/softfp\libg_nano.a(lib_a-impure.o)
                              c:/users/forge-15r/dave-ide-4.4.2-64bit/eclipse/arm-gcc-49/bin/../lib/gcc/arm-none-eabi/4.9.3/../../../../arm-none-eabi/lib/armv7e-m/softfp\libg_nano.a(lib_a-errno.o) (_impure_ptr)
c:/users/forge-15r/dave-ide-4.4.2-64bit/eclipse/arm-gcc-49/bin/../lib/gcc/arm-none-eabi/4.9.3/../../../../arm-none-eabi/lib/armv7e-m/softfp\libg_nano.a(lib_a-init.o)
                              ./Startup/startup_XMC4700.o (__libc_init_array)
c:/users/forge-15r/dave-ide-4.4.2-64bit/eclipse/arm-gcc-49/bin/../lib/gcc/arm-none-eabi/4.9.3/../../../../arm-none-eabi/lib/armv7e-m/softfp\libg_nano.a(lib_a-malloc.o)
                              ./Dave/Generated/FREERTOS/heap.o (malloc)
c:/users/forge-15r/dave-ide-4.4.2-64bit/eclipse/arm-gcc-49/bin/../lib/gcc/arm-none-eabi/4.9.3/../../../../arm-none-eabi/lib/armv7e-m/softfp\libg_nano.a(lib_a-memcpy.o)
                              ./Libraries/XMCLib/src/xmc_eth_mac.o (memcpy)
c:/users/forge-15r/dave-ide-4.4.2-64bit/eclipse/arm-gcc-49/bin/../lib/gcc/arm-none-eabi/4.9.3/../../../../arm-none-eabi/lib/armv7e-m/softfp\libg_nano.a(lib_a-memset.o)
                              ./Libraries/XMCLib/src/xmc_usbd.o (memset)
c:/users/forge-15r/dave-ide-4.4.2-64bit/eclipse/arm-gcc-49/bin/../lib/gcc/arm-none-eabi/4.9.3/../../../../arm-none-eabi/lib/armv7e-m/softfp\libg_nano.a(lib_a-nano-freer.o)
                              c:/users/forge-15r/dave-ide-4.4.2-64bit/eclipse/arm-gcc-49/bin/../lib/gcc/arm-none-eabi/4.9.3/../../../../arm-none-eabi/lib/armv7e-m/softfp\libg_nano.a(lib_a-malloc.o) (_free_r)
c:/users/forge-15r/dave-ide-4.4.2-64bit/eclipse/arm-gcc-49/bin/../lib/gcc/arm-none-eabi/4.9.3/../../../../arm-none-eabi/lib/armv7e-m/softfp\libg_nano.a(lib_a-nano-mallocr.o)
                              c:/users/forge-15r/dave-ide-4.4.2-64bit/eclipse/arm-gcc-49/bin/../lib/gcc/arm-none-eabi/4.9.3/../../../../arm-none-eabi/lib/armv7e-m/softfp\libg_nano.a(lib_a-malloc.o) (_malloc_r)
c:/users/forge-15r/dave-ide-4.4.2-64bit/eclipse/arm-gcc-49/bin/../lib/gcc/arm-none-eabi/4.9.3/../../../../arm-none-eabi/lib/armv7e-m/softfp\libg_nano.a(lib_a-sbrkr.o)
                              c:/users/forge-15r/dave-ide-4.4.2-64bit/eclipse/arm-gcc-49/bin/../lib/gcc/arm-none-eabi/4.9.3/../../../../arm-none-eabi/lib/armv7e-m/softfp\libg_nano.a(lib_a-nano-mallocr.o) (_sbrk_r)
c:/users/forge-15r/dave-ide-4.4.2-64bit/eclipse/arm-gcc-49/bin/../lib/gcc/arm-none-eabi/4.9.3/../../../../arm-none-eabi/lib/armv7e-m/softfp\libg_nano.a(lib_a-sprintf.o)
                              ./Dave/Generated/FREERTOS/tasks.o (sprintf)
c:/users/forge-15r/dave-ide-4.4.2-64bit/eclipse/arm-gcc-49/bin/../lib/gcc/arm-none-eabi/4.9.3/../../../../arm-none-eabi/lib/armv7e-m/softfp\libg_nano.a(lib_a-strcpy.o)
                              ./Dave/Generated/FREERTOS/tasks.o (strcpy)
c:/users/forge-15r/dave-ide-4.4.2-64bit/eclipse/arm-gcc-49/bin/../lib/gcc/arm-none-eabi/4.9.3/../../../../arm-none-eabi/lib/armv7e-m/softfp\libg_nano.a(lib_a-strlen.o)
                              ./Dave/Generated/FREERTOS/tasks.o (strlen)
c:/users/forge-15r/dave-ide-4.4.2-64bit/eclipse/arm-gcc-49/bin/../lib/gcc/arm-none-eabi/4.9.3/../../../../arm-none-eabi/lib/armv7e-m/softfp\libg_nano.a(lib_a-nano-svfprintf.o)
                              c:/users/forge-15r/dave-ide-4.4.2-64bit/eclipse/arm-gcc-49/bin/../lib/gcc/arm-none-eabi/4.9.3/../../../../arm-none-eabi/lib/armv7e-m/softfp\libg_nano.a(lib_a-sprintf.o) (_svfprintf_r)
c:/users/forge-15r/dave-ide-4.4.2-64bit/eclipse/arm-gcc-49/bin/../lib/gcc/arm-none-eabi/4.9.3/../../../../arm-none-eabi/lib/armv7e-m/softfp\libg_nano.a(lib_a-nano-vfprintf_i.o)
                              c:/users/forge-15r/dave-ide-4.4.2-64bit/eclipse/arm-gcc-49/bin/../lib/gcc/arm-none-eabi/4.9.3/../../../../arm-none-eabi/lib/armv7e-m/softfp\libg_nano.a(lib_a-nano-svfprintf.o) (_printf_i)
c:/users/forge-15r/dave-ide-4.4.2-64bit/eclipse/arm-gcc-49/bin/../lib/gcc/arm-none-eabi/4.9.3/../../../../arm-none-eabi/lib/armv7e-m/softfp\libg_nano.a(lib_a-reent.o)
                              c:/users/forge-15r/dave-ide-4.4.2-64bit/eclipse/arm-gcc-49/bin/../lib/gcc/arm-none-eabi/4.9.3/../../../../arm-none-eabi/lib/armv7e-m/softfp\libg_nano.a(lib_a-sbrkr.o) (errno)
c:/users/forge-15r/dave-ide-4.4.2-64bit/eclipse/arm-gcc-49/bin/../lib/gcc/arm-none-eabi/4.9.3/../../../../arm-none-eabi/lib/armv7e-m/softfp\libg_nano.a(lib_a-memchr.o)
[...]
Memory Configuration

Name             Origin             Length             Attributes
FLASH_1_cached   0x08000000         0x00200000         xr
FLASH_1_uncached 0x0c000000         0x00200000         xr
PSRAM_1          0x1ffe8000         0x00018000         !xr
DSRAM_1_system   0x20000000         0x00020000         !xr
DSRAM_2_comm     0x20020000         0x00020000         !xr
SRAM_combined    0x1ffe8000         0x00058000         !xr
*default*        0x00000000         0xffffffff

Linker script and memory map

LOAD ./ext_lib/base.o
LOAD ./ext_lib/tle94112el.o
LOAD ./Startup/startup_XMC4700.o
LOAD ./Startup/system_XMC4700.o
LOAD ./Libraries/XMCLib/src/xmc4_eru.o
LOAD ./Libraries/XMCLib/src/xmc4_flash.o
LOAD ./Libraries/XMCLib/src/xmc4_gpio.o
LOAD ./Libraries/XMCLib/src/xmc4_rtc.o
LOAD ./Libraries/XMCLib/src/xmc4_scu.o
LOAD ./Libraries/XMCLib/src/xmc_can.o
LOAD ./Libraries/XMCLib/src/xmc_ccu4.o
LOAD ./Libraries/XMCLib/src/xmc_ccu8.o
LOAD ./Libraries/XMCLib/src/xmc_common.o
LOAD ./Libraries/XMCLib/src/xmc_dac.o
LOAD ./Libraries/XMCLib/src/xmc_dma.o
LOAD ./Libraries/XMCLib/src/xmc_dsd.o
LOAD ./Libraries/XMCLib/src/xmc_ebu.o
LOAD ./Libraries/XMCLib/src/xmc_ecat.o
LOAD ./Libraries/XMCLib/src/xmc_eru.o
LOAD ./Libraries/XMCLib/src/xmc_eth_mac.o
LOAD ./Libraries/XMCLib/src/xmc_eth_phy_dp83848.o
LOAD ./Libraries/XMCLib/src/xmc_eth_phy_ksz8031rnl.o
LOAD ./Libraries/XMCLib/src/xmc_eth_phy_ksz8081rnb.o
LOAD ./Libraries/XMCLib/src/xmc_fce.o
LOAD ./Libraries/XMCLib/src/xmc_gpio.o
LOAD ./Libraries/XMCLib/src/xmc_hrpwm.o
LOAD ./Libraries/XMCLib/src/xmc_i2c.o
LOAD ./Libraries/XMCLib/src/xmc_i2s.o
LOAD ./Libraries/XMCLib/src/xmc_ledts.o
LOAD ./Libraries/XMCLib/src/xmc_posif.o
LOAD ./Libraries/XMCLib/src/xmc_rtc.o
LOAD ./Libraries/XMCLib/src/xmc_sdmmc.o
LOAD ./Libraries/XMCLib/src/xmc_spi.o
LOAD ./Libraries/XMCLib/src/xmc_uart.o
LOAD ./Libraries/XMCLib/src/xmc_usbd.o
LOAD ./Libraries/XMCLib/src/xmc_usbh.o
LOAD ./Libraries/XMCLib/src/xmc_usic.o
LOAD ./Libraries/XMCLib/src/xmc_vadc.o
LOAD ./Libraries/XMCLib/src/xmc_wdt.o
LOAD ./Libraries/Newlib/syscalls.o
LOAD ./Dave/Generated/SPI_MASTER/spi_master.o
LOAD ./Dave/Generated/SPI_MASTER/spi_master_conf.o
LOAD ./Dave/Generated/PWM/pwm.o
LOAD ./Dave/Generated/PWM/pwm_conf.o
LOAD ./Dave/Generated/PIN_INTERRUPT/pin_interrupt.o
LOAD ./Dave/Generated/PIN_INTERRUPT/pin_interrupt_conf.o
LOAD ./Dave/Generated/GLOBAL_CCU4/global_ccu4.o
LOAD ./Dave/Generated/GLOBAL_CCU4/global_ccu4_conf.o
LOAD ./Dave/Generated/FREERTOS/portable/Keil/port.o
LOAD ./Dave/Generated/FREERTOS/portable/IAR/port.o
LOAD ./Dave/Generated/FREERTOS/portable/IAR/portasm.o
LOAD ./Dave/Generated/FREERTOS/portable/GCC/port.o
LOAD ./Dave/Generated/FREERTOS/croutine.o
LOAD ./Dave/Generated/FREERTOS/event_groups.o
LOAD ./Dave/Generated/FREERTOS/freertos.o
LOAD ./Dave/Generated/FREERTOS/heap.o
LOAD ./Dave/Generated/FREERTOS/list.o
LOAD ./Dave/Generated/FREERTOS/mpu_wrappers.o
LOAD ./Dave/Generated/FREERTOS/queue.o
LOAD ./Dave/Generated/FREERTOS/stream_buffer.o
LOAD ./Dave/Generated/FREERTOS/tasks.o
LOAD ./Dave/Generated/FREERTOS/timers.o
LOAD ./Dave/Generated/DIGITAL_IO/digital_io.o
LOAD ./Dave/Generated/DIGITAL_IO/digital_io_conf.o
LOAD ./Dave/Generated/CPU_CTRL_XMC4/cpu_ctrl_xmc4.o
LOAD ./Dave/Generated/CPU_CTRL_XMC4/cpu_ctrl_xmc4_conf.o
LOAD ./Dave/Generated/CLOCK_XMC4/clock_xmc4.o
LOAD ./Dave/Generated/CLOCK_XMC4/clock_xmc4_conf.o
LOAD ./Dave/Generated/DAVE.o
LOAD ./main.o
LOAD c:/users/forge-15r/dave-ide-4.4.2-64bit/eclipse/arm-gcc-49/bin/../lib/gcc/arm-none-eabi/4.9.3/../../../../arm-none-eabi/lib/armv7e-m/softfp\libm.a
START GROUP
LOAD c:/users/forge-15r/dave-ide-4.4.2-64bit/eclipse/arm-gcc-49/bin/../lib/gcc/arm-none-eabi/4.9.3/armv7e-m/softfp\libgcc.a
LOAD c:/users/forge-15r/dave-ide-4.4.2-64bit/eclipse/arm-gcc-49/bin/../lib/gcc/arm-none-eabi/4.9.3/../../../../arm-none-eabi/lib/armv7e-m/softfp\libg_nano.a
LOAD c:/users/forge-15r/dave-ide-4.4.2-64bit/eclipse/arm-gcc-49/bin/../lib/gcc/arm-none-eabi/4.9.3/../../../../arm-none-eabi/lib/armv7e-m/softfp\libc_nano.a
END GROUP
START GROUP
LOAD c:/users/forge-15r/dave-ide-4.4.2-64bit/eclipse/arm-gcc-49/bin/../lib/gcc/arm-none-eabi/4.9.3/armv7e-m/softfp\libgcc.a
LOAD c:/users/forge-15r/dave-ide-4.4.2-64bit/eclipse/arm-gcc-49/bin/../lib/gcc/arm-none-eabi/4.9.3/../../../../arm-none-eabi/lib/armv7e-m/softfp\libc_nano.a
LOAD c:/users/forge-15r/dave-ide-4.4.2-64bit/eclipse/arm-gcc-49/bin/../lib/gcc/arm-none-eabi/4.9.3/../../../../arm-none-eabi/lib/armv7e-m/softfp\libnosys.a
END GROUP
START GROUP
LOAD c:/users/forge-15r/dave-ide-4.4.2-64bit/eclipse/arm-gcc-49/bin/../lib/gcc/arm-none-eabi/4.9.3/armv7e-m/softfp\libgcc.a
LOAD c:/users/forge-15r/dave-ide-4.4.2-64bit/eclipse/arm-gcc-49/bin/../lib/gcc/arm-none-eabi/4.9.3/../../../../arm-none-eabi/lib/armv7e-m/softfp\libc_nano.a
LOAD c:/users/forge-15r/dave-ide-4.4.2-64bit/eclipse/arm-gcc-49/bin/../lib/gcc/arm-none-eabi/4.9.3/../../../../arm-none-eabi/lib/armv7e-m/softfp\libnosys.a
END GROUP
                0x00000800                stack_size = DEFINED (stack_size)?stack_size:0x800
                0x00000040                no_init_size = 0x40

.text           0x08000000     0x64c4 load address 0x0c000000
                0x08000000                sText = .
 *(.reset)
 .reset         0x08000000      0x29c ./Startup/startup_XMC4700.o
                0x08000000                __Vectors
                0x08000200                Reset_Handler
                0x08000298                DSD0_7_IRQHandler
                0x08000298                DebugMon_Handler
                0x08000298                VADC0_C0_0_IRQHandler
                0x08000298                CAN0_4_IRQHandler
                0x08000298                VADC0_G2_0_IRQHandler
                0x08000298                USIC0_5_IRQHandler
                0x08000298                POSIF0_0_IRQHandler
                0x08000298                POSIF1_0_IRQHandler
                0x08000298                HardFault_Handler
                0x08000298                VADC0_G1_1_IRQHandler
                0x08000298                NMI_Handler
                0x08000298                USIC1_3_IRQHandler
                0x08000298                CCU40_2_IRQHandler
                0x08000298                SCU_0_IRQHandler
                0x08000298                CCU41_0_IRQHandler
                0x08000298                USIC1_5_IRQHandler
                0x08000298                DSD0_4_IRQHandler
                0x08000298                CCU80_1_IRQHandler
                0x08000298                CCU81_0_IRQHandler
                0x08000298                UsageFault_Handler
                0x08000298                USIC0_0_IRQHandler
                0x08000298                POSIF1_1_IRQHandler
                0x08000298                CCU81_1_IRQHandler
                0x08000298                ERU1_1_IRQHandler
                0x08000298                VADC0_G2_3_IRQHandler
                0x08000298                VADC0_G2_2_IRQHandler
                0x08000298                CCU42_3_IRQHandler
                0x08000298                ERU0_3_IRQHandler
                0x08000298                DSD0_5_IRQHandler
                0x08000298                VADC0_C0_3_IRQHandler
                0x08000298                CAN0_6_IRQHandler
                0x08000298                CCU43_0_IRQHandler
                0x08000298                VADC0_G0_1_IRQHandler
                0x08000298                CCU81_2_IRQHandler
                0x08000298                USIC2_4_IRQHandler
                0x08000298                CCU81_3_IRQHandler
                0x08000298                CCU42_1_IRQHandler
                0x08000298                USIC1_1_IRQHandler
                0x08000298                USIC2_5_IRQHandler
                0x08000298                CCU40_0_IRQHandler
                0x08000298                CAN0_0_IRQHandler
                0x08000298                ERU1_0_IRQHandler
                0x08000298                CCU42_2_IRQHandler
                0x08000298                Default_Handler
                0x08000298                USIC1_4_IRQHandler
                0x08000298                ERU1_3_IRQHandler
                0x08000298                USIC1_0_IRQHandler
                0x08000298                POSIF0_1_IRQHandler
                0x08000298                VADC0_G0_0_IRQHandler
                0x08000298                DSD0_2_IRQHandler
                0x08000298                CCU80_3_IRQHandler
                0x08000298                CCU41_3_IRQHandler
                0x08000298                CCU80_2_IRQHandler
                0x08000298                VADC0_G1_3_IRQHandler
                0x08000298                VADC0_G0_3_IRQHandler
                0x08000298                GPDMA0_0_IRQHandler
                0x08000298                PMU0_0_IRQHandler
                0x08000298                CAN0_7_IRQHandler
                0x08000298                DSD0_1_IRQHandler
                0x08000298                CCU41_2_IRQHandler
                0x08000298                VADC0_C0_1_IRQHandler
                0x08000298                CCU43_2_IRQHandler
                0x08000298                MemManage_Handler
                0x08000298                VADC0_G3_1_IRQHandler
                0x08000298                DAC0_0_IRQHandler
                0x08000298                VADC0_G3_3_IRQHandler
                0x08000298                CCU41_1_IRQHandler
                0x08000298                DSD0_6_IRQHandler
                0x08000298                CCU43_1_IRQHandler
                0x08000298                VADC0_G1_2_IRQHandler
                0x08000298                CAN0_2_IRQHandler
                0x08000298                USIC2_0_IRQHandler
                0x08000298                VADC0_G0_2_IRQHandler
                0x08000298                VADC0_G2_1_IRQHandler
                0x08000298                CAN0_3_IRQHandler
                0x08000298                ETH0_0_IRQHandler
                0x08000298                USIC0_3_IRQHandler
                0x08000298                DSD0_0_IRQHandler
                0x08000298                VADC0_C0_2_IRQHandler
                0x08000298                CCU42_0_IRQHandler
                0x08000298                FCE0_0_IRQHandler
                0x08000298                VADC0_G1_0_IRQHandler
                0x08000298                USB0_0_IRQHandler
                0x08000298                CAN0_5_IRQHandler
                0x08000298                CCU80_0_IRQHandler
                0x08000298                CCU40_1_IRQHandler
                0x08000298                USIC2_1_IRQHandler
                0x08000298                USIC0_1_IRQHandler
                0x08000298                VADC0_G3_2_IRQHandler
                0x08000298                CCU40_3_IRQHandler
                0x08000298                BusFault_Handler
                0x08000298                LEDTS0_0_IRQHandler
                0x08000298                USIC0_4_IRQHandler
                0x08000298                CCU43_3_IRQHandler
                0x08000298                VADC0_G3_0_IRQHandler
                0x08000298                USIC1_2_IRQHandler
                0x08000298                DSD0_3_IRQHandler
                0x08000298                SDMMC0_0_IRQHandler
                0x08000298                CAN0_1_IRQHandler
                0x08000298                USIC0_2_IRQHandler
                0x08000298                DAC0_1_IRQHandler
                0x08000298                GPDMA1_0_IRQHandler
 *(.text .text.* .gnu.linkonce.t.*)
 .text.TLE94112EL_SetHBRegdata
                0x0800029c       0x80 ./ext_lib/base.o
                0x0800029c                TLE94112EL_SetHBRegdata
 .text.TLE94112EL_Enable
                0x0800031c       0x18 ./ext_lib/tle94112el.o
                0x0800031c                TLE94112EL_Enable
 .text.SystemInit
                0x08000334       0x20 ./Startup/system_XMC4700.o
                0x08000334                SystemInit
 .text.SystemCoreClockUpdate
                0x08000354       0xd4 ./Startup/system_XMC4700.o
                0x08000354                SystemCoreClockUpdate
 .text.XMC_ERU_Enable
                0x08000428       0x2c ./Libraries/XMCLib/src/xmc4_eru.o
                0x08000428                XMC_ERU_Enable
 .text.XMC_GPIO_Init
                0x08000454      0x14c ./Libraries/XMCLib/src/xmc4_gpio.o
                0x08000454                XMC_GPIO_Init
 .text.XMC_SCU_CLOCK_GetCpuClockFrequency
                0x080005a0       0x18 ./Libraries/XMCLib/src/xmc4_scu.o
 .text.XMC_SCU_GetMirrorStatus
                0x080005b8       0x18 ./Libraries/XMCLib/src/xmc4_scu.o
 .text.XMC_SCU_lDelay
                0x080005d0       0x44 ./Libraries/XMCLib/src/xmc4_scu.o
 .text.XMC_SCU_INTERUPT_GetEventStatus
                0x08000614       0x18 ./Libraries/XMCLib/src/xmc4_scu.o
                0x08000614                XMC_SCU_INTERUPT_GetEventStatus
 .text.XMC_SCU_INTERRUPT_ClearEventStatus
                0x0800062c       0x1c ./Libraries/XMCLib/src/xmc4_scu.o
                0x0800062c                XMC_SCU_INTERRUPT_ClearEventStatus
 .text.XMC_SCU_CLOCK_Init
                0x08000648       0xec ./Libraries/XMCLib/src/xmc4_scu.o
                0x08000648                XMC_SCU_CLOCK_Init
 .text.XMC_SCU_RESET_DeassertPeripheralReset
                0x08000734       0x38 ./Libraries/XMCLib/src/xmc4_scu.o
                0x08000734                XMC_SCU_RESET_DeassertPeripheralReset
 .text.XMC_SCU_RESET_IsPeripheralResetAsserted
                0x0800076c       0x48 ./Libraries/XMCLib/src/xmc4_scu.o
                0x0800076c                XMC_SCU_RESET_IsPeripheralResetAsserted
 .text.XMC_SCU_CLOCK_GetPeripheralClockFrequency
                0x080007b4       0x20 ./Libraries/XMCLib/src/xmc4_scu.o
                0x080007b4                XMC_SCU_CLOCK_GetPeripheralClockFrequency
 .text.XMC_SCU_CLOCK_SetSystemClockSource
                0x080007d4       0x28 ./Libraries/XMCLib/src/xmc4_scu.o
                0x080007d4                XMC_SCU_CLOCK_SetSystemClockSource
 .text.XMC_SCU_CLOCK_SetUsbClockSource
                0x080007fc       0x28 ./Libraries/XMCLib/src/xmc4_scu.o
                0x080007fc                XMC_SCU_CLOCK_SetUsbClockSource
 .text.XMC_SCU_CLOCK_SetWdtClockSource
                0x08000824       0x28 ./Libraries/XMCLib/src/xmc4_scu.o
                0x08000824                XMC_SCU_CLOCK_SetWdtClockSource
 .text.XMC_SCU_CLOCK_SetSystemPllClockSource
                0x0800084c       0x40 ./Libraries/XMCLib/src/xmc4_scu.o
                0x0800084c                XMC_SCU_CLOCK_SetSystemPllClockSource
 .text.XMC_SCU_HIB_SetRtcClockSource
                0x0800088c       0x3c ./Libraries/XMCLib/src/xmc4_scu.o
                0x0800088c                XMC_SCU_HIB_SetRtcClockSource
 .text.XMC_SCU_HIB_SetStandbyClockSource
                0x080008c8       0x3c ./Libraries/XMCLib/src/xmc4_scu.o
                0x080008c8                XMC_SCU_HIB_SetStandbyClockSource
 .text.XMC_SCU_CLOCK_SetSystemClockDivider
                0x08000904       0x28 ./Libraries/XMCLib/src/xmc4_scu.o
                0x08000904                XMC_SCU_CLOCK_SetSystemClockDivider
 .text.XMC_SCU_CLOCK_SetCcuClockDivider
                0x0800092c       0x28 ./Libraries/XMCLib/src/xmc4_scu.o
                0x0800092c                XMC_SCU_CLOCK_SetCcuClockDivider
 .text.XMC_SCU_CLOCK_SetCpuClockDivider
                0x08000954       0x28 ./Libraries/XMCLib/src/xmc4_scu.o
                0x08000954                XMC_SCU_CLOCK_SetCpuClockDivider
 .text.XMC_SCU_CLOCK_SetPeripheralClockDivider
                0x0800097c       0x28 ./Libraries/XMCLib/src/xmc4_scu.o
                0x0800097c                XMC_SCU_CLOCK_SetPeripheralClockDivider
 .text.XMC_SCU_CLOCK_SetUsbClockDivider
                0x080009a4       0x28 ./Libraries/XMCLib/src/xmc4_scu.o
                0x080009a4                XMC_SCU_CLOCK_SetUsbClockDivider
 .text.XMC_SCU_CLOCK_SetEbuClockDivider
                0x080009cc       0x28 ./Libraries/XMCLib/src/xmc4_scu.o
                0x080009cc                XMC_SCU_CLOCK_SetEbuClockDivider
 .text.XMC_SCU_CLOCK_SetWdtClockDivider
                0x080009f4       0x28 ./Libraries/XMCLib/src/xmc4_scu.o
                0x080009f4                XMC_SCU_CLOCK_SetWdtClockDivider
 .text.XMC_SCU_CLOCK_EnableClock
                0x08000a1c       0x20 ./Libraries/XMCLib/src/xmc4_scu.o
                0x08000a1c                XMC_SCU_CLOCK_EnableClock
 .text.XMC_SCU_CLOCK_UngatePeripheralClock
                0x08000a3c       0x38 ./Libraries/XMCLib/src/xmc4_scu.o
                0x08000a3c                XMC_SCU_CLOCK_UngatePeripheralClock
 .text.XMC_SCU_CLOCK_IsPeripheralClockGated
                0x08000a74       0x48 ./Libraries/XMCLib/src/xmc4_scu.o
                0x08000a74                XMC_SCU_CLOCK_IsPeripheralClockGated
 .text.XMC_SCU_CLOCK_StartUsbPll
                0x08000abc       0x74 ./Libraries/XMCLib/src/xmc4_scu.o
                0x08000abc                XMC_SCU_CLOCK_StartUsbPll
 .text.XMC_SCU_CLOCK_SetBackupClockCalibrationMode
                0x08000b30       0x4c ./Libraries/XMCLib/src/xmc4_scu.o
                0x08000b30                XMC_SCU_CLOCK_SetBackupClockCalibrationMode
 .text.XMC_SCU_HIB_EnableHibernateDomain
                0x08000b7c       0x58 ./Libraries/XMCLib/src/xmc4_scu.o
                0x08000b7c                XMC_SCU_HIB_EnableHibernateDomain
 .text.XMC_SCU_CLOCK_IsLowPowerOscillatorStable
                0x08000bd4       0x24 ./Libraries/XMCLib/src/xmc4_scu.o
                0x08000bd4                XMC_SCU_CLOCK_IsLowPowerOscillatorStable
 .text.XMC_SCU_CLOCK_EnableLowPowerOscillator
                0x08000bf8       0x70 ./Libraries/XMCLib/src/xmc4_scu.o
                0x08000bf8                XMC_SCU_CLOCK_EnableLowPowerOscillator
 .text.XMC_SCU_CLOCK_EnableHighPerformanceOscillator
                0x08000c68       0x50 ./Libraries/XMCLib/src/xmc4_scu.o
                0x08000c68                XMC_SCU_CLOCK_EnableHighPerformanceOscillator
 .text.XMC_SCU_CLOCK_IsHighPerformanceOscillatorStable
                0x08000cb8       0x28 ./Libraries/XMCLib/src/xmc4_scu.o
                0x08000cb8                XMC_SCU_CLOCK_IsHighPerformanceOscillatorStable
 .text.XMC_SCU_CLOCK_EnableSystemPll
                0x08000ce0       0x20 ./Libraries/XMCLib/src/xmc4_scu.o
                0x08000ce0                XMC_SCU_CLOCK_EnableSystemPll
 .text.XMC_SCU_CLOCK_DisableSystemPll
                0x08000d00       0x20 ./Libraries/XMCLib/src/xmc4_scu.o
                0x08000d00                XMC_SCU_CLOCK_DisableSystemPll
 .text.XMC_SCU_CLOCK_StartSystemPll
                0x08000d20      0x174 ./Libraries/XMCLib/src/xmc4_scu.o
                0x08000d20                XMC_SCU_CLOCK_StartSystemPll
 .text.XMC_SCU_CLOCK_StepSystemPllFrequency
                0x08000e94       0x2c ./Libraries/XMCLib/src/xmc4_scu.o
                0x08000e94                XMC_SCU_CLOCK_StepSystemPllFrequency
 .text.XMC_CCU4_StartPrescaler
                0x08000ec0       0x1c ./Libraries/XMCLib/src/xmc_ccu4.o
 .text.XMC_CCU4_lDeassertReset
                0x08000edc       0x60 ./Libraries/XMCLib/src/xmc_ccu4.o
 .text.XMC_CCU4_lUngateClock
                0x08000f3c       0x60 ./Libraries/XMCLib/src/xmc_ccu4.o
 .text.XMC_CCU4_EnableModule
                0x08000f9c       0x20 ./Libraries/XMCLib/src/xmc_ccu4.o
                0x08000f9c                XMC_CCU4_EnableModule
 .text.XMC_CCU4_Init
                0x08000fbc       0x3c ./Libraries/XMCLib/src/xmc_ccu4.o
                0x08000fbc                XMC_CCU4_Init
 .text.XMC_CCU4_SLICE_CompareInit
                0x08000ff8       0x6c ./Libraries/XMCLib/src/xmc_ccu4.o
                0x08000ff8                XMC_CCU4_SLICE_CompareInit
 .text.XMC_CCU4_SLICE_SetInterruptNode
                0x08001064       0xb0 ./Libraries/XMCLib/src/xmc_ccu4.o
                0x08001064                XMC_CCU4_SLICE_SetInterruptNode
 .text.XMC_ERU_ETL_Init
                0x08001114       0x4c ./Libraries/XMCLib/src/xmc_eru.o
                0x08001114                XMC_ERU_ETL_Init
 .text.XMC_ERU_OGU_SetServiceRequestMode
                0x08001160       0x3c ./Libraries/XMCLib/src/xmc_eru.o
                0x08001160                XMC_ERU_OGU_SetServiceRequestMode
 .text.XMC_GPIO_SetHardwareControl
                0x0800119c       0x44 ./Libraries/XMCLib/src/xmc_gpio.o
                0x0800119c                XMC_GPIO_SetHardwareControl
 .text.XMC_SPI_CH_Init
                0x080011e0       0x80 ./Libraries/XMCLib/src/xmc_spi.o
                0x080011e0                XMC_SPI_CH_Init
 .text.XMC_SPI_CH_EnableSlaveSelect
                0x08001260       0x2c ./Libraries/XMCLib/src/xmc_spi.o
                0x08001260                XMC_SPI_CH_EnableSlaveSelect
 .text.XMC_SPI_CH_GetReceivedData
                0x0800128c       0x34 ./Libraries/XMCLib/src/xmc_spi.o
                0x0800128c                XMC_SPI_CH_GetReceivedData
 .text.XMC_SPI_CH_DisableEvent
                0x080012c0       0x38 ./Libraries/XMCLib/src/xmc_spi.o
                0x080012c0                XMC_SPI_CH_DisableEvent
 .text.XMC_USIC_CH_Enable
                0x080012f8       0x98 ./Libraries/XMCLib/src/xmc_usic.o
                0x080012f8                XMC_USIC_CH_Enable
 .text.XMC_USIC_CH_SetBaudrate
                0x08001390       0xe0 ./Libraries/XMCLib/src/xmc_usic.o
                0x08001390                XMC_USIC_CH_SetBaudrate
 .text.XMC_USIC_CH_SetBaudrateEx
                0x08001470      0x100 ./Libraries/XMCLib/src/xmc_usic.o
                0x08001470                XMC_USIC_CH_SetBaudrateEx
 .text.XMC_USIC_CH_TXFIFO_Configure
                0x08001570       0x50 ./Libraries/XMCLib/src/xmc_usic.o
                0x08001570                XMC_USIC_CH_TXFIFO_Configure
 .text.XMC_USIC_CH_RXFIFO_Configure
                0x080015c0       0x54 ./Libraries/XMCLib/src/xmc_usic.o
                0x080015c0                XMC_USIC_CH_RXFIFO_Configure
 .text.XMC_USIC_CH_RXFIFO_SetSizeTriggerLimit
                0x08001614       0x44 ./Libraries/XMCLib/src/xmc_usic.o
                0x08001614                XMC_USIC_CH_RXFIFO_SetSizeTriggerLimit
 .text.XMC_USIC_CH_SetInterruptNodePointer
                0x08001658       0x38 ./Libraries/XMCLib/src/xmc_usic.o
                0x08001658                XMC_USIC_CH_SetInterruptNodePointer
 .text.XMC_USIC_CH_TXFIFO_SetInterruptNodePointer
                0x08001690       0x3c ./Libraries/XMCLib/src/xmc_usic.o
                0x08001690                XMC_USIC_CH_TXFIFO_SetInterruptNodePointer
 .text.XMC_USIC_CH_RXFIFO_SetInterruptNodePointer
                0x080016cc       0x3c ./Libraries/XMCLib/src/xmc_usic.o
                0x080016cc                XMC_USIC_CH_RXFIFO_SetInterruptNodePointer
 .text.XMC_USIC_Enable
                0x08001708       0xc0 ./Libraries/XMCLib/src/xmc_usic.o
                0x08001708                XMC_USIC_Enable
 .text._sbrk    0x080017c8       0x68 ./Libraries/Newlib/syscalls.o
                0x080017c8                _sbrk
 .text._init    0x08001830        0xc ./Libraries/Newlib/syscalls.o
                0x08001830                _init
 .text.XMC_USIC_CH_WriteToTBUFTCI
                0x0800183c       0x24 ./Dave/Generated/SPI_MASTER/spi_master.o
 .text.XMC_USIC_CH_EnableEvent
                0x08001860       0x20 ./Dave/Generated/SPI_MASTER/spi_master.o
 .text.XMC_USIC_CH_DisableEvent
                0x08001880       0x24 ./Dave/Generated/SPI_MASTER/spi_master.o
 .text.XMC_USIC_CH_GetTransmitBufferStatus
                0x080018a4       0x20 ./Dave/Generated/SPI_MASTER/spi_master.o
 .text.XMC_USIC_CH_GetReceiveBufferStatus
                0x080018c4       0x1c ./Dave/Generated/SPI_MASTER/spi_master.o
 .text.XMC_USIC_CH_TriggerServiceRequest
                0x080018e0       0x20 ./Dave/Generated/SPI_MASTER/spi_master.o
 .text.XMC_USIC_CH_TXFIFO_EnableEvent
                0x08001900       0x24 ./Dave/Generated/SPI_MASTER/spi_master.o
 .text.XMC_USIC_CH_TXFIFO_DisableEvent
                0x08001924       0x28 ./Dave/Generated/SPI_MASTER/spi_master.o
 .text.XMC_USIC_CH_TXFIFO_PutDataHPCMode
                0x0800194c       0x24 ./Dave/Generated/SPI_MASTER/spi_master.o
 .text.XMC_USIC_CH_TXFIFO_Flush
                0x08001970       0x1c ./Dave/Generated/SPI_MASTER/spi_master.o
 .text.XMC_USIC_CH_TXFIFO_IsFull
                0x0800198c       0x28 ./Dave/Generated/SPI_MASTER/spi_master.o
 .text.XMC_USIC_CH_TXFIFO_IsEmpty
                0x080019b4       0x28 ./Dave/Generated/SPI_MASTER/spi_master.o
 .text.XMC_USIC_CH_RXFIFO_EnableEvent
                0x080019dc       0x24 ./Dave/Generated/SPI_MASTER/spi_master.o
 .text.XMC_USIC_CH_RXFIFO_DisableEvent
                0x08001a00       0x28 ./Dave/Generated/SPI_MASTER/spi_master.o
 .text.XMC_USIC_CH_RXFIFO_Flush
                0x08001a28       0x1c ./Dave/Generated/SPI_MASTER/spi_master.o
 .text.XMC_USIC_CH_RXFIFO_IsEmpty
                0x08001a44       0x28 ./Dave/Generated/SPI_MASTER/spi_master.o
 .text.XMC_SPI_CH_SetTransmitMode
                0x08001a6c       0x2c ./Dave/Generated/SPI_MASTER/spi_master.o
 .text.SPI_MASTER_Init
                0x08001a98       0x20 ./Dave/Generated/SPI_MASTER/spi_master.o
                0x08001a98                SPI_MASTER_Init
 .text.SPI_MASTER_Transmit
                0x08001ab8       0x34 ./Dave/Generated/SPI_MASTER/spi_master.o
                0x08001ab8                SPI_MASTER_Transmit
 .text.SPI_MASTER_StartTransmitIRQ
                0x08001aec       0xec ./Dave/Generated/SPI_MASTER/spi_master.o
                0x08001aec                SPI_MASTER_StartTransmitIRQ
 .text.SPI_MASTER_Transfer
                0x08001bd8       0xb0 ./Dave/Generated/SPI_MASTER/spi_master.o
                0x08001bd8                SPI_MASTER_Transfer
 .text.SPI_MASTER_lTransmitHandler
                0x08001c88      0x1c8 ./Dave/Generated/SPI_MASTER/spi_master.o
                0x08001c88                SPI_MASTER_lTransmitHandler
 .text.SPI_MASTER_lReceiveIRQ
                0x08001e50       0xac ./Dave/Generated/SPI_MASTER/spi_master.o
 .text.SPI_MASTER_lReceiveHandler
                0x08001efc      0x1a4 ./Dave/Generated/SPI_MASTER/spi_master.o
                0x08001efc                SPI_MASTER_lReceiveHandler
 .text.SPI_MASTER_lFIFORead
                0x080020a0       0xc4 ./Dave/Generated/SPI_MASTER/spi_master.o
 .text.SPI_MASTER_lReconfigureRxFIFO
                0x08002164       0x70 ./Dave/Generated/SPI_MASTER/spi_master.o
 .text.SPI_MASTER_lStdRBUFFlush
                0x080021d4       0x1c ./Dave/Generated/SPI_MASTER/spi_master.o
 .text.__NVIC_GetPriorityGrouping
                0x080021f0       0x1c ./Dave/Generated/SPI_MASTER/spi_master_conf.o
 .text.__NVIC_EnableIRQ
                0x0800220c       0x38 ./Dave/Generated/SPI_MASTER/spi_master_conf.o
 .text.__NVIC_SetPriority
                0x08002244       0x54 ./Dave/Generated/SPI_MASTER/spi_master_conf.o
 .text.NVIC_EncodePriority
                0x08002298       0x64 ./Dave/Generated/SPI_MASTER/spi_master_conf.o
 .text.XMC_USIC_CH_SetInputSource
                0x080022fc       0x3c ./Dave/Generated/SPI_MASTER/spi_master_conf.o
 .text.XMC_USIC_CH_SetWordLength
                0x08002338       0x2c ./Dave/Generated/SPI_MASTER/spi_master_conf.o
 .text.XMC_USIC_CH_SetFrameLength
                0x08002364       0x2c ./Dave/Generated/SPI_MASTER/spi_master_conf.o
 .text.XMC_USIC_CH_ConfigureShiftClockOutput
                0x08002390       0x2c ./Dave/Generated/SPI_MASTER/spi_master_conf.o
 .text.XMC_USIC_CH_SetMode
                0x080023bc       0x28 ./Dave/Generated/SPI_MASTER/spi_master_conf.o
 .text.XMC_SPI_CH_Start
                0x080023e4       0x18 ./Dave/Generated/SPI_MASTER/spi_master_conf.o
 .text.XMC_SPI_CH_SetSlaveSelectDelay
                0x080023fc       0x2c ./Dave/Generated/SPI_MASTER/spi_master_conf.o
 .text.XMC_SPI_CH_ConfigureShiftClockOutput
                0x08002428       0x1c ./Dave/Generated/SPI_MASTER/spi_master_conf.o
 .text.XMC_SPI_CH_SetWordLength
                0x08002444       0x1c ./Dave/Generated/SPI_MASTER/spi_master_conf.o
 .text.XMC_SPI_CH_SetFrameLength
                0x08002460       0x1c ./Dave/Generated/SPI_MASTER/spi_master_conf.o
 .text.XMC_SPI_CH_SetInputSource
                0x0800247c       0x44 ./Dave/Generated/SPI_MASTER/spi_master_conf.o
 .text.SPI_MASTER_0_lInit
                0x080024c0      0x120 ./Dave/Generated/SPI_MASTER/spi_master_conf.o
 .text.USIC2_3_IRQHandler
                0x080025e0       0x10 ./Dave/Generated/SPI_MASTER/spi_master_conf.o
                0x080025e0                USIC2_3_IRQHandler
 .text.USIC2_2_IRQHandler
                0x080025f0       0x10 ./Dave/Generated/SPI_MASTER/spi_master_conf.o
                0x080025f0                USIC2_2_IRQHandler
 .text.XMC_CCU4_EnableClock
                0x08002600       0x20 ./Dave/Generated/PWM/pwm.o
 .text.XMC_CCU4_SLICE_StartTimer
                0x08002620       0x18 ./Dave/Generated/PWM/pwm.o
 .text.XMC_CCU4_SLICE_SetTimerPeriodMatch
                0x08002638       0x1c ./Dave/Generated/PWM/pwm.o
 .text.XMC_CCU4_SLICE_SetTimerCompareMatch
                0x08002654       0x1c ./Dave/Generated/PWM/pwm.o
 .text.XMC_CCU4_EnableShadowTransfer
                0x08002670       0x1c ./Dave/Generated/PWM/pwm.o
 .text.XMC_CCU4_SLICE_EnableEvent
                0x0800268c       0x2c ./Dave/Generated/PWM/pwm.o
 .text.PWM_lCCU4_Init
                0x080026b8       0xbc ./Dave/Generated/PWM/pwm.o
                0x080026b8                PWM_lCCU4_Init
 .text.PWM_lCCU4_ConfigInterrupts
                0x08002774       0x64 ./Dave/Generated/PWM/pwm.o
                0x08002774                PWM_lCCU4_ConfigInterrupts
 .text.PWM_lCCU4_Start
                0x080027d8       0x48 ./Dave/Generated/PWM/pwm.o
                0x080027d8                PWM_lCCU4_Start
 .text.PWM_lCCU4_SetDutyCycle
                0x08002820       0x80 ./Dave/Generated/PWM/pwm.o
                0x08002820                PWM_lCCU4_SetDutyCycle
 .text.PWM_Init
                0x080028a0       0x2c ./Dave/Generated/PWM/pwm.o
                0x080028a0                PWM_Init
 .text.PWM_Start
                0x080028cc       0x20 ./Dave/Generated/PWM/pwm.o
                0x080028cc                PWM_Start
 .text.PWM_SetDutyCycle
                0x080028ec       0x30 ./Dave/Generated/PWM/pwm.o
                0x080028ec                PWM_SetDutyCycle
 .text.__NVIC_GetPriorityGrouping
                0x0800291c       0x1c ./Dave/Generated/PIN_INTERRUPT/pin_interrupt.o
 .text.__NVIC_EnableIRQ
                0x08002938       0x38 ./Dave/Generated/PIN_INTERRUPT/pin_interrupt.o
 .text.__NVIC_ClearPendingIRQ
                0x08002970       0x3c ./Dave/Generated/PIN_INTERRUPT/pin_interrupt.o
 .text.__NVIC_SetPriority
                0x080029ac       0x54 ./Dave/Generated/PIN_INTERRUPT/pin_interrupt.o
 .text.NVIC_EncodePriority
                0x08002a00       0x64 ./Dave/Generated/PIN_INTERRUPT/pin_interrupt.o
 .text.PIN_INTERRUPT_Init
                0x08002a64       0xa0 ./Dave/Generated/PIN_INTERRUPT/pin_interrupt.o
                0x08002a64                PIN_INTERRUPT_Init
 .text.XMC_CCU4_StartPrescaler
                0x08002b04       0x1c ./Dave/Generated/GLOBAL_CCU4/global_ccu4.o
 .text.GLOBAL_CCU4_Init
                0x08002b20       0x40 ./Dave/Generated/GLOBAL_CCU4/global_ccu4.o
                0x08002b20                GLOBAL_CCU4_Init
 .text.pxPortInitialiseStack
                0x08002b60       0x68 ./Dave/Generated/FREERTOS/portable/GCC/port.o
                0x08002b60                pxPortInitialiseStack
 .text.prvTaskExitError
                0x08002bc8       0x50 ./Dave/Generated/FREERTOS/portable/GCC/port.o
 *fill*         0x08002c18        0x8 
 .text.SVC_Handler
                0x08002c20       0x30 ./Dave/Generated/FREERTOS/portable/GCC/port.o
                0x08002c20                SVC_Handler
 .text.prvPortStartFirstTask
                0x08002c50       0x28 ./Dave/Generated/FREERTOS/portable/GCC/port.o
 .text.xPortStartScheduler
                0x08002c78      0x13c ./Dave/Generated/FREERTOS/portable/GCC/port.o
                0x08002c78                xPortStartScheduler
 .text.vPortEnterCritical
                0x08002db4       0x5c ./Dave/Generated/FREERTOS/portable/GCC/port.o
                0x08002db4                vPortEnterCritical
 .text.vPortExitCritical
                0x08002e10       0x4c ./Dave/Generated/FREERTOS/portable/GCC/port.o
                0x08002e10                vPortExitCritical
 *fill*         0x08002e5c        0x4 
 .text.PendSV_Handler
                0x08002e60       0x70 ./Dave/Generated/FREERTOS/portable/GCC/port.o
                0x08002e60                PendSV_Handler
 .text.SysTick_Handler
                0x08002ed0       0x40 ./Dave/Generated/FREERTOS/portable/GCC/port.o
                0x08002ed0                SysTick_Handler
 .text.vPortSetupTimerInterrupt
                0x08002f10       0x44 ./Dave/Generated/FREERTOS/portable/GCC/port.o
                0x08002f10                vPortSetupTimerInterrupt
 .text.vPortEnableVFP
                0x08002f54       0x14 ./Dave/Generated/FREERTOS/portable/GCC/port.o
 .text.vPortValidateInterruptPriority
                0x08002f68       0x78 ./Dave/Generated/FREERTOS/portable/GCC/port.o
                0x08002f68                vPortValidateInterruptPriority
 .text.pvPortMalloc
                0x08002fe0       0x24 ./Dave/Generated/FREERTOS/heap.o
                0x08002fe0                pvPortMalloc
 .text.vPortFree
                0x08003004       0x24 ./Dave/Generated/FREERTOS/heap.o
                0x08003004                vPortFree
 .text.vListInitialise
                0x08003028       0x40 ./Dave/Generated/FREERTOS/list.o
                0x08003028                vListInitialise
 .text.vListInitialiseItem
                0x08003068       0x18 ./Dave/Generated/FREERTOS/list.o
                0x08003068                vListInitialiseItem
 .text.vListInsertEnd
                0x08003080       0x48 ./Dave/Generated/FREERTOS/list.o
                0x08003080                vListInsertEnd
 .text.vListInsert
                0x080030c8       0x70 ./Dave/Generated/FREERTOS/list.o
                0x080030c8                vListInsert
 .text.uxListRemove
                0x08003138       0x54 ./Dave/Generated/FREERTOS/list.o
                0x08003138                uxListRemove
 .text.xQueueGenericReset
                0x0800318c       0xd0 ./Dave/Generated/FREERTOS/queue.o
                0x0800318c                xQueueGenericReset
 .text.xQueueGenericCreate
                0x0800325c       0x78 ./Dave/Generated/FREERTOS/queue.o
                0x0800325c                xQueueGenericCreate
 .text.prvInitialiseNewQueue
                0x080032d4       0x4c ./Dave/Generated/FREERTOS/queue.o
 .text.xQueueGenericSend
                0x08003320      0x23c ./Dave/Generated/FREERTOS/queue.o
                0x08003320                xQueueGenericSend
 .text.xQueueGenericSendFromISR
                0x0800355c      0x14c ./Dave/Generated/FREERTOS/queue.o
                0x0800355c                xQueueGenericSendFromISR
 .text.xQueueGiveFromISR
                0x080036a8      0x138 ./Dave/Generated/FREERTOS/queue.o
                0x080036a8                xQueueGiveFromISR
 .text.xQueueReceive
                0x080037e0      0x1c0 ./Dave/Generated/FREERTOS/queue.o
                0x080037e0                xQueueReceive
 .text.xQueueSemaphoreTake
                0x080039a0      0x214 ./Dave/Generated/FREERTOS/queue.o
                0x080039a0                xQueueSemaphoreTake
 .text.prvGetDisinheritPriorityAfterTimeout
                0x08003bb4       0x30 ./Dave/Generated/FREERTOS/queue.o
 .text.prvCopyDataToQueue
                0x08003be4       0xd8 ./Dave/Generated/FREERTOS/queue.o
 .text.prvCopyDataFromQueue
                0x08003cbc       0x4c ./Dave/Generated/FREERTOS/queue.o
 .text.prvUnlockQueue
                0x08003d08       0xc0 ./Dave/Generated/FREERTOS/queue.o
 .text.prvIsQueueEmpty
                0x08003dc8       0x2c ./Dave/Generated/FREERTOS/queue.o
 .text.prvIsQueueFull
                0x08003df4       0x30 ./Dave/Generated/FREERTOS/queue.o
 .text.vQueueAddToRegistry
                0x08003e24       0x50 ./Dave/Generated/FREERTOS/queue.o
                0x08003e24                vQueueAddToRegistry
 .text.vQueueWaitForMessageRestricted
                0x08003e74       0x6c ./Dave/Generated/FREERTOS/queue.o
                0x08003e74                vQueueWaitForMessageRestricted
 .text.prvNotifyQueueSetContainer
                0x08003ee0       0xb4 ./Dave/Generated/FREERTOS/queue.o
 .text.xTaskCreate
                0x08003f94       0x84 ./Dave/Generated/FREERTOS/tasks.o
                0x08003f94                xTaskCreate
 .text.prvInitialiseNewTask
                0x08004018      0x144 ./Dave/Generated/FREERTOS/tasks.o
 .text.prvAddNewTaskToReadyList
                0x0800415c       0xe0 ./Dave/Generated/FREERTOS/tasks.o
 .text.vTaskDelay
                0x0800423c       0x64 ./Dave/Generated/FREERTOS/tasks.o
                0x0800423c                vTaskDelay
 .text.vTaskStartScheduler
                0x080042a0       0x94 ./Dave/Generated/FREERTOS/tasks.o
                0x080042a0                vTaskStartScheduler
 .text.vTaskSuspendAll
                0x08004334       0x1c ./Dave/Generated/FREERTOS/tasks.o
                0x08004334                vTaskSuspendAll
 .text.xTaskResumeAll
                0x08004350      0x13c ./Dave/Generated/FREERTOS/tasks.o
                0x08004350                xTaskResumeAll
 .text.xTaskGetTickCount
                0x0800448c       0x20 ./Dave/Generated/FREERTOS/tasks.o
                0x0800448c                xTaskGetTickCount
 .text.xTaskIncrementTick
                0x080044ac      0x174 ./Dave/Generated/FREERTOS/tasks.o
                0x080044ac                xTaskIncrementTick
 .text.vTaskSwitchContext
                0x08004620       0xb4 ./Dave/Generated/FREERTOS/tasks.o
                0x08004620                vTaskSwitchContext
 .text.vTaskPlaceOnEventList
                0x080046d4       0x44 ./Dave/Generated/FREERTOS/tasks.o
                0x080046d4                vTaskPlaceOnEventList
 .text.vTaskPlaceOnEventListRestricted
                0x08004718       0x54 ./Dave/Generated/FREERTOS/tasks.o
                0x08004718                vTaskPlaceOnEventListRestricted
 .text.xTaskRemoveFromEventList
                0x0800476c       0xc8 ./Dave/Generated/FREERTOS/tasks.o
                0x0800476c                xTaskRemoveFromEventList
 .text.vTaskInternalSetTimeOutState
                0x08004834       0x2c ./Dave/Generated/FREERTOS/tasks.o
                0x08004834                vTaskInternalSetTimeOutState
 .text.xTaskCheckForTimeOut
                0x08004860       0xe0 ./Dave/Generated/FREERTOS/tasks.o
                0x08004860                xTaskCheckForTimeOut
 .text.vTaskMissedYield
                0x08004940       0x18 ./Dave/Generated/FREERTOS/tasks.o
                0x08004940                vTaskMissedYield
 .text.prvIdleTask
                0x08004958       0x30 ./Dave/Generated/FREERTOS/tasks.o
 .text.prvInitialiseTaskLists
                0x08004988       0x7c ./Dave/Generated/FREERTOS/tasks.o
 .text.prvCheckTasksWaitingTermination
                0x08004a04       0x58 ./Dave/Generated/FREERTOS/tasks.o
 .text.prvDeleteTCB
                0x08004a5c       0x20 ./Dave/Generated/FREERTOS/tasks.o
 .text.prvResetNextTaskUnblockTime
                0x08004a7c       0x40 ./Dave/Generated/FREERTOS/tasks.o
 .text.xTaskGetSchedulerState
                0x08004abc       0x3c ./Dave/Generated/FREERTOS/tasks.o
                0x08004abc                xTaskGetSchedulerState
 .text.xTaskPriorityInherit
                0x08004af8      0x104 ./Dave/Generated/FREERTOS/tasks.o
                0x08004af8                xTaskPriorityInherit
 .text.xTaskPriorityDisinherit
                0x08004bfc      0x10c ./Dave/Generated/FREERTOS/tasks.o
                0x08004bfc                xTaskPriorityDisinherit
 .text.vTaskPriorityDisinheritAfterTimeout
                0x08004d08      0x134 ./Dave/Generated/FREERTOS/tasks.o
                0x08004d08                vTaskPriorityDisinheritAfterTimeout
 .text.pvTaskIncrementMutexHeldCount
                0x08004e3c       0x28 ./Dave/Generated/FREERTOS/tasks.o
                0x08004e3c                pvTaskIncrementMutexHeldCount
 .text.prvAddCurrentTaskToDelayedList
                0x08004e64       0xd4 ./Dave/Generated/FREERTOS/tasks.o
 .text.xTimerCreateTimerTask
                0x08004f38       0x64 ./Dave/Generated/FREERTOS/timers.o
                0x08004f38                xTimerCreateTimerTask
 .text.xTimerGenericCommand
                0x08004f9c       0xa4 ./Dave/Generated/FREERTOS/timers.o
                0x08004f9c                xTimerGenericCommand
 .text.prvProcessExpiredTimer
                0x08005040       0x98 ./Dave/Generated/FREERTOS/timers.o
 .text.prvTimerTask
                0x080050d8       0x24 ./Dave/Generated/FREERTOS/timers.o
 .text.prvProcessTimerOrBlockTask
                0x080050fc       0x9c ./Dave/Generated/FREERTOS/timers.o
 .text.prvGetNextExpireTime
                0x08005198       0x48 ./Dave/Generated/FREERTOS/timers.o
 .text.prvSampleTimeNow
                0x080051e0       0x40 ./Dave/Generated/FREERTOS/timers.o
 .text.prvInsertTimerInActiveList
                0x08005220       0x84 ./Dave/Generated/FREERTOS/timers.o
 .text.prvProcessReceivedCommands
                0x080052a4      0x1c4 ./Dave/Generated/FREERTOS/timers.o
 .text.prvSwitchTimerLists
                0x08005468       0xc4 ./Dave/Generated/FREERTOS/timers.o
 .text.prvCheckForValidListAndQueue
                0x0800552c       0x6c ./Dave/Generated/FREERTOS/timers.o
 .text.DIGITAL_IO_Init
                0x08005598       0x40 ./Dave/Generated/DIGITAL_IO/digital_io.o
                0x08005598                DIGITAL_IO_Init
 .text.__NVIC_SetPriorityGrouping
                0x080055d8       0x48 ./Dave/Generated/CPU_CTRL_XMC4/cpu_ctrl_xmc4_conf.o
 .text.SystemCoreSetup
                0x08005620       0xa0 ./Dave/Generated/CPU_CTRL_XMC4/cpu_ctrl_xmc4_conf.o
                0x08005620                SystemCoreSetup
 .text.CLOCK_XMC4_Init
                0x080056c0       0x20 ./Dave/Generated/CLOCK_XMC4/clock_xmc4.o
                0x080056c0                CLOCK_XMC4_Init
 .text.OSCHP_GetFrequency
                0x080056e0       0x14 ./Dave/Generated/CLOCK_XMC4/clock_xmc4.o
                0x080056e0                OSCHP_GetFrequency
 .text.SystemCoreClockSetup
                0x080056f4       0x54 ./Dave/Generated/CLOCK_XMC4/clock_xmc4_conf.o
                0x080056f4                SystemCoreClockSetup
 .text.DAVE_Init
                0x08005748      0x164 ./Dave/Generated/DAVE.o
                0x08005748                DAVE_Init
 .text.XMC_GPIO_SetOutputHigh
                0x080058ac       0x20 ./main.o
 .text.XMC_GPIO_SetOutputLow
                0x080058cc       0x24 ./main.o
 .text.XMC_GPIO_GetInput
                0x080058f0       0x28 ./main.o
 .text.XMC_SPI_CH_SetBitOrderLsbFirst
                0x08005918       0x20 ./main.o
 .text.DIGITAL_IO_SetOutputHigh
                0x08005938       0x20 ./main.o
 .text.DIGITAL_IO_SetOutputLow
                0x08005958       0x20 ./main.o
 .text.PIN_INTERRUPT_GetPinValue
                0x08005978       0x24 ./main.o
 .text.FORWARD_Task
                0x0800599c       0x8c ./main.o
                0x0800599c                FORWARD_Task
 .text.BACKWARD_Task
                0x08005a28       0x8c ./main.o
                0x08005a28                BACKWARD_Task
 .text.LEFT_Task
                0x08005ab4       0x8c ./main.o
                0x08005ab4                LEFT_Task
 .text.RIGHT_Task
                0x08005b40       0x8c ./main.o
                0x08005b40                RIGHT_Task
 .text.OPEN_Task
                0x08005bcc       0x5c ./main.o
                0x08005bcc                OPEN_Task
 .text.CLOSE_Task
                0x08005c28       0x5c ./main.o
                0x08005c28                CLOSE_Task
 .text.LIFT_Task
                0x08005c84       0x5c ./main.o
                0x08005c84                LIFT_Task
 .text.ROTATE_Task
                0x08005ce0       0x7c ./main.o
                0x08005ce0                ROTATE_Task
 .text.main     0x08005d5c      0x1b8 ./main.o
                0x08005d5c                main
 .text.ERU0_1_IRQHandler
                0x08005f14       0x18 ./main.o
                0x08005f14                ERU0_1_IRQHandler
 .text.ERU0_0_IRQHandler
                0x08005f2c       0x18 ./main.o
                0x08005f2c                ERU0_0_IRQHandler
 .text.ERU0_2_IRQHandler
                0x08005f44       0x18 ./main.o
                0x08005f44                ERU0_2_IRQHandler
 .text.ERU1_2_IRQHandler
                0x08005f5c       0x18 ./main.o
                0x08005f5c                ERU1_2_IRQHandler
 .text.tle94112el_enable
                0x08005f74       0x10 ./main.o
 .text.tle94112el_disable
                0x08005f84       0x10 ./main.o
 .text.tle94112el_spi_transfer
                0x08005f94       0x4c ./main.o
 .text.__errno  0x08005fe0        0xc c:/users/forge-15r/dave-ide-4.4.2-64bit/eclipse/arm-gcc-49/bin/../lib/gcc/arm-none-eabi/4.9.3/../../../../arm-none-eabi/lib/armv7e-m/softfp\libg_nano.a(lib_a-errno.o)
                0x08005fe0                __errno
 .text.__libc_init_array
                0x08005fec       0x4c c:/users/forge-15r/dave-ide-4.4.2-64bit/eclipse/arm-gcc-49/bin/../lib/gcc/arm-none-eabi/4.9.3/../../../../arm-none-eabi/lib/armv7e-m/softfp\libg_nano.a(lib_a-init.o)
                0x08005fec                __libc_init_array
 .text.malloc   0x08006038       0x10 c:/users/forge-15r/dave-ide-4.4.2-64bit/eclipse/arm-gcc-49/bin/../lib/gcc/arm-none-eabi/4.9.3/../../../../arm-none-eabi/lib/armv7e-m/softfp\libg_nano.a(lib_a-malloc.o)
                0x08006038                malloc
 .text.free     0x08006048       0x10 c:/users/forge-15r/dave-ide-4.4.2-64bit/eclipse/arm-gcc-49/bin/../lib/gcc/arm-none-eabi/4.9.3/../../../../arm-none-eabi/lib/armv7e-m/softfp\libg_nano.a(lib_a-malloc.o)
                0x08006048                free
 .text.memcpy   0x08006058       0x16 c:/users/forge-15r/dave-ide-4.4.2-64bit/eclipse/arm-gcc-49/bin/../lib/gcc/arm-none-eabi/4.9.3/../../../../arm-none-eabi/lib/armv7e-m/softfp\libg_nano.a(lib_a-memcpy.o)
                0x08006058                memcpy
 .text.memset   0x0800606e       0x10 c:/users/forge-15r/dave-ide-4.4.2-64bit/eclipse/arm-gcc-49/bin/../lib/gcc/arm-none-eabi/4.9.3/../../../../arm-none-eabi/lib/armv7e-m/softfp\libg_nano.a(lib_a-memset.o)
                0x0800606e                memset
 *fill*         0x0800607e        0x2 
 .text._free_r  0x08006080       0x88 c:/users/forge-15r/dave-ide-4.4.2-64bit/eclipse/arm-gcc-49/bin/../lib/gcc/arm-none-eabi/4.9.3/../../../../arm-none-eabi/lib/armv7e-m/softfp\libg_nano.a(lib_a-nano-freer.o)
                0x08006080                _free_r
 .text._malloc_r
                0x08006108       0xac c:/users/forge-15r/dave-ide-4.4.2-64bit/eclipse/arm-gcc-49/bin/../lib/gcc/arm-none-eabi/4.9.3/../../../../arm-none-eabi/lib/armv7e-m/softfp\libg_nano.a(lib_a-nano-mallocr.o)
                0x08006108                _malloc_r
 .text._sbrk_r  0x080061b4       0x20 c:/users/forge-15r/dave-ide-4.4.2-64bit/eclipse/arm-gcc-49/bin/../lib/gcc/arm-none-eabi/4.9.3/../../../../arm-none-eabi/lib/armv7e-m/softfp\libg_nano.a(lib_a-sbrkr.o)
                0x080061b4                _sbrk_r
 *(.init)
 *(.fini)
 *crtbegin.o(.ctors)
 *crtbegin?.o(.ctors)
 *(EXCLUDE_FILE(*crtend.o *crtend?.o) .ctors)
 *(SORT(.ctors.*))
 *(.ctors)
 *crtbegin.o(.dtors)
 *crtbegin?.o(.dtors)
 *(EXCLUDE_FILE(*crtend.o *crtend?.o) .dtors)
 *(SORT(.dtors.*))
 *(.dtors)
 *(.rodata .rodata.*)
 .rodata.SPI_MASTER_0_MOSI
                0x080061d4        0x8 ./Dave/Generated/SPI_MASTER/spi_master_conf.o
                0x080061d4                SPI_MASTER_0_MOSI
 .rodata.SPI_MASTER_0_MISO
                0x080061dc        0x8 ./Dave/Generated/SPI_MASTER/spi_master_conf.o
                0x080061dc                SPI_MASTER_0_MISO
 .rodata.SPI_MASTER_0_SCLKOUT
                0x080061e4        0x8 ./Dave/Generated/SPI_MASTER/spi_master_conf.o
                0x080061e4                SPI_MASTER_0_SCLKOUT
 .rodata.SPI_MASTER_0_SCLKOUT_Config
                0x080061ec       0x14 ./Dave/Generated/SPI_MASTER/spi_master_conf.o
                0x080061ec                SPI_MASTER_0_SCLKOUT_Config
 .rodata.SPI_MASTER_0_SS_0
                0x08006200        0x8 ./Dave/Generated/SPI_MASTER/spi_master_conf.o
                0x08006200                SPI_MASTER_0_SS_0
 .rodata.SPI_MASTER_0_SS_0_Config
                0x08006208       0x14 ./Dave/Generated/SPI_MASTER/spi_master_conf.o
                0x08006208                SPI_MASTER_0_SS_0_Config
 .rodata.SPI_MASTER_0_Config
                0x0800621c       0x8c ./Dave/Generated/SPI_MASTER/spi_master_conf.o
                0x0800621c                SPI_MASTER_0_Config
 .rodata.PWM_CLAMP_compare_config
                0x080062a8        0x8 ./Dave/Generated/PWM/pwm_conf.o
                0x080062a8                PWM_CLAMP_compare_config
 .rodata.PWM_CLAMP_gpio_out_config
                0x080062b0        0xc ./Dave/Generated/PWM/pwm_conf.o
                0x080062b0                PWM_CLAMP_gpio_out_config
 .rodata.PWM_LIFT_compare_config
                0x080062bc        0x8 ./Dave/Generated/PWM/pwm_conf.o
                0x080062bc                PWM_LIFT_compare_config
 .rodata.PWM_LIFT_gpio_out_config
                0x080062c4        0xc ./Dave/Generated/PWM/pwm_conf.o
                0x080062c4                PWM_LIFT_gpio_out_config
 .rodata.PWM_ROTATE_compare_config
                0x080062d0        0x8 ./Dave/Generated/PWM/pwm_conf.o
                0x080062d0                PWM_ROTATE_compare_config
 .rodata.PWM_ROTATE_gpio_out_config
                0x080062d8        0xc ./Dave/Generated/PWM/pwm_conf.o
                0x080062d8                PWM_ROTATE_gpio_out_config
 .rodata.FORWARD_INTERRUPT
                0x080062e4       0x24 ./Dave/Generated/PIN_INTERRUPT/pin_interrupt_conf.o
                0x080062e4                FORWARD_INTERRUPT
 .rodata.BACKWARD_INTERRUPT
                0x08006308       0x24 ./Dave/Generated/PIN_INTERRUPT/pin_interrupt_conf.o
                0x08006308                BACKWARD_INTERRUPT
 .rodata.LEFT_INTERRUPT
                0x0800632c       0x24 ./Dave/Generated/PIN_INTERRUPT/pin_interrupt_conf.o
                0x0800632c                LEFT_INTERRUPT
 .rodata.RIGHT_INTERRUPT
                0x08006350       0x24 ./Dave/Generated/PIN_INTERRUPT/pin_interrupt_conf.o
                0x08006350                RIGHT_INTERRUPT
 .rodata.LIFT_INTERRUPT
                0x08006374       0x24 ./Dave/Generated/PIN_INTERRUPT/pin_interrupt_conf.o
                0x08006374                LIFT_INTERRUPT
 .rodata.OPEN_INTERRUPT
                0x08006398       0x24 ./Dave/Generated/PIN_INTERRUPT/pin_interrupt_conf.o
                0x08006398                OPEN_INTERRUPT
 .rodata.CLOSE_INTERRUPT
                0x080063bc       0x24 ./Dave/Generated/PIN_INTERRUPT/pin_interrupt_conf.o
                0x080063bc                CLOSE_INTERRUPT
 .rodata.ROTATE_INTERRUPT
                0x080063e0       0x24 ./Dave/Generated/PIN_INTERRUPT/pin_interrupt_conf.o
                0x080063e0                ROTATE_INTERRUPT
 .rodata        0x08006404       0x18 ./Dave/Generated/FREERTOS/tasks.o
 .rodata        0x0800641c       0x10 ./Dave/Generated/FREERTOS/timers.o
 .rodata.TLE94112_ENABLE
                0x0800642c       0x14 ./Dave/Generated/DIGITAL_IO/digital_io_conf.o
                0x0800642c                TLE94112_ENABLE
 .rodata.TLE94112_CS
                0x08006440       0x14 ./Dave/Generated/DIGITAL_IO/digital_io_conf.o
                0x08006440                TLE94112_CS
 .rodata.RED_LED
                0x08006454       0x14 ./Dave/Generated/DIGITAL_IO/digital_io_conf.o
                0x08006454                RED_LED
 .rodata.GREEN_LED
                0x08006468       0x14 ./Dave/Generated/DIGITAL_IO/digital_io_conf.o
                0x08006468                GREEN_LED
 .rodata        0x0800647c       0x14 ./Dave/Generated/CLOCK_XMC4/clock_xmc4_conf.o
 .rodata.TLE94112EL_0
                0x08006490        0xc ./main.o
 .rodata        0x0800649c       0x24 ./main.o
 .rodata.str1.1
                0x080064c0        0x2 c:/users/forge-15r/dave-ide-4.4.2-64bit/eclipse/arm-gcc-49/bin/../lib/gcc/arm-none-eabi/4.9.3/../../../../arm-none-eabi/lib/armv7e-m/softfp\libg_nano.a(lib_a-impure.o)
 *(.gnu.linkonce.r*)
 *(vtable)
                0x080064c4                . = ALIGN (0x4)
 *fill*         0x080064c2        0x2 

.glue_7         0x080064c4        0x0 load address 0x0c0064c4
 .glue_7        0x00000000        0x0 linker stubs

.glue_7t        0x080064c4        0x0 load address 0x0c0064c4
 .glue_7t       0x00000000        0x0 linker stubs

.vfp11_veneer   0x080064c4        0x0 load address 0x0c0064c4
 .vfp11_veneer  0x00000000        0x0 linker stubs

.v4_bx          0x080064c4        0x0 load address 0x0c0064c4
 .v4_bx         0x00000000        0x0 linker stubs

.iplt           0x080064c4        0x0 load address 0x0c0064c4
 .iplt          0x00000000        0x0 ./ext_lib/base.o

.rel.dyn        0x080064c4        0x0 load address 0x0c0064c4
 .rel.iplt      0x00000000        0x0 ./ext_lib/base.o

.eh_frame_hdr
 *(.eh_frame_hdr)

.eh_frame
 *(.eh_frame)

.ARM.extab
 *(.ARM.extab* .gnu.linkonce.armextab.*)
                0x080064c4                . = ALIGN (0x4)
                0x080064c4                __exidx_start = .

.ARM.exidx
 *(.ARM.exidx* .gnu.linkonce.armexidx.*)
                0x080064c4                __exidx_end = .
                0x080064c4                . = ALIGN (0x4)

Stack           0x1ffe8000      0x800
                0x1ffe8000                __stack_start = .
                0x1ffe8800                . = (. + stack_size)
 *fill*         0x1ffe8000      0x800 
                0x1ffe8800                __stack_end = .
                0x1ffe8800                __initial_sp = .

.ram_code       0x1ffe8800        0x0 load address 0x0c0064c4
                0x1ffe8800                . = ALIGN (0x4)
                0x1ffe8800                __ram_code_start = .
 *(.ram_code)
                0x1ffe8800                . = ALIGN (0x4)
                0x1ffe8800                __ram_code_end = .
                0x0c0064c4                __ram_code_load = LOADADDR (.ram_code)
                0x00000000                __ram_code_size = (__ram_code_end - __ram_code_start)

.data           0x1ffe8800      0x184 load address 0x0c0064c4
                0x1ffe8800                . = ALIGN (0x4)
                0x1ffe8800                __data_start = .
 *(.data)
 *(.data*)
 .data.SPI_MASTER_0_MOSI_Config
                0x1ffe8800       0x14 ./Dave/Generated/SPI_MASTER/spi_master_conf.o
                0x1ffe8800                SPI_MASTER_0_MOSI_Config
 .data.SPI_MASTER_0_Channel_Config
                0x1ffe8814        0xc ./Dave/Generated/SPI_MASTER/spi_master_conf.o
                0x1ffe8814                SPI_MASTER_0_Channel_Config
 .data.SPI_MASTER_0_runtime
                0x1ffe8820       0x24 ./Dave/Generated/SPI_MASTER/spi_master_conf.o
                0x1ffe8820                SPI_MASTER_0_runtime
 .data.SPI_MASTER_0
                0x1ffe8844        0xc ./Dave/Generated/SPI_MASTER/spi_master_conf.o
                0x1ffe8844                SPI_MASTER_0
 .data.PWM_CLAMP
                0x1ffe8850       0x34 ./Dave/Generated/PWM/pwm_conf.o
                0x1ffe8850                PWM_CLAMP
 .data.PWM_LIFT
                0x1ffe8884       0x34 ./Dave/Generated/PWM/pwm_conf.o
                0x1ffe8884                PWM_LIFT
 .data.PWM_ROTATE
                0x1ffe88b8       0x34 ./Dave/Generated/PWM/pwm_conf.o
                0x1ffe88b8                PWM_ROTATE
 .data.GLOBAL_CCU4_0
                0x1ffe88ec       0x10 ./Dave/Generated/GLOBAL_CCU4/global_ccu4_conf.o
                0x1ffe88ec                GLOBAL_CCU4_0
 .data.GLOBAL_CCU4_1
                0x1ffe88fc       0x10 ./Dave/Generated/GLOBAL_CCU4/global_ccu4_conf.o
                0x1ffe88fc                GLOBAL_CCU4_1
 .data.GLOBAL_CCU4_2
                0x1ffe890c       0x10 ./Dave/Generated/GLOBAL_CCU4/global_ccu4_conf.o
                0x1ffe890c                GLOBAL_CCU4_2
 .data.uxCriticalNesting
                0x1ffe891c        0x4 ./Dave/Generated/FREERTOS/portable/GCC/port.o
 .data.impure_data
                0x1ffe8920       0x60 c:/users/forge-15r/dave-ide-4.4.2-64bit/eclipse/arm-gcc-49/bin/../lib/gcc/arm-none-eabi/4.9.3/../../../../arm-none-eabi/lib/armv7e-m/softfp\libg_nano.a(lib_a-impure.o)
 .data._impure_ptr
                0x1ffe8980        0x4 c:/users/forge-15r/dave-ide-4.4.2-64bit/eclipse/arm-gcc-49/bin/../lib/gcc/arm-none-eabi/4.9.3/../../../../arm-none-eabi/lib/armv7e-m/softfp\libg_nano.a(lib_a-impure.o)
                0x1ffe8980                _impure_ptr
 *(*.data)
 *(.gnu.linkonce.d*)
                0x1ffe8984                . = ALIGN (0x4)
                0x1ffe8984                PROVIDE (__preinit_array_start, .)
 *(.preinit_array)
                0x1ffe8984                PROVIDE (__preinit_array_end, .)
                0x1ffe8984                . = ALIGN (0x4)
                0x1ffe8984                PROVIDE (__init_array_start, .)
 *(SORT(.init_array.*))
 *(.init_array)
                0x1ffe8984                PROVIDE (__init_array_end, .)
                0x1ffe8984                . = ALIGN (0x4)
                0x1ffe8984                PROVIDE (__fini_array_start, .)
 *(SORT(.fini_array.*))
 *(.fini_array)
                0x1ffe8984                PROVIDE (__fini_array_end, .)
                0x1ffe8984                . = ALIGN (0x4)
                0x1ffe8984                __data_end = .
                0x0c0064c4                __data_load = LOADADDR (.data)
                0x00000184                __data_size = (__data_end - __data_start)
                0x00006648                __text_size = (((__exidx_end - sText) + __data_size) + __ram_code_size)
                0x08006648                eText = (sText + __text_size)

.igot.plt       0x1ffe8984        0x0 load address 0x0c006648
 .igot.plt      0x00000000        0x0 ./ext_lib/base.o

.bss            0x1ffe8984      0x1f4 load address 0x0c006648
                0x1ffe8984                . = ALIGN (0x4)
                0x1ffe8984                __bss_start = .
 *(.bss)
 *(.bss*)
 .bss.heap_ptr.4331
                0x1ffe8984        0x4 ./Libraries/Newlib/syscalls.o
 .bss.SPI_MASTER_0_MISO_Config
                0x1ffe8988       0x14 ./Dave/Generated/SPI_MASTER/spi_master_conf.o
                0x1ffe8988                SPI_MASTER_0_MISO_Config
 .bss.ucMaxSysCallPriority
                0x1ffe899c        0x1 ./Dave/Generated/FREERTOS/portable/GCC/port.o
 *fill*         0x1ffe899d        0x3 
 .bss.ulMaxPRIGROUPValue
                0x1ffe89a0        0x4 ./Dave/Generated/FREERTOS/portable/GCC/port.o
 .bss.pxCurrentTCB
                0x1ffe89a4        0x4 ./Dave/Generated/FREERTOS/tasks.o
                0x1ffe89a4                pxCurrentTCB
 .bss.pxReadyTasksLists
                0x1ffe89a8       0x64 ./Dave/Generated/FREERTOS/tasks.o
 .bss.xDelayedTaskList1
                0x1ffe8a0c       0x14 ./Dave/Generated/FREERTOS/tasks.o
 .bss.xDelayedTaskList2
                0x1ffe8a20       0x14 ./Dave/Generated/FREERTOS/tasks.o
 .bss.pxDelayedTaskList
                0x1ffe8a34        0x4 ./Dave/Generated/FREERTOS/tasks.o
 .bss.pxOverflowDelayedTaskList
                0x1ffe8a38        0x4 ./Dave/Generated/FREERTOS/tasks.o
 .bss.xPendingReadyList
                0x1ffe8a3c       0x14 ./Dave/Generated/FREERTOS/tasks.o
 .bss.xTasksWaitingTermination
                0x1ffe8a50       0x14 ./Dave/Generated/FREERTOS/tasks.o
 .bss.uxDeletedTasksWaitingCleanUp
                0x1ffe8a64        0x4 ./Dave/Generated/FREERTOS/tasks.o
 .bss.xSuspendedTaskList
                0x1ffe8a68       0x14 ./Dave/Generated/FREERTOS/tasks.o
 .bss.uxCurrentNumberOfTasks
                0x1ffe8a7c        0x4 ./Dave/Generated/FREERTOS/tasks.o
 .bss.xTickCount
                0x1ffe8a80        0x4 ./Dave/Generated/FREERTOS/tasks.o
 .bss.uxTopReadyPriority
                0x1ffe8a84        0x4 ./Dave/Generated/FREERTOS/tasks.o
 .bss.xSchedulerRunning
                0x1ffe8a88        0x4 ./Dave/Generated/FREERTOS/tasks.o
 .bss.uxPendedTicks
                0x1ffe8a8c        0x4 ./Dave/Generated/FREERTOS/tasks.o
 .bss.xYieldPending
                0x1ffe8a90        0x4 ./Dave/Generated/FREERTOS/tasks.o
 .bss.xNumOfOverflows
                0x1ffe8a94        0x4 ./Dave/Generated/FREERTOS/tasks.o
 .bss.uxTaskNumber
                0x1ffe8a98        0x4 ./Dave/Generated/FREERTOS/tasks.o
 .bss.xNextTaskUnblockTime
                0x1ffe8a9c        0x4 ./Dave/Generated/FREERTOS/tasks.o
 .bss.xIdleTaskHandle
                0x1ffe8aa0        0x4 ./Dave/Generated/FREERTOS/tasks.o
 .bss.uxSchedulerSuspended
                0x1ffe8aa4        0x4 ./Dave/Generated/FREERTOS/tasks.o
 .bss.xActiveTimerList1
                0x1ffe8aa8       0x14 ./Dave/Generated/FREERTOS/timers.o
 .bss.xActiveTimerList2
                0x1ffe8abc       0x14 ./Dave/Generated/FREERTOS/timers.o
 .bss.pxCurrentTimerList
                0x1ffe8ad0        0x4 ./Dave/Generated/FREERTOS/timers.o
 .bss.pxOverflowTimerList
                0x1ffe8ad4        0x4 ./Dave/Generated/FREERTOS/timers.o
 .bss.xTimerQueue
                0x1ffe8ad8        0x4 ./Dave/Generated/FREERTOS/timers.o
 .bss.xTimerTaskHandle
                0x1ffe8adc        0x4 ./Dave/Generated/FREERTOS/timers.o
 .bss.xLastTime.7837
                0x1ffe8ae0        0x4 ./Dave/Generated/FREERTOS/timers.o
 .bss.CLOCK_XMC4_0
                0x1ffe8ae4        0x4 ./Dave/Generated/CLOCK_XMC4/clock_xmc4_conf.o
                0x1ffe8ae4                CLOCK_XMC4_0
 .bss.FORWARD_Handle
                0x1ffe8ae8        0x4 ./main.o
                0x1ffe8ae8                FORWARD_Handle
 .bss.BACKWARD_Handle
                0x1ffe8aec        0x4 ./main.o
                0x1ffe8aec                BACKWARD_Handle
 .bss.LEFT_Handle
                0x1ffe8af0        0x4 ./main.o
                0x1ffe8af0                LEFT_Handle
 .bss.RIGHT_Handle
                0x1ffe8af4        0x4 ./main.o
                0x1ffe8af4                RIGHT_Handle
 .bss.OPEN_Handle
                0x1ffe8af8        0x4 ./main.o
                0x1ffe8af8                OPEN_Handle
 .bss.CLOSE_Handle
                0x1ffe8afc        0x4 ./main.o
                0x1ffe8afc                CLOSE_Handle
 .bss.LIFT_Handle
                0x1ffe8b00        0x4 ./main.o
                0x1ffe8b00                LIFT_Handle
 .bss.ROTATE_Handle
                0x1ffe8b04        0x4 ./main.o
                0x1ffe8b04                ROTATE_Handle
 .bss.__malloc_sbrk_start
                0x1ffe8b08        0x4 c:/users/forge-15r/dave-ide-4.4.2-64bit/eclipse/arm-gcc-49/bin/../lib/gcc/arm-none-eabi/4.9.3/../../../../arm-none-eabi/lib/armv7e-m/softfp\libg_nano.a(lib_a-nano-mallocr.o)
                0x1ffe8b08                __malloc_sbrk_start
 .bss.__malloc_free_list
                0x1ffe8b0c        0x4 c:/users/forge-15r/dave-ide-4.4.2-64bit/eclipse/arm-gcc-49/bin/../lib/gcc/arm-none-eabi/4.9.3/../../../../arm-none-eabi/lib/armv7e-m/softfp\libg_nano.a(lib_a-nano-mallocr.o)
                0x1ffe8b0c                __malloc_free_list
 *(COMMON)
 COMMON         0x1ffe8b10       0x40 ./Dave/Generated/FREERTOS/queue.o
                0x1ffe8b10                xQueueRegistry
 COMMON         0x1ffe8b50       0x24 ./main.o
                0x1ffe8b50                BACKWARD_interruptSemaphore
                0x1ffe8b54                LIFT_interruptSemaphore
                0x1ffe8b58                ROTATE_interruptSemaphore
                0x1ffe8b5c                LEFT_interruptSemaphore
                0x1ffe8b60                OPEN_interruptSemaphore
                0x1ffe8b64                RIGHT_interruptSemaphore
                0x1ffe8b68                pin_status
                0x1ffe8b6c                FORWARD_interruptSemaphore
                0x1ffe8b70                CLOSE_interruptSemaphore
 COMMON         0x1ffe8b74        0x4 c:/users/forge-15r/dave-ide-4.4.2-64bit/eclipse/arm-gcc-49/bin/../lib/gcc/arm-none-eabi/4.9.3/../../../../arm-none-eabi/lib/armv7e-m/softfp\libg_nano.a(lib_a-reent.o)
                0x1ffe8b74                errno
 *(.gnu.linkonce.b*)
                0x1ffe8b78                . = ALIGN (0x4)
                0x1ffe8b78                __bss_end = .
                0x000001f4                __bss_size = (__bss_end - __bss_start)
                0x00017488                __shift_loc = (__bss_end >= ORIGIN (DSRAM_1_system))?0x0:(ORIGIN (DSRAM_1_system) - __bss_end)

USB_RAM         0x20000000        0x0
                0x20000000                . = ALIGN (0x4)
                0x20000000                USB_RAM_start = .
 *(USB_RAM)
                0x20000000                . = ALIGN (0x4)
                0x20000000                USB_RAM_end = .
                0x00000000                USB_RAM_size = (USB_RAM_end - USB_RAM_start)

ETH_RAM         0x20000000        0x0
                0x20000000                . = ALIGN (0x4)
                0x20000000                ETH_RAM_start = .
 *(ETH_RAM)
                0x20000000                . = ALIGN (0x4)
                0x20000000                ETH_RAM_end = .
                0x20000000                . = ALIGN (0x8)
                0x20000000                Heap_Bank1_Start = .
                0x00000000                ETH_RAM_size = (ETH_RAM_end - ETH_RAM_start)

.no_init        0x2003ffc0       0x14
                0x2003ffc0                Heap_Bank1_End = .
 *(.no_init)
 .no_init       0x2003ffc0       0x14 ./Startup/system_XMC4700.o
                0x2003ffc0                SystemCoreClock
                0x2003ffc4                g_chipid
                0x0003ffc0                Heap_Bank1_Size = (Heap_Bank1_End - Heap_Bank1_Start)
                0x00000001                ASSERT ((Heap_Bank1_Start <= Heap_Bank1_End), region SRAM_combined overflowed no_init section)

/DISCARD/
 *(.comment)

.stab
 *(.stab)

.stabstr
 *(.stabstr)

.debug
 *(.debug)

.line
 *(.line)

.debug_srcinfo
 *(.debug_srcinfo)

.debug_sfnames
 *(.debug_sfnames)

.debug_aranges  0x00000000     0x13e8
 *(.debug_aranges)
 .debug_aranges
                0x00000000       0x20 ./ext_lib/base.o
 .debug_aranges
                0x00000020       0xa0 ./ext_lib/tle94112el.o
 .debug_aranges
                0x000000c0       0x20 ./Startup/startup_XMC4700.o
 .debug_aranges
                0x000000e0       0x48 ./Startup/system_XMC4700.o
 .debug_aranges
                0x00000128       0x28 ./Libraries/XMCLib/src/xmc4_eru.o
 .debug_aranges
                0x00000150       0x28 ./Libraries/XMCLib/src/xmc4_gpio.o
 .debug_aranges
                0x00000178      0x3e0 ./Libraries/XMCLib/src/xmc4_scu.o
 .debug_aranges
                0x00000558      0x138 ./Libraries/XMCLib/src/xmc_ccu4.o
 .debug_aranges
                0x00000690       0x88 ./Libraries/XMCLib/src/xmc_eru.o
 .debug_aranges
                0x00000718       0x28 ./Libraries/XMCLib/src/xmc_gpio.o
 .debug_aranges
                0x00000740       0x88 ./Libraries/XMCLib/src/xmc_spi.o
 .debug_aranges
                0x000007c8       0xb0 ./Libraries/XMCLib/src/xmc_usic.o
 .debug_aranges
                0x00000878       0x28 ./Libraries/Newlib/syscalls.o
 .debug_aranges
                0x000008a0      0x180 ./Dave/Generated/SPI_MASTER/spi_master.o
 .debug_aranges
                0x00000a20       0xa8 ./Dave/Generated/SPI_MASTER/spi_master_conf.o
 .debug_aranges
                0x00000ac8      0x110 ./Dave/Generated/PWM/pwm.o
 .debug_aranges
                0x00000bd8       0x18 ./Dave/Generated/PWM/pwm_conf.o
 .debug_aranges
                0x00000bf0       0x60 ./Dave/Generated/PIN_INTERRUPT/pin_interrupt.o
 .debug_aranges
                0x00000c50       0x18 ./Dave/Generated/PIN_INTERRUPT/pin_interrupt_conf.o
 .debug_aranges
                0x00000c68       0x30 ./Dave/Generated/GLOBAL_CCU4/global_ccu4.o
 .debug_aranges
                0x00000c98       0x18 ./Dave/Generated/GLOBAL_CCU4/global_ccu4_conf.o
 .debug_aranges
                0x00000cb0       0x80 ./Dave/Generated/FREERTOS/portable/GCC/port.o
 .debug_aranges
                0x00000d30       0x28 ./Dave/Generated/FREERTOS/heap.o
 .debug_aranges
                0x00000d58       0x40 ./Dave/Generated/FREERTOS/list.o
 .debug_aranges
                0x00000d98      0x170 ./Dave/Generated/FREERTOS/queue.o
 .debug_aranges
                0x00000f08      0x230 ./Dave/Generated/FREERTOS/tasks.o
 .debug_aranges
                0x00001138       0xe0 ./Dave/Generated/FREERTOS/timers.o
 .debug_aranges
                0x00001218       0x28 ./Dave/Generated/DIGITAL_IO/digital_io.o
 .debug_aranges
                0x00001240       0x18 ./Dave/Generated/DIGITAL_IO/digital_io_conf.o
 .debug_aranges
                0x00001258       0x28 ./Dave/Generated/CPU_CTRL_XMC4/cpu_ctrl_xmc4_conf.o
 .debug_aranges
                0x00001280       0x38 ./Dave/Generated/CLOCK_XMC4/clock_xmc4.o
 .debug_aranges
                0x000012b8       0x20 ./Dave/Generated/CLOCK_XMC4/clock_xmc4_conf.o
 .debug_aranges
                0x000012d8       0x20 ./Dave/Generated/DAVE.o
 .debug_aranges
                0x000012f8       0xf0 ./main.o

.debug_pubnames
 *(.debug_pubnames)

.debug_pubtypes
 *(.debug_pubtypes)

.debug_info     0x00000000    0x1ba79
 *(.debug_info .gnu.linkonce.wi.*)
 .debug_info    0x00000000      0x1a1 ./ext_lib/base.o
 .debug_info    0x000001a1      0x753 ./ext_lib/tle94112el.o
 .debug_info    0x000008f4       0x81 ./Startup/startup_XMC4700.o
 .debug_info    0x00000975      0x9dc ./Startup/system_XMC4700.o
 .debug_info    0x00001351      0x654 ./Libraries/XMCLib/src/xmc4_eru.o
 .debug_info    0x000019a5      0x4db ./Libraries/XMCLib/src/xmc4_gpio.o
 .debug_info    0x00001e80     0x2423 ./Libraries/XMCLib/src/xmc4_scu.o
 .debug_info    0x000042a3     0x1796 ./Libraries/XMCLib/src/xmc_ccu4.o
 .debug_info    0x00005a39      0xb68 ./Libraries/XMCLib/src/xmc_eru.o
 .debug_info    0x000065a1      0x456 ./Libraries/XMCLib/src/xmc_gpio.o
 .debug_info    0x000069f7      0xb4f ./Libraries/XMCLib/src/xmc_spi.o
 .debug_info    0x00007546      0xec7 ./Libraries/XMCLib/src/xmc_usic.o
 .debug_info    0x0000840d      0x11f ./Libraries/Newlib/syscalls.o
 .debug_info    0x0000852c     0x1d3e ./Dave/Generated/SPI_MASTER/spi_master.o
 .debug_info    0x0000a26a     0x1a98 ./Dave/Generated/SPI_MASTER/spi_master_conf.o
 .debug_info    0x0000bd02     0x147a ./Dave/Generated/PWM/pwm.o
 .debug_info    0x0000d17c      0xce0 ./Dave/Generated/PWM/pwm_conf.o
 .debug_info    0x0000de5c     0x10fc ./Dave/Generated/PIN_INTERRUPT/pin_interrupt.o
 .debug_info    0x0000ef58      0xcd9 ./Dave/Generated/PIN_INTERRUPT/pin_interrupt_conf.o
 .debug_info    0x0000fc31      0x43a ./Dave/Generated/GLOBAL_CCU4/global_ccu4.o
 .debug_info    0x0001006b      0x35e ./Dave/Generated/GLOBAL_CCU4/global_ccu4_conf.o
 .debug_info    0x000103c9      0x653 ./Dave/Generated/FREERTOS/portable/GCC/port.o
 .debug_info    0x00010a1c      0x1e6 ./Dave/Generated/FREERTOS/heap.o
 .debug_info    0x00010c02      0x3c1 ./Dave/Generated/FREERTOS/list.o
 .debug_info    0x00010fc3     0x1c0a ./Dave/Generated/FREERTOS/queue.o
 .debug_info    0x00012bcd     0x250d ./Dave/Generated/FREERTOS/tasks.o
 .debug_info    0x000150da      0xf9f ./Dave/Generated/FREERTOS/timers.o
 .debug_info    0x00016079      0x595 ./Dave/Generated/DIGITAL_IO/digital_io.o
 .debug_info    0x0001660e      0x506 ./Dave/Generated/DIGITAL_IO/digital_io_conf.o
 .debug_info    0x00016b14      0x52e ./Dave/Generated/CPU_CTRL_XMC4/cpu_ctrl_xmc4_conf.o
 .debug_info    0x00017042      0x2dd ./Dave/Generated/CLOCK_XMC4/clock_xmc4.o
 .debug_info    0x0001731f      0x43e ./Dave/Generated/CLOCK_XMC4/clock_xmc4_conf.o
 .debug_info    0x0001775d     0x1e1f ./Dave/Generated/DAVE.o
 .debug_info    0x0001957c     0x24fd ./main.o

.debug_abbrev   0x00000000     0x3d3a
 *(.debug_abbrev)
 .debug_abbrev  0x00000000       0xcc ./ext_lib/base.o
 .debug_abbrev  0x000000cc      0x152 ./ext_lib/tle94112el.o
 .debug_abbrev  0x0000021e       0x14 ./Startup/startup_XMC4700.o
 .debug_abbrev  0x00000232      0x1f1 ./Startup/system_XMC4700.o
 .debug_abbrev  0x00000423      0x171 ./Libraries/XMCLib/src/xmc4_eru.o
 .debug_abbrev  0x00000594      0x153 ./Libraries/XMCLib/src/xmc4_gpio.o
 .debug_abbrev  0x000006e7      0x2bf ./Libraries/XMCLib/src/xmc4_scu.o
 .debug_abbrev  0x000009a6      0x232 ./Libraries/XMCLib/src/xmc_ccu4.o
 .debug_abbrev  0x00000bd8      0x22f ./Libraries/XMCLib/src/xmc_eru.o
 .debug_abbrev  0x00000e07      0x144 ./Libraries/XMCLib/src/xmc_gpio.o
 .debug_abbrev  0x00000f4b      0x279 ./Libraries/XMCLib/src/xmc_spi.o
 .debug_abbrev  0x000011c4      0x24c ./Libraries/XMCLib/src/xmc_usic.o
 .debug_abbrev  0x00001410       0xbd ./Libraries/Newlib/syscalls.o
 .debug_abbrev  0x000014cd      0x287 ./Dave/Generated/SPI_MASTER/spi_master.o
 .debug_abbrev  0x00001754      0x27b ./Dave/Generated/SPI_MASTER/spi_master_conf.o
 .debug_abbrev  0x000019cf      0x286 ./Dave/Generated/PWM/pwm.o
 .debug_abbrev  0x00001c55      0x19b ./Dave/Generated/PWM/pwm_conf.o
 .debug_abbrev  0x00001df0      0x293 ./Dave/Generated/PIN_INTERRUPT/pin_interrupt.o
 .debug_abbrev  0x00002083      0x1b2 ./Dave/Generated/PIN_INTERRUPT/pin_interrupt_conf.o
 .debug_abbrev  0x00002235      0x196 ./Dave/Generated/GLOBAL_CCU4/global_ccu4.o
 .debug_abbrev  0x000023cb      0x124 ./Dave/Generated/GLOBAL_CCU4/global_ccu4_conf.o
 .debug_abbrev  0x000024ef      0x254 ./Dave/Generated/FREERTOS/portable/GCC/port.o
 .debug_abbrev  0x00002743      0x112 ./Dave/Generated/FREERTOS/heap.o
 .debug_abbrev  0x00002855      0x112 ./Dave/Generated/FREERTOS/list.o
 .debug_abbrev  0x00002967      0x29d ./Dave/Generated/FREERTOS/queue.o
 .debug_abbrev  0x00002c04      0x2d6 ./Dave/Generated/FREERTOS/tasks.o
 .debug_abbrev  0x00002eda      0x263 ./Dave/Generated/FREERTOS/timers.o
 .debug_abbrev  0x0000313d      0x171 ./Dave/Generated/DIGITAL_IO/digital_io.o
 .debug_abbrev  0x000032ae      0x126 ./Dave/Generated/DIGITAL_IO/digital_io_conf.o
 .debug_abbrev  0x000033d4      0x1b4 ./Dave/Generated/CPU_CTRL_XMC4/cpu_ctrl_xmc4_conf.o
 .debug_abbrev  0x00003588      0x13d ./Dave/Generated/CLOCK_XMC4/clock_xmc4.o
 .debug_abbrev  0x000036c5      0x134 ./Dave/Generated/CLOCK_XMC4/clock_xmc4_conf.o
 .debug_abbrev  0x000037f9      0x209 ./Dave/Generated/DAVE.o
 .debug_abbrev  0x00003a02      0x338 ./main.o

.debug_line     0x00000000     0x9665
 *(.debug_line)
 .debug_line    0x00000000      0x12b ./ext_lib/base.o
 .debug_line    0x0000012b      0x2eb ./ext_lib/tle94112el.o
 .debug_line    0x00000416       0x87 ./Startup/startup_XMC4700.o
 .debug_line    0x0000049d      0x2e3 ./Startup/system_XMC4700.o
 .debug_line    0x00000780      0x27f ./Libraries/XMCLib/src/xmc4_eru.o
 .debug_line    0x000009ff      0x21b ./Libraries/XMCLib/src/xmc4_gpio.o
 .debug_line    0x00000c1a      0xdea ./Libraries/XMCLib/src/xmc4_scu.o
 .debug_line    0x00001a04      0x61f ./Libraries/XMCLib/src/xmc_ccu4.o
 .debug_line    0x00002023      0x2dd ./Libraries/XMCLib/src/xmc_eru.o
 .debug_line    0x00002300      0x208 ./Libraries/XMCLib/src/xmc_gpio.o
 .debug_line    0x00002508      0x3d1 ./Libraries/XMCLib/src/xmc_spi.o
 .debug_line    0x000028d9      0x510 ./Libraries/XMCLib/src/xmc_usic.o
 .debug_line    0x00002de9       0xca ./Libraries/Newlib/syscalls.o
 .debug_line    0x00002eb3      0x85c ./Dave/Generated/SPI_MASTER/spi_master.o
 .debug_line    0x0000370f      0x44e ./Dave/Generated/SPI_MASTER/spi_master_conf.o
 .debug_line    0x00003b5d      0x66c ./Dave/Generated/PWM/pwm.o
 .debug_line    0x000041c9      0x304 ./Dave/Generated/PWM/pwm_conf.o
 .debug_line    0x000044cd      0x3cf ./Dave/Generated/PIN_INTERRUPT/pin_interrupt.o
 .debug_line    0x0000489c      0x299 ./Dave/Generated/PIN_INTERRUPT/pin_interrupt_conf.o
 .debug_line    0x00004b35      0x318 ./Dave/Generated/GLOBAL_CCU4/global_ccu4.o
 .debug_line    0x00004e4d      0x285 ./Dave/Generated/GLOBAL_CCU4/global_ccu4_conf.o
 .debug_line    0x000050d2      0x4dc ./Dave/Generated/FREERTOS/portable/GCC/port.o
 .debug_line    0x000055ae      0x20f ./Dave/Generated/FREERTOS/heap.o
 .debug_line    0x000057bd      0x23c ./Dave/Generated/FREERTOS/list.o
 .debug_line    0x000059f9      0xcea ./Dave/Generated/FREERTOS/queue.o
 .debug_line    0x000066e3     0x107f ./Dave/Generated/FREERTOS/tasks.o
 .debug_line    0x00007762      0x607 ./Dave/Generated/FREERTOS/timers.o
 .debug_line    0x00007d69      0x277 ./Dave/Generated/DIGITAL_IO/digital_io.o
 .debug_line    0x00007fe0      0x1fc ./Dave/Generated/DIGITAL_IO/digital_io_conf.o
 .debug_line    0x000081dc      0x275 ./Dave/Generated/CPU_CTRL_XMC4/cpu_ctrl_xmc4_conf.o
 .debug_line    0x00008451      0x2ad ./Dave/Generated/CLOCK_XMC4/clock_xmc4.o
 .debug_line    0x000086fe      0x283 ./Dave/Generated/CLOCK_XMC4/clock_xmc4_conf.o
 .debug_line    0x00008981      0x456 ./Dave/Generated/DAVE.o
 .debug_line    0x00008dd7      0x88e ./main.o

.debug_frame    0x00000000     0x54b0
 *(.debug_frame)
 .debug_frame   0x00000000       0x38 ./ext_lib/base.o
 .debug_frame   0x00000038      0x2b8 ./ext_lib/tle94112el.o
 .debug_frame   0x000002f0       0xec ./Startup/system_XMC4700.o
 .debug_frame   0x000003dc       0x60 ./Libraries/XMCLib/src/xmc4_eru.o
 .debug_frame   0x0000043c       0x60 ./Libraries/XMCLib/src/xmc4_gpio.o
 .debug_frame   0x0000049c     0x1238 ./Libraries/XMCLib/src/xmc4_scu.o
 .debug_frame   0x000016d4      0x5b0 ./Libraries/XMCLib/src/xmc_ccu4.o
 .debug_frame   0x00001c84      0x240 ./Libraries/XMCLib/src/xmc_eru.o
 .debug_frame   0x00001ec4       0x60 ./Libraries/XMCLib/src/xmc_gpio.o
 .debug_frame   0x00001f24      0x240 ./Libraries/XMCLib/src/xmc_spi.o
 .debug_frame   0x00002164      0x308 ./Libraries/XMCLib/src/xmc_usic.o
 .debug_frame   0x0000246c       0x5c ./Libraries/Newlib/syscalls.o
 .debug_frame   0x000024c8      0x71c ./Dave/Generated/SPI_MASTER/spi_master.o
 .debug_frame   0x00002be4      0x2c4 ./Dave/Generated/SPI_MASTER/spi_master_conf.o
 .debug_frame   0x00002ea8      0x4e8 ./Dave/Generated/PWM/pwm.o
 .debug_frame   0x00003390      0x178 ./Dave/Generated/PIN_INTERRUPT/pin_interrupt.o
 .debug_frame   0x00003508       0x88 ./Dave/Generated/GLOBAL_CCU4/global_ccu4.o
 .debug_frame   0x00003590      0x1b4 ./Dave/Generated/FREERTOS/portable/GCC/port.o
 .debug_frame   0x00003744       0x60 ./Dave/Generated/FREERTOS/heap.o
 .debug_frame   0x000037a4       0xd8 ./Dave/Generated/FREERTOS/list.o
 .debug_frame   0x0000387c      0x6cc ./Dave/Generated/FREERTOS/queue.o
 .debug_frame   0x00003f48      0xa78 ./Dave/Generated/FREERTOS/tasks.o
 .debug_frame   0x000049c0      0x3e4 ./Dave/Generated/FREERTOS/timers.o
 .debug_frame   0x00004da4       0x60 ./Dave/Generated/DIGITAL_IO/digital_io.o
 .debug_frame   0x00004e04       0x60 ./Dave/Generated/CPU_CTRL_XMC4/cpu_ctrl_xmc4_conf.o
 .debug_frame   0x00004e64       0xac ./Dave/Generated/CLOCK_XMC4/clock_xmc4.o
 .debug_frame   0x00004f10       0x3c ./Dave/Generated/CLOCK_XMC4/clock_xmc4_conf.o
 .debug_frame   0x00004f4c       0x38 ./Dave/Generated/DAVE.o
 .debug_frame   0x00004f84      0x388 ./main.o
 .debug_frame   0x0000530c       0x20 c:/users/forge-15r/dave-ide-4.4.2-64bit/eclipse/arm-gcc-49/bin/../lib/gcc/arm-none-eabi/4.9.3/../../../../arm-none-eabi/lib/armv7e-m/softfp\libg_nano.a(lib_a-errno.o)
 .debug_frame   0x0000532c       0x2c c:/users/forge-15r/dave-ide-4.4.2-64bit/eclipse/arm-gcc-49/bin/../lib/gcc/arm-none-eabi/4.9.3/../../../../arm-none-eabi/lib/armv7e-m/softfp\libg_nano.a(lib_a-init.o)
 .debug_frame   0x00005358       0x30 c:/users/forge-15r/dave-ide-4.4.2-64bit/eclipse/arm-gcc-49/bin/../lib/gcc/arm-none-eabi/4.9.3/../../../../arm-none-eabi/lib/armv7e-m/softfp\libg_nano.a(lib_a-malloc.o)
 .debug_frame   0x00005388       0x28 c:/users/forge-15r/dave-ide-4.4.2-64bit/eclipse/arm-gcc-49/bin/../lib/gcc/arm-none-eabi/4.9.3/../../../../arm-none-eabi/lib/armv7e-m/softfp\libg_nano.a(lib_a-memcpy.o)
 .debug_frame   0x000053b0       0x20 c:/users/forge-15r/dave-ide-4.4.2-64bit/eclipse/arm-gcc-49/bin/../lib/gcc/arm-none-eabi/4.9.3/../../../../arm-none-eabi/lib/armv7e-m/softfp\libg_nano.a(lib_a-memset.o)
 .debug_frame   0x000053d0       0x2c c:/users/forge-15r/dave-ide-4.4.2-64bit/eclipse/arm-gcc-49/bin/../lib/gcc/arm-none-eabi/4.9.3/../../../../arm-none-eabi/lib/armv7e-m/softfp\libg_nano.a(lib_a-nano-freer.o)
 .debug_frame   0x000053fc       0x2c c:/users/forge-15r/dave-ide-4.4.2-64bit/eclipse/arm-gcc-49/bin/../lib/gcc/arm-none-eabi/4.9.3/../../../../arm-none-eabi/lib/armv7e-m/softfp\libg_nano.a(lib_a-nano-mallocr.o)
 .debug_frame   0x00005428       0x2c c:/users/forge-15r/dave-ide-4.4.2-64bit/eclipse/arm-gcc-49/bin/../lib/gcc/arm-none-eabi/4.9.3/../../../../arm-none-eabi/lib/armv7e-m/softfp\libg_nano.a(lib_a-sbrkr.o)
 .debug_frame   0x00005454       0x5c c:/users/forge-15r/dave-ide-4.4.2-64bit/eclipse/arm-gcc-49/bin/../lib/gcc/arm-none-eabi/4.9.3/../../../../arm-none-eabi/lib/armv7e-m/softfp\libg_nano.a(lib_a-reent.o)

.debug_str      0x00000000     0xb9f2
 *(.debug_str)
 .debug_str     0x00000000      0x1f5 ./ext_lib/base.o
                                0x262 (size before relaxing)
 .debug_str     0x000001f5      0x59f ./ext_lib/tle94112el.o
                                0x7cf (size before relaxing)
 .debug_str     0x00000794      0x433 ./Startup/system_XMC4700.o
                                0x62c (size before relaxing)
 .debug_str     0x00000bc7      0x720 ./Libraries/XMCLib/src/xmc4_eru.o
                                0x9a6 (size before relaxing)
 .debug_str     0x000012e7      0x544 ./Libraries/XMCLib/src/xmc4_gpio.o
                                0x7e0 (size before relaxing)
 .debug_str     0x0000182b     0x1cf8 ./Libraries/XMCLib/src/xmc4_scu.o
                               0x28d8 (size before relaxing)
 .debug_str     0x00003523     0x150e ./Libraries/XMCLib/src/xmc_ccu4.o
                               0x1ecd (size before relaxing)
 .debug_str     0x00004a31      0x9c5 ./Libraries/XMCLib/src/xmc_eru.o
                                0xce4 (size before relaxing)
 .debug_str     0x000053f6       0xca ./Libraries/XMCLib/src/xmc_gpio.o
                                0x68e (size before relaxing)
 .debug_str     0x000054c0      0xae8 ./Libraries/XMCLib/src/xmc_spi.o
                                0xdc2 (size before relaxing)
 .debug_str     0x00005fa8      0x9ed ./Libraries/XMCLib/src/xmc_usic.o
                               0x14cc (size before relaxing)
 .debug_str     0x00006995       0x6f ./Libraries/Newlib/syscalls.o
                                0x21c (size before relaxing)
 .debug_str     0x00006a04     0x13ae ./Dave/Generated/SPI_MASTER/spi_master.o
                               0x23bf (size before relaxing)
 .debug_str     0x00007db2      0x8a6 ./Dave/Generated/SPI_MASTER/spi_master_conf.o
                               0x25c0 (size before relaxing)
 .debug_str     0x00008658      0x769 ./Dave/Generated/PWM/pwm.o
                               0x1455 (size before relaxing)
 .debug_str     0x00008dc1      0x352 ./Dave/Generated/PWM/pwm_conf.o
                               0x11ff (size before relaxing)
 .debug_str     0x00009113      0x20c ./Dave/Generated/PIN_INTERRUPT/pin_interrupt.o
                               0x13d1 (size before relaxing)
 .debug_str     0x0000931f       0xb8 ./Dave/Generated/PIN_INTERRUPT/pin_interrupt_conf.o
                               0x13d4 (size before relaxing)
 .debug_str     0x000093d7       0xb5 ./Dave/Generated/GLOBAL_CCU4/global_ccu4.o
                                0x5de (size before relaxing)
 .debug_str     0x0000948c       0x31 ./Dave/Generated/GLOBAL_CCU4/global_ccu4_conf.o
                                0x50e (size before relaxing)
 .debug_str     0x000094bd      0x281 ./Dave/Generated/FREERTOS/portable/GCC/port.o
                                0x500 (size before relaxing)
 .debug_str     0x0000973e       0x55 ./Dave/Generated/FREERTOS/heap.o
                                0x2a7 (size before relaxing)
 .debug_str     0x00009793      0x13f ./Dave/Generated/FREERTOS/list.o
                                0x3b3 (size before relaxing)
 .debug_str     0x000098d2      0x7d7 ./Dave/Generated/FREERTOS/queue.o
                                0xba5 (size before relaxing)
 .debug_str     0x0000a0a9      0xd8d ./Dave/Generated/FREERTOS/tasks.o
                               0x1281 (size before relaxing)
 .debug_str     0x0000ae36      0x51f ./Dave/Generated/FREERTOS/timers.o
                                0x910 (size before relaxing)
 .debug_str     0x0000b355       0xd3 ./Dave/Generated/DIGITAL_IO/digital_io.o
                                0x91d (size before relaxing)
 .debug_str     0x0000b428       0x5d ./Dave/Generated/DIGITAL_IO/digital_io_conf.o
                                0x88c (size before relaxing)
 .debug_str     0x0000b485       0x88 ./Dave/Generated/CPU_CTRL_XMC4/cpu_ctrl_xmc4_conf.o
                                0x420 (size before relaxing)
 .debug_str     0x0000b50d       0xf3 ./Dave/Generated/CLOCK_XMC4/clock_xmc4.o
                                0x3d1 (size before relaxing)
 .debug_str     0x0000b600       0x50 ./Dave/Generated/CLOCK_XMC4/clock_xmc4_conf.o
                                0x7b1 (size before relaxing)
 .debug_str     0x0000b650       0x65 ./Dave/Generated/DAVE.o
                               0x2412 (size before relaxing)
 .debug_str     0x0000b6b5      0x33d ./main.o
                               0x2a3a (size before relaxing)

.debug_loc      0x00000000     0xaa7b
 *(.debug_loc)
 .debug_loc     0x00000000       0x50 ./ext_lib/base.o
 .debug_loc     0x00000050      0x58c ./ext_lib/tle94112el.o
 .debug_loc     0x000005dc      0x1a4 ./Startup/system_XMC4700.o
 .debug_loc     0x00000780       0xa0 ./Libraries/XMCLib/src/xmc4_eru.o
 .debug_loc     0x00000820       0xb8 ./Libraries/XMCLib/src/xmc4_gpio.o
 .debug_loc     0x000008d8     0x2618 ./Libraries/XMCLib/src/xmc4_scu.o
 .debug_loc     0x00002ef0      0xc90 ./Libraries/XMCLib/src/xmc_ccu4.o
 .debug_loc     0x00003b80      0x4f0 ./Libraries/XMCLib/src/xmc_eru.o
 .debug_loc     0x00004070       0xb8 ./Libraries/XMCLib/src/xmc_gpio.o
 .debug_loc     0x00004128      0x4b6 ./Libraries/XMCLib/src/xmc_spi.o
 .debug_loc     0x000045de      0x66a ./Libraries/XMCLib/src/xmc_usic.o
 .debug_loc     0x00004c48       0x94 ./Libraries/Newlib/syscalls.o
 .debug_loc     0x00004cdc      0xf24 ./Dave/Generated/SPI_MASTER/spi_master.o
 .debug_loc     0x00005c00      0x5b8 ./Dave/Generated/SPI_MASTER/spi_master_conf.o
 .debug_loc     0x000061b8      0xa4c ./Dave/Generated/PWM/pwm.o
 .debug_loc     0x00006c04      0x300 ./Dave/Generated/PIN_INTERRUPT/pin_interrupt.o
 .debug_loc     0x00006f04      0x108 ./Dave/Generated/GLOBAL_CCU4/global_ccu4.o
 .debug_loc     0x0000700c      0x30c ./Dave/Generated/FREERTOS/portable/GCC/port.o
 .debug_loc     0x00007318       0xa0 ./Dave/Generated/FREERTOS/heap.o
 .debug_loc     0x000073b8      0x1cc ./Dave/Generated/FREERTOS/list.o
 .debug_loc     0x00007584      0xe00 ./Dave/Generated/FREERTOS/queue.o
 .debug_loc     0x00008384     0x156a ./Dave/Generated/FREERTOS/tasks.o
 .debug_loc     0x000098ee      0x7e9 ./Dave/Generated/FREERTOS/timers.o
 .debug_loc     0x0000a0d7       0xac ./Dave/Generated/DIGITAL_IO/digital_io.o
 .debug_loc     0x0000a183       0xac ./Dave/Generated/CPU_CTRL_XMC4/cpu_ctrl_xmc4_conf.o
 .debug_loc     0x0000a22f      0x14c ./Dave/Generated/CLOCK_XMC4/clock_xmc4.o
 .debug_loc     0x0000a37b       0x50 ./Dave/Generated/CLOCK_XMC4/clock_xmc4_conf.o
 .debug_loc     0x0000a3cb       0x50 ./Dave/Generated/DAVE.o
 .debug_loc     0x0000a41b      0x660 ./main.o

.debug_macinfo
 *(.debug_macinfo)

.debug_ranges   0x00000000     0x1198
 *(.debug_ranges)
 .debug_ranges  0x00000000       0x10 ./ext_lib/base.o
 .debug_ranges  0x00000010       0x90 ./ext_lib/tle94112el.o
 .debug_ranges  0x000000a0       0x38 ./Startup/system_XMC4700.o
 .debug_ranges  0x000000d8       0x18 ./Libraries/XMCLib/src/xmc4_eru.o
 .debug_ranges  0x000000f0       0x18 ./Libraries/XMCLib/src/xmc4_gpio.o
 .debug_ranges  0x00000108      0x3d0 ./Libraries/XMCLib/src/xmc4_scu.o
 .debug_ranges  0x000004d8      0x128 ./Libraries/XMCLib/src/xmc_ccu4.o
 .debug_ranges  0x00000600       0x78 ./Libraries/XMCLib/src/xmc_eru.o
 .debug_ranges  0x00000678       0x18 ./Libraries/XMCLib/src/xmc_gpio.o
 .debug_ranges  0x00000690       0x78 ./Libraries/XMCLib/src/xmc_spi.o
 .debug_ranges  0x00000708       0xa0 ./Libraries/XMCLib/src/xmc_usic.o
 .debug_ranges  0x000007a8       0x18 ./Libraries/Newlib/syscalls.o
 .debug_ranges  0x000007c0      0x170 ./Dave/Generated/SPI_MASTER/spi_master.o
 .debug_ranges  0x00000930       0x98 ./Dave/Generated/SPI_MASTER/spi_master_conf.o
 .debug_ranges  0x000009c8      0x100 ./Dave/Generated/PWM/pwm.o
 .debug_ranges  0x00000ac8       0x50 ./Dave/Generated/PIN_INTERRUPT/pin_interrupt.o
 .debug_ranges  0x00000b18       0x20 ./Dave/Generated/GLOBAL_CCU4/global_ccu4.o
 .debug_ranges  0x00000b38       0x70 ./Dave/Generated/FREERTOS/portable/GCC/port.o
 .debug_ranges  0x00000ba8       0x18 ./Dave/Generated/FREERTOS/heap.o
 .debug_ranges  0x00000bc0       0x30 ./Dave/Generated/FREERTOS/list.o
 .debug_ranges  0x00000bf0      0x160 ./Dave/Generated/FREERTOS/queue.o
 .debug_ranges  0x00000d50      0x220 ./Dave/Generated/FREERTOS/tasks.o
 .debug_ranges  0x00000f70       0xd0 ./Dave/Generated/FREERTOS/timers.o
 .debug_ranges  0x00001040       0x18 ./Dave/Generated/DIGITAL_IO/digital_io.o
 .debug_ranges  0x00001058       0x18 ./Dave/Generated/CPU_CTRL_XMC4/cpu_ctrl_xmc4_conf.o
 .debug_ranges  0x00001070       0x28 ./Dave/Generated/CLOCK_XMC4/clock_xmc4.o
 .debug_ranges  0x00001098       0x10 ./Dave/Generated/CLOCK_XMC4/clock_xmc4_conf.o
 .debug_ranges  0x000010a8       0x10 ./Dave/Generated/DAVE.o
 .debug_ranges  0x000010b8       0xe0 ./main.o

.debug_weaknames
 *(.debug_weaknames)

.debug_funcnames
 *(.debug_funcnames)

.debug_typenames
 *(.debug_typenames)

.debug_varnames
 *(.debug_varnames)

.build_attributes
                0x00000000      0x930
 *(.ARM.attributes)
 .ARM.attributes
                0x00000000       0x37 ./ext_lib/base.o
 .ARM.attributes
                0x00000037       0x37 ./ext_lib/tle94112el.o
 .ARM.attributes
                0x0000006e       0x25 ./Startup/startup_XMC4700.o
 .ARM.attributes
                0x00000093       0x37 ./Startup/system_XMC4700.o
 .ARM.attributes
                0x000000ca       0x37 ./Libraries/XMCLib/src/xmc4_eru.o
 .ARM.attributes
                0x00000101       0x37 ./Libraries/XMCLib/src/xmc4_gpio.o
 .ARM.attributes
                0x00000138       0x37 ./Libraries/XMCLib/src/xmc4_scu.o
 .ARM.attributes
                0x0000016f       0x37 ./Libraries/XMCLib/src/xmc_ccu4.o
 .ARM.attributes
                0x000001a6       0x37 ./Libraries/XMCLib/src/xmc_eru.o
 .ARM.attributes
                0x000001dd       0x37 ./Libraries/XMCLib/src/xmc_gpio.o
 .ARM.attributes
                0x00000214       0x37 ./Libraries/XMCLib/src/xmc_spi.o
 .ARM.attributes
                0x0000024b       0x37 ./Libraries/XMCLib/src/xmc_usic.o
 .ARM.attributes
                0x00000282       0x37 ./Libraries/Newlib/syscalls.o
 .ARM.attributes
                0x000002b9       0x37 ./Dave/Generated/SPI_MASTER/spi_master.o
 .ARM.attributes
                0x000002f0       0x37 ./Dave/Generated/SPI_MASTER/spi_master_conf.o
 .ARM.attributes
                0x00000327       0x37 ./Dave/Generated/PWM/pwm.o
 .ARM.attributes
                0x0000035e       0x37 ./Dave/Generated/PWM/pwm_conf.o
 .ARM.attributes
                0x00000395       0x37 ./Dave/Generated/PIN_INTERRUPT/pin_interrupt.o
 .ARM.attributes
                0x000003cc       0x37 ./Dave/Generated/PIN_INTERRUPT/pin_interrupt_conf.o
 .ARM.attributes
                0x00000403       0x37 ./Dave/Generated/GLOBAL_CCU4/global_ccu4.o
 .ARM.attributes
                0x0000043a       0x37 ./Dave/Generated/GLOBAL_CCU4/global_ccu4_conf.o
 .ARM.attributes
                0x00000471       0x37 ./Dave/Generated/FREERTOS/portable/GCC/port.o
 .ARM.attributes
                0x000004a8       0x37 ./Dave/Generated/FREERTOS/heap.o
 .ARM.attributes
                0x000004df       0x37 ./Dave/Generated/FREERTOS/list.o
 .ARM.attributes
                0x00000516       0x37 ./Dave/Generated/FREERTOS/queue.o
 .ARM.attributes
                0x0000054d       0x37 ./Dave/Generated/FREERTOS/tasks.o
 .ARM.attributes
                0x00000584       0x37 ./Dave/Generated/FREERTOS/timers.o
 .ARM.attributes
                0x000005bb       0x37 ./Dave/Generated/DIGITAL_IO/digital_io.o
 .ARM.attributes
                0x000005f2       0x37 ./Dave/Generated/DIGITAL_IO/digital_io_conf.o
 .ARM.attributes
                0x00000629       0x37 ./Dave/Generated/CPU_CTRL_XMC4/cpu_ctrl_xmc4_conf.o
 .ARM.attributes
                0x00000660       0x37 ./Dave/Generated/CLOCK_XMC4/clock_xmc4.o
 .ARM.attributes
                0x00000697       0x37 ./Dave/Generated/CLOCK_XMC4/clock_xmc4_conf.o
 .ARM.attributes
                0x000006ce       0x37 ./Dave/Generated/DAVE.o
 .ARM.attributes
                0x00000705       0x37 ./main.o
 .ARM.attributes
                0x0000073c       0x32 c:/users/forge-15r/dave-ide-4.4.2-64bit/eclipse/arm-gcc-49/bin/../lib/gcc/arm-none-eabi/4.9.3/../../../../arm-none-eabi/lib/armv7e-m/softfp\libg_nano.a(lib_a-errno.o)
 .ARM.attributes
                0x0000076e       0x32 c:/users/forge-15r/dave-ide-4.4.2-64bit/eclipse/arm-gcc-49/bin/../lib/gcc/arm-none-eabi/4.9.3/../../../../arm-none-eabi/lib/armv7e-m/softfp\libg_nano.a(lib_a-impure.o)
 .ARM.attributes
                0x000007a0       0x32 c:/users/forge-15r/dave-ide-4.4.2-64bit/eclipse/arm-gcc-49/bin/../lib/gcc/arm-none-eabi/4.9.3/../../../../arm-none-eabi/lib/armv7e-m/softfp\libg_nano.a(lib_a-init.o)
 .ARM.attributes
                0x000007d2       0x32 c:/users/forge-15r/dave-ide-4.4.2-64bit/eclipse/arm-gcc-49/bin/../lib/gcc/arm-none-eabi/4.9.3/../../../../arm-none-eabi/lib/armv7e-m/softfp\libg_nano.a(lib_a-malloc.o)
 .ARM.attributes