Archive member included because of file (symbol)

c:/users/forge-15r/dave-ide-4.4.2-64bit/eclipse/arm-gcc-49/bin/../lib/gcc/arm-none-eabi/4.9.3/../../../../arm-none-eabi/lib/armv7e-m/softfp\libg_nano.a(lib_a-errno.o)
                              ./Libraries/Newlib/syscalls.o (__errno)
c:/users/forge-15r/dave-ide-4.4.2-64bit/eclipse/arm-gcc-49/bin/../lib/gcc/arm-none-eabi/4.9.3/../../../../arm-none-eabi/lib/armv7e-m/softfp\libg_nano.a(lib_a-impure.o)
                              c:/users/forge-15r/dave-ide-4.4.2-64bit/eclipse/arm-gcc-49/bin/../lib/gcc/arm-none-eabi/4.9.3/../../../../arm-none-eabi/lib/armv7e-m/softfp\libg_nano.a(lib_a-errno.o) (_impure_ptr)
c:/users/forge-15r/dave-ide-4.4.2-64bit/eclipse/arm-gcc-49/bin/../lib/gcc/arm-none-eabi/4.9.3/../../../../arm-none-eabi/lib/armv7e-m/softfp\libg_nano.a(lib_a-init.o)
                              ./Startup/startup_XMC4700.o (__libc_init_array)
c:/users/forge-15r/dave-ide-4.4.2-64bit/eclipse/arm-gcc-49/bin/../lib/gcc/arm-none-eabi/4.9.3/../../../../arm-none-eabi/lib/armv7e-m/softfp\libg_nano.a(lib_a-malloc.o)
                              ./Dave/Generated/FREERTOS/heap.o (malloc)
c:/users/forge-15r/dave-ide-4.4.2-64bit/eclipse/arm-gcc-49/bin/../lib/gcc/arm-none-eabi/4.9.3/../../../../arm-none-eabi/lib/armv7e-m/softfp\libg_nano.a(lib_a-memcpy.o)
                              ./Libraries/XMCLib/src/xmc_eth_mac.o (memcpy)
c:/users/forge-15r/dave-ide-4.4.2-64bit/eclipse/arm-gcc-49/bin/../lib/gcc/arm-none-eabi/4.9.3/../../../../arm-none-eabi/lib/armv7e-m/softfp\libg_nano.a(lib_a-memset.o)
                              ./Libraries/XMCLib/src/xmc_usbd.o (memset)
c:/users/forge-15r/dave-ide-4.4.2-64bit/eclipse/arm-gcc-49/bin/../lib/gcc/arm-none-eabi/4.9.3/../../../../arm-none-eabi/lib/armv7e-m/softfp\libg_nano.a(lib_a-nano-freer.o)
                              c:/users/forge-15r/dave-ide-4.4.2-64bit/eclipse/arm-gcc-49/bin/../lib/gcc/arm-none-eabi/4.9.3/../../../../arm-none-eabi/lib/armv7e-m/softfp\libg_nano.a(lib_a-malloc.o) (_free_r)
c:/users/forge-15r/dave-ide-4.4.2-64bit/eclipse/arm-gcc-49/bin/../lib/gcc/arm-none-eabi/4.9.3/../../../../arm-none-eabi/lib/armv7e-m/softfp\libg_nano.a(lib_a-nano-mallocr.o)
                              c:/users/forge-15r/dave-ide-4.4.2-64bit/eclipse/arm-gcc-49/bin/../lib/gcc/arm-none-eabi/4.9.3/../../../../arm-none-eabi/lib/armv7e-m/softfp\libg_nano.a(lib_a-malloc.o) (_malloc_r)
c:/users/forge-15r/dave-ide-4.4.2-64bit/eclipse/arm-gcc-49/bin/../lib/gcc/arm-none-eabi/4.9.3/../../../../arm-none-eabi/lib/armv7e-m/softfp\libg_nano.a(lib_a-sbrkr.o)
                              c:/users/forge-15r/dave-ide-4.4.2-64bit/eclipse/arm-gcc-49/bin/../lib/gcc/arm-none-eabi/4.9.3/../../../../arm-none-eabi/lib/armv7e-m/softfp\libg_nano.a(lib_a-nano-mallocr.o) (_sbrk_r)
c:/users/forge-15r/dave-ide-4.4.2-64bit/eclipse/arm-gcc-49/bin/../lib/gcc/arm-none-eabi/4.9.3/../../../../arm-none-eabi/lib/armv7e-m/softfp\libg_nano.a(lib_a-sprintf.o)
                              ./Dave/Generated/FREERTOS/tasks.o (sprintf)
c:/users/forge-15r/dave-ide-4.4.2-64bit/eclipse/arm-gcc-49/bin/../lib/gcc/arm-none-eabi/4.9.3/../../../../arm-none-eabi/lib/armv7e-m/softfp\libg_nano.a(lib_a-strcpy.o)
                              ./Dave/Generated/FREERTOS/tasks.o (strcpy)
c:/users/forge-15r/dave-ide-4.4.2-64bit/eclipse/arm-gcc-49/bin/../lib/gcc/arm-none-eabi/4.9.3/../../../../arm-none-eabi/lib/armv7e-m/softfp\libg_nano.a(lib_a-strlen.o)
                              ./Dave/Generated/FREERTOS/tasks.o (strlen)
c:/users/forge-15r/dave-ide-4.4.2-64bit/eclipse/arm-gcc-49/bin/../lib/gcc/arm-none-eabi/4.9.3/../../../../arm-none-eabi/lib/armv7e-m/softfp\libg_nano.a(lib_a-nano-svfprintf.o)
                              c:/users/forge-15r/dave-ide-4.4.2-64bit/eclipse/arm-gcc-49/bin/../lib/gcc/arm-none-eabi/4.9.3/../../../../arm-none-eabi/lib/armv7e-m/softfp\libg_nano.a(lib_a-sprintf.o) (_svfprintf_r)
c:/users/forge-15r/dave-ide-4.4.2-64bit/eclipse/arm-gcc-49/bin/../lib/gcc/arm-none-eabi/4.9.3/../../../../arm-none-eabi/lib/armv7e-m/softfp\libg_nano.a(lib_a-nano-vfprintf_i.o)
                              c:/users/forge-15r/dave-ide-4.4.2-64bit/eclipse/arm-gcc-49/bin/../lib/gcc/arm-none-eabi/4.9.3/../../../../arm-none-eabi/lib/armv7e-m/softfp\libg_nano.a(lib_a-nano-svfprintf.o) (_printf_i)
c:/users/forge-15r/dave-ide-4.4.2-64bit/eclipse/arm-gcc-49/bin/../lib/gcc/arm-none-eabi/4.9.3/../../../../arm-none-eabi/lib/armv7e-m/softfp\libg_nano.a(lib_a-reent.o)
                              c:/users/forge-15r/dave-ide-4.4.2-64bit/eclipse/arm-gcc-49/bin/../lib/gcc/arm-none-eabi/4.9.3/../../../../arm-none-eabi/lib/armv7e-m/softfp\libg_nano.a(lib_a-sbrkr.o) (errno)
c:/users/forge-15r/dave-ide-4.4.2-64bit/eclipse/arm-gcc-49/bin/../lib/gcc/arm-none-eabi/4.9.3/../../../../arm-none-eabi/lib/armv7e-m/softfp\libg_nano.a(lib_a-memchr.o)
[...]
Memory Configuration

Name             Origin             Length             Attributes
FLASH_1_cached   0x08000000         0x00200000         xr
FLASH_1_uncached 0x0c000000         0x00200000         xr
PSRAM_1          0x1ffe8000         0x00018000         !xr
DSRAM_1_system   0x20000000         0x00020000         !xr
DSRAM_2_comm     0x20020000         0x00020000         !xr
SRAM_combined    0x1ffe8000         0x00058000         !xr
*default*        0x00000000         0xffffffff

Linker script and memory map

LOAD ./ext_lib/base.o
LOAD ./ext_lib/tle94112el.o
LOAD ./Startup/startup_XMC4700.o
LOAD ./Startup/system_XMC4700.o
LOAD ./Libraries/XMCLib/src/xmc4_eru.o
LOAD ./Libraries/XMCLib/src/xmc4_flash.o
LOAD ./Libraries/XMCLib/src/xmc4_gpio.o
LOAD ./Libraries/XMCLib/src/xmc4_rtc.o
LOAD ./Libraries/XMCLib/src/xmc4_scu.o
LOAD ./Libraries/XMCLib/src/xmc_can.o
LOAD ./Libraries/XMCLib/src/xmc_ccu4.o
LOAD ./Libraries/XMCLib/src/xmc_ccu8.o
LOAD ./Libraries/XMCLib/src/xmc_common.o
LOAD ./Libraries/XMCLib/src/xmc_dac.o
LOAD ./Libraries/XMCLib/src/xmc_dma.o
LOAD ./Libraries/XMCLib/src/xmc_dsd.o
LOAD ./Libraries/XMCLib/src/xmc_ebu.o
LOAD ./Libraries/XMCLib/src/xmc_ecat.o
LOAD ./Libraries/XMCLib/src/xmc_eru.o
LOAD ./Libraries/XMCLib/src/xmc_eth_mac.o
LOAD ./Libraries/XMCLib/src/xmc_eth_phy_dp83848.o
LOAD ./Libraries/XMCLib/src/xmc_eth_phy_ksz8031rnl.o
LOAD ./Libraries/XMCLib/src/xmc_eth_phy_ksz8081rnb.o
LOAD ./Libraries/XMCLib/src/xmc_fce.o
LOAD ./Libraries/XMCLib/src/xmc_gpio.o
LOAD ./Libraries/XMCLib/src/xmc_hrpwm.o
LOAD ./Libraries/XMCLib/src/xmc_i2c.o
LOAD ./Libraries/XMCLib/src/xmc_i2s.o
LOAD ./Libraries/XMCLib/src/xmc_ledts.o
LOAD ./Libraries/XMCLib/src/xmc_posif.o
LOAD ./Libraries/XMCLib/src/xmc_rtc.o
LOAD ./Libraries/XMCLib/src/xmc_sdmmc.o
LOAD ./Libraries/XMCLib/src/xmc_spi.o
LOAD ./Libraries/XMCLib/src/xmc_uart.o
LOAD ./Libraries/XMCLib/src/xmc_usbd.o
LOAD ./Libraries/XMCLib/src/xmc_usbh.o
LOAD ./Libraries/XMCLib/src/xmc_usic.o
LOAD ./Libraries/XMCLib/src/xmc_vadc.o
LOAD ./Libraries/XMCLib/src/xmc_wdt.o
LOAD ./Libraries/Newlib/syscalls.o
LOAD ./Dave/Generated/SPI_MASTER/spi_master.o
LOAD ./Dave/Generated/SPI_MASTER/spi_master_conf.o
LOAD ./Dave/Generated/PWM/pwm.o
LOAD ./Dave/Generated/PWM/pwm_conf.o
LOAD ./Dave/Generated/PIN_INTERRUPT/pin_interrupt.o
LOAD ./Dave/Generated/PIN_INTERRUPT/pin_interrupt_conf.o
LOAD ./Dave/Generated/GLOBAL_CCU4/global_ccu4.o
LOAD ./Dave/Generated/GLOBAL_CCU4/global_ccu4_conf.o
LOAD ./Dave/Generated/FREERTOS/portable/Keil/port.o
LOAD ./Dave/Generated/FREERTOS/portable/IAR/port.o
LOAD ./Dave/Generated/FREERTOS/portable/IAR/portasm.o
LOAD ./Dave/Generated/FREERTOS/portable/GCC/port.o
LOAD ./Dave/Generated/FREERTOS/croutine.o
LOAD ./Dave/Generated/FREERTOS/event_groups.o
LOAD ./Dave/Generated/FREERTOS/freertos.o
LOAD ./Dave/Generated/FREERTOS/heap.o
LOAD ./Dave/Generated/FREERTOS/list.o
LOAD ./Dave/Generated/FREERTOS/mpu_wrappers.o
LOAD ./Dave/Generated/FREERTOS/queue.o
LOAD ./Dave/Generated/FREERTOS/stream_buffer.o
LOAD ./Dave/Generated/FREERTOS/tasks.o
LOAD ./Dave/Generated/FREERTOS/timers.o
LOAD ./Dave/Generated/DIGITAL_IO/digital_io.o
LOAD ./Dave/Generated/DIGITAL_IO/digital_io_conf.o
LOAD ./Dave/Generated/CPU_CTRL_XMC4/cpu_ctrl_xmc4.o
LOAD ./Dave/Generated/CPU_CTRL_XMC4/cpu_ctrl_xmc4_conf.o
LOAD ./Dave/Generated/CLOCK_XMC4/clock_xmc4.o
LOAD ./Dave/Generated/CLOCK_XMC4/clock_xmc4_conf.o
LOAD ./Dave/Generated/BUS_IO/bus_io.o
LOAD ./Dave/Generated/BUS_IO/bus_io_conf.o
LOAD ./Dave/Generated/DAVE.o
LOAD ./main.o
LOAD c:/users/forge-15r/dave-ide-4.4.2-64bit/eclipse/arm-gcc-49/bin/../lib/gcc/arm-none-eabi/4.9.3/../../../../arm-none-eabi/lib/armv7e-m/softfp\libm.a
START GROUP
LOAD c:/users/forge-15r/dave-ide-4.4.2-64bit/eclipse/arm-gcc-49/bin/../lib/gcc/arm-none-eabi/4.9.3/armv7e-m/softfp\libgcc.a
LOAD c:/users/forge-15r/dave-ide-4.4.2-64bit/eclipse/arm-gcc-49/bin/../lib/gcc/arm-none-eabi/4.9.3/../../../../arm-none-eabi/lib/armv7e-m/softfp\libg_nano.a
LOAD c:/users/forge-15r/dave-ide-4.4.2-64bit/eclipse/arm-gcc-49/bin/../lib/gcc/arm-none-eabi/4.9.3/../../../../arm-none-eabi/lib/armv7e-m/softfp\libc_nano.a
END GROUP
START GROUP
LOAD c:/users/forge-15r/dave-ide-4.4.2-64bit/eclipse/arm-gcc-49/bin/../lib/gcc/arm-none-eabi/4.9.3/armv7e-m/softfp\libgcc.a
LOAD c:/users/forge-15r/dave-ide-4.4.2-64bit/eclipse/arm-gcc-49/bin/../lib/gcc/arm-none-eabi/4.9.3/../../../../arm-none-eabi/lib/armv7e-m/softfp\libc_nano.a
LOAD c:/users/forge-15r/dave-ide-4.4.2-64bit/eclipse/arm-gcc-49/bin/../lib/gcc/arm-none-eabi/4.9.3/../../../../arm-none-eabi/lib/armv7e-m/softfp\libnosys.a
END GROUP
START GROUP
LOAD c:/users/forge-15r/dave-ide-4.4.2-64bit/eclipse/arm-gcc-49/bin/../lib/gcc/arm-none-eabi/4.9.3/armv7e-m/softfp\libgcc.a
LOAD c:/users/forge-15r/dave-ide-4.4.2-64bit/eclipse/arm-gcc-49/bin/../lib/gcc/arm-none-eabi/4.9.3/../../../../arm-none-eabi/lib/armv7e-m/softfp\libc_nano.a
LOAD c:/users/forge-15r/dave-ide-4.4.2-64bit/eclipse/arm-gcc-49/bin/../lib/gcc/arm-none-eabi/4.9.3/../../../../arm-none-eabi/lib/armv7e-m/softfp\libnosys.a
END GROUP
                0x00000800                stack_size = DEFINED (stack_size)?stack_size:0x800
                0x00000040                no_init_size = 0x40

.text           0x08000000     0x6aec load address 0x0c000000
                0x08000000                sText = .
 *(.reset)
 .reset         0x08000000      0x29c ./Startup/startup_XMC4700.o
                0x08000000                __Vectors
                0x08000200                Reset_Handler
                0x08000298                DSD0_7_IRQHandler
                0x08000298                DebugMon_Handler
                0x08000298                VADC0_C0_0_IRQHandler
                0x08000298                CAN0_4_IRQHandler
                0x08000298                VADC0_G2_0_IRQHandler
                0x08000298                USIC0_5_IRQHandler
                0x08000298                POSIF0_0_IRQHandler
                0x08000298                POSIF1_0_IRQHandler
                0x08000298                HardFault_Handler
                0x08000298                VADC0_G1_1_IRQHandler
                0x08000298                NMI_Handler
                0x08000298                USIC1_3_IRQHandler
                0x08000298                CCU40_2_IRQHandler
                0x08000298                SCU_0_IRQHandler
                0x08000298                ERU0_0_IRQHandler
                0x08000298                CCU41_0_IRQHandler
                0x08000298                USIC1_5_IRQHandler
                0x08000298                DSD0_4_IRQHandler
                0x08000298                CCU80_1_IRQHandler
                0x08000298                CCU81_0_IRQHandler
                0x08000298                UsageFault_Handler
                0x08000298                USIC0_0_IRQHandler
                0x08000298                POSIF1_1_IRQHandler
                0x08000298                CCU81_1_IRQHandler
                0x08000298                ERU1_1_IRQHandler
                0x08000298                VADC0_G2_3_IRQHandler
                0x08000298                VADC0_G2_2_IRQHandler
                0x08000298                CCU42_3_IRQHandler
                0x08000298                DSD0_5_IRQHandler
                0x08000298                VADC0_C0_3_IRQHandler
                0x08000298                CAN0_6_IRQHandler
                0x08000298                CCU43_0_IRQHandler
                0x08000298                VADC0_G0_1_IRQHandler
                0x08000298                CCU81_2_IRQHandler
                0x08000298                USIC2_4_IRQHandler
                0x08000298                CCU81_3_IRQHandler
                0x08000298                CCU42_1_IRQHandler
                0x08000298                USIC1_1_IRQHandler
                0x08000298                USIC2_5_IRQHandler
                0x08000298                CCU40_0_IRQHandler
                0x08000298                CAN0_0_IRQHandler
                0x08000298                CCU42_2_IRQHandler
                0x08000298                Default_Handler
                0x08000298                USIC1_4_IRQHandler
                0x08000298                ERU1_3_IRQHandler
                0x08000298                USIC1_0_IRQHandler
                0x08000298                POSIF0_1_IRQHandler
                0x08000298                VADC0_G0_0_IRQHandler
                0x08000298                DSD0_2_IRQHandler
                0x08000298                CCU80_3_IRQHandler
                0x08000298                CCU41_3_IRQHandler
                0x08000298                CCU80_2_IRQHandler
                0x08000298                VADC0_G1_3_IRQHandler
                0x08000298                VADC0_G0_3_IRQHandler
                0x08000298                GPDMA0_0_IRQHandler
                0x08000298                PMU0_0_IRQHandler
                0x08000298                CAN0_7_IRQHandler
                0x08000298                DSD0_1_IRQHandler
                0x08000298                CCU41_2_IRQHandler
                0x08000298                VADC0_C0_1_IRQHandler
                0x08000298                CCU43_2_IRQHandler
                0x08000298                MemManage_Handler
                0x08000298                VADC0_G3_1_IRQHandler
                0x08000298                DAC0_0_IRQHandler
                0x08000298                VADC0_G3_3_IRQHandler
                0x08000298                ERU1_2_IRQHandler
                0x08000298                CCU41_1_IRQHandler
                0x08000298                DSD0_6_IRQHandler
                0x08000298                CCU43_1_IRQHandler
                0x08000298                VADC0_G1_2_IRQHandler
                0x08000298                CAN0_2_IRQHandler
                0x08000298                USIC2_0_IRQHandler
                0x08000298                VADC0_G0_2_IRQHandler
                0x08000298                VADC0_G2_1_IRQHandler
                0x08000298                CAN0_3_IRQHandler
                0x08000298                ETH0_0_IRQHandler
                0x08000298                USIC0_3_IRQHandler
                0x08000298                DSD0_0_IRQHandler
                0x08000298                VADC0_C0_2_IRQHandler
                0x08000298                CCU42_0_IRQHandler
                0x08000298                FCE0_0_IRQHandler
                0x08000298                VADC0_G1_0_IRQHandler
                0x08000298                USB0_0_IRQHandler
                0x08000298                CAN0_5_IRQHandler
                0x08000298                CCU80_0_IRQHandler
                0x08000298                CCU40_1_IRQHandler
                0x08000298                USIC2_1_IRQHandler
                0x08000298                USIC0_1_IRQHandler
                0x08000298                VADC0_G3_2_IRQHandler
                0x08000298                CCU40_3_IRQHandler
                0x08000298                BusFault_Handler
                0x08000298                LEDTS0_0_IRQHandler
                0x08000298                USIC0_4_IRQHandler
                0x08000298                CCU43_3_IRQHandler
                0x08000298                ERU0_1_IRQHandler
                0x08000298                VADC0_G3_0_IRQHandler
                0x08000298                USIC1_2_IRQHandler
                0x08000298                DSD0_3_IRQHandler
                0x08000298                SDMMC0_0_IRQHandler
                0x08000298                CAN0_1_IRQHandler
                0x08000298                USIC0_2_IRQHandler
                0x08000298                DAC0_1_IRQHandler
                0x08000298                GPDMA1_0_IRQHandler
 *(.text .text.* .gnu.linkonce.t.*)
 .text.TLE94112EL_SetHBRegdata
                0x0800029c       0x58 ./ext_lib/base.o
                0x0800029c                TLE94112EL_SetHBRegdata
 .text.TLE94112EL_Enable
                0x080002f4       0x18 ./ext_lib/tle94112el.o
                0x080002f4                TLE94112EL_Enable
 .text.SystemInit
                0x0800030c       0x20 ./Startup/system_XMC4700.o
                0x0800030c                SystemInit
 .text.SystemCoreClockUpdate
                0x0800032c       0xd4 ./Startup/system_XMC4700.o
                0x0800032c                SystemCoreClockUpdate
 .text.XMC_ERU_Enable
                0x08000400       0x2c ./Libraries/XMCLib/src/xmc4_eru.o
                0x08000400                XMC_ERU_Enable
 .text.XMC_GPIO_Init
                0x0800042c      0x14c ./Libraries/XMCLib/src/xmc4_gpio.o
                0x0800042c                XMC_GPIO_Init
 .text.XMC_SCU_CLOCK_GetCpuClockFrequency
                0x08000578       0x18 ./Libraries/XMCLib/src/xmc4_scu.o
 .text.XMC_SCU_GetMirrorStatus
                0x08000590       0x18 ./Libraries/XMCLib/src/xmc4_scu.o
 .text.XMC_SCU_lDelay
                0x080005a8       0x44 ./Libraries/XMCLib/src/xmc4_scu.o
 .text.XMC_SCU_INTERUPT_GetEventStatus
                0x080005ec       0x18 ./Libraries/XMCLib/src/xmc4_scu.o
                0x080005ec                XMC_SCU_INTERUPT_GetEventStatus
 .text.XMC_SCU_INTERRUPT_ClearEventStatus
                0x08000604       0x1c ./Libraries/XMCLib/src/xmc4_scu.o
                0x08000604                XMC_SCU_INTERRUPT_ClearEventStatus
 .text.XMC_SCU_CLOCK_Init
                0x08000620       0xec ./Libraries/XMCLib/src/xmc4_scu.o
                0x08000620                XMC_SCU_CLOCK_Init
 .text.XMC_SCU_RESET_DeassertPeripheralReset
                0x0800070c       0x38 ./Libraries/XMCLib/src/xmc4_scu.o
                0x0800070c                XMC_SCU_RESET_DeassertPeripheralReset
 .text.XMC_SCU_RESET_IsPeripheralResetAsserted
                0x08000744       0x48 ./Libraries/XMCLib/src/xmc4_scu.o
                0x08000744                XMC_SCU_RESET_IsPeripheralResetAsserted
 .text.XMC_SCU_CLOCK_GetPeripheralClockFrequency
                0x0800078c       0x20 ./Libraries/XMCLib/src/xmc4_scu.o
                0x0800078c                XMC_SCU_CLOCK_GetPeripheralClockFrequency
 .text.XMC_SCU_CLOCK_SetSystemClockSource
                0x080007ac       0x28 ./Libraries/XMCLib/src/xmc4_scu.o
                0x080007ac                XMC_SCU_CLOCK_SetSystemClockSource
 .text.XMC_SCU_CLOCK_SetUsbClockSource
                0x080007d4       0x28 ./Libraries/XMCLib/src/xmc4_scu.o
                0x080007d4                XMC_SCU_CLOCK_SetUsbClockSource
 .text.XMC_SCU_CLOCK_SetWdtClockSource
                0x080007fc       0x28 ./Libraries/XMCLib/src/xmc4_scu.o
                0x080007fc                XMC_SCU_CLOCK_SetWdtClockSource
 .text.XMC_SCU_CLOCK_SetSystemPllClockSource
                0x08000824       0x40 ./Libraries/XMCLib/src/xmc4_scu.o
                0x08000824                XMC_SCU_CLOCK_SetSystemPllClockSource
 .text.XMC_SCU_HIB_SetRtcClockSource
                0x08000864       0x3c ./Libraries/XMCLib/src/xmc4_scu.o
                0x08000864                XMC_SCU_HIB_SetRtcClockSource
 .text.XMC_SCU_HIB_SetStandbyClockSource
                0x080008a0       0x3c ./Libraries/XMCLib/src/xmc4_scu.o
                0x080008a0                XMC_SCU_HIB_SetStandbyClockSource
 .text.XMC_SCU_CLOCK_SetSystemClockDivider
                0x080008dc       0x28 ./Libraries/XMCLib/src/xmc4_scu.o
                0x080008dc                XMC_SCU_CLOCK_SetSystemClockDivider
 .text.XMC_SCU_CLOCK_SetCcuClockDivider
                0x08000904       0x28 ./Libraries/XMCLib/src/xmc4_scu.o
                0x08000904                XMC_SCU_CLOCK_SetCcuClockDivider
 .text.XMC_SCU_CLOCK_SetCpuClockDivider
                0x0800092c       0x28 ./Libraries/XMCLib/src/xmc4_scu.o
                0x0800092c                XMC_SCU_CLOCK_SetCpuClockDivider
 .text.XMC_SCU_CLOCK_SetPeripheralClockDivider
                0x08000954       0x28 ./Libraries/XMCLib/src/xmc4_scu.o
                0x08000954                XMC_SCU_CLOCK_SetPeripheralClockDivider
 .text.XMC_SCU_CLOCK_SetUsbClockDivider
                0x0800097c       0x28 ./Libraries/XMCLib/src/xmc4_scu.o
                0x0800097c                XMC_SCU_CLOCK_SetUsbClockDivider
 .text.XMC_SCU_CLOCK_SetEbuClockDivider
                0x080009a4       0x28 ./Libraries/XMCLib/src/xmc4_scu.o
                0x080009a4                XMC_SCU_CLOCK_SetEbuClockDivider
 .text.XMC_SCU_CLOCK_SetWdtClockDivider
                0x080009cc       0x28 ./Libraries/XMCLib/src/xmc4_scu.o
                0x080009cc                XMC_SCU_CLOCK_SetWdtClockDivider
 .text.XMC_SCU_CLOCK_EnableClock
                0x080009f4       0x20 ./Libraries/XMCLib/src/xmc4_scu.o
                0x080009f4                XMC_SCU_CLOCK_EnableClock
 .text.XMC_SCU_CLOCK_UngatePeripheralClock
                0x08000a14       0x38 ./Libraries/XMCLib/src/xmc4_scu.o
                0x08000a14                XMC_SCU_CLOCK_UngatePeripheralClock
 .text.XMC_SCU_CLOCK_IsPeripheralClockGated
                0x08000a4c       0x48 ./Libraries/XMCLib/src/xmc4_scu.o
                0x08000a4c                XMC_SCU_CLOCK_IsPeripheralClockGated
 .text.XMC_SCU_CLOCK_StartUsbPll
                0x08000a94       0x74 ./Libraries/XMCLib/src/xmc4_scu.o
                0x08000a94                XMC_SCU_CLOCK_StartUsbPll
 .text.XMC_SCU_CLOCK_SetBackupClockCalibrationMode
                0x08000b08       0x4c ./Libraries/XMCLib/src/xmc4_scu.o
                0x08000b08                XMC_SCU_CLOCK_SetBackupClockCalibrationMode
 .text.XMC_SCU_HIB_EnableHibernateDomain
                0x08000b54       0x58 ./Libraries/XMCLib/src/xmc4_scu.o
                0x08000b54                XMC_SCU_HIB_EnableHibernateDomain
 .text.XMC_SCU_CLOCK_IsLowPowerOscillatorStable
                0x08000bac       0x24 ./Libraries/XMCLib/src/xmc4_scu.o
                0x08000bac                XMC_SCU_CLOCK_IsLowPowerOscillatorStable
 .text.XMC_SCU_CLOCK_EnableLowPowerOscillator
                0x08000bd0       0x70 ./Libraries/XMCLib/src/xmc4_scu.o
                0x08000bd0                XMC_SCU_CLOCK_EnableLowPowerOscillator
 .text.XMC_SCU_CLOCK_EnableHighPerformanceOscillator
                0x08000c40       0x50 ./Libraries/XMCLib/src/xmc4_scu.o
                0x08000c40                XMC_SCU_CLOCK_EnableHighPerformanceOscillator
 .text.XMC_SCU_CLOCK_IsHighPerformanceOscillatorStable
                0x08000c90       0x28 ./Libraries/XMCLib/src/xmc4_scu.o
                0x08000c90                XMC_SCU_CLOCK_IsHighPerformanceOscillatorStable
 .text.XMC_SCU_CLOCK_EnableSystemPll
                0x08000cb8       0x20 ./Libraries/XMCLib/src/xmc4_scu.o
                0x08000cb8                XMC_SCU_CLOCK_EnableSystemPll
 .text.XMC_SCU_CLOCK_DisableSystemPll
                0x08000cd8       0x20 ./Libraries/XMCLib/src/xmc4_scu.o
                0x08000cd8                XMC_SCU_CLOCK_DisableSystemPll
 .text.XMC_SCU_CLOCK_StartSystemPll
                0x08000cf8      0x174 ./Libraries/XMCLib/src/xmc4_scu.o
                0x08000cf8                XMC_SCU_CLOCK_StartSystemPll
 .text.XMC_SCU_CLOCK_StepSystemPllFrequency
                0x08000e6c       0x2c ./Libraries/XMCLib/src/xmc4_scu.o
                0x08000e6c                XMC_SCU_CLOCK_StepSystemPllFrequency
 .text.XMC_CCU4_StartPrescaler
                0x08000e98       0x1c ./Libraries/XMCLib/src/xmc_ccu4.o
 .text.XMC_CCU4_lDeassertReset
                0x08000eb4       0x60 ./Libraries/XMCLib/src/xmc_ccu4.o
 .text.XMC_CCU4_lUngateClock
                0x08000f14       0x60 ./Libraries/XMCLib/src/xmc_ccu4.o
 .text.XMC_CCU4_EnableModule
                0x08000f74       0x20 ./Libraries/XMCLib/src/xmc_ccu4.o
                0x08000f74                XMC_CCU4_EnableModule
 .text.XMC_CCU4_Init
                0x08000f94       0x3c ./Libraries/XMCLib/src/xmc_ccu4.o
                0x08000f94                XMC_CCU4_Init
 .text.XMC_CCU4_SLICE_CompareInit
                0x08000fd0       0x6c ./Libraries/XMCLib/src/xmc_ccu4.o
                0x08000fd0                XMC_CCU4_SLICE_CompareInit
 .text.XMC_CCU4_SLICE_SetInterruptNode
                0x0800103c       0xb0 ./Libraries/XMCLib/src/xmc_ccu4.o
                0x0800103c                XMC_CCU4_SLICE_SetInterruptNode
 .text.XMC_ERU_ETL_Init
                0x080010ec       0x4c ./Libraries/XMCLib/src/xmc_eru.o
                0x080010ec                XMC_ERU_ETL_Init
 .text.XMC_ERU_OGU_SetServiceRequestMode
                0x08001138       0x3c ./Libraries/XMCLib/src/xmc_eru.o
                0x08001138                XMC_ERU_OGU_SetServiceRequestMode
 .text.XMC_GPIO_SetHardwareControl
                0x08001174       0x44 ./Libraries/XMCLib/src/xmc_gpio.o
                0x08001174                XMC_GPIO_SetHardwareControl
 .text.XMC_SPI_CH_Init
                0x080011b8       0x80 ./Libraries/XMCLib/src/xmc_spi.o
                0x080011b8                XMC_SPI_CH_Init
 .text.XMC_SPI_CH_EnableSlaveSelect
                0x08001238       0x2c ./Libraries/XMCLib/src/xmc_spi.o
                0x08001238                XMC_SPI_CH_EnableSlaveSelect
 .text.XMC_SPI_CH_GetReceivedData
                0x08001264       0x34 ./Libraries/XMCLib/src/xmc_spi.o
                0x08001264                XMC_SPI_CH_GetReceivedData
 .text.XMC_SPI_CH_DisableEvent
                0x08001298       0x38 ./Libraries/XMCLib/src/xmc_spi.o
                0x08001298                XMC_SPI_CH_DisableEvent
 .text.XMC_USIC_CH_Enable
                0x080012d0       0x98 ./Libraries/XMCLib/src/xmc_usic.o
                0x080012d0                XMC_USIC_CH_Enable
 .text.XMC_USIC_CH_SetBaudrate
                0x08001368       0xe0 ./Libraries/XMCLib/src/xmc_usic.o
                0x08001368                XMC_USIC_CH_SetBaudrate
 .text.XMC_USIC_CH_SetBaudrateEx
                0x08001448      0x100 ./Libraries/XMCLib/src/xmc_usic.o
                0x08001448                XMC_USIC_CH_SetBaudrateEx
 .text.XMC_USIC_CH_TXFIFO_Configure
                0x08001548       0x50 ./Libraries/XMCLib/src/xmc_usic.o
                0x08001548                XMC_USIC_CH_TXFIFO_Configure
 .text.XMC_USIC_CH_RXFIFO_Configure
                0x08001598       0x54 ./Libraries/XMCLib/src/xmc_usic.o
                0x08001598                XMC_USIC_CH_RXFIFO_Configure
 .text.XMC_USIC_CH_RXFIFO_SetSizeTriggerLimit
                0x080015ec       0x44 ./Libraries/XMCLib/src/xmc_usic.o
                0x080015ec                XMC_USIC_CH_RXFIFO_SetSizeTriggerLimit
 .text.XMC_USIC_CH_SetInterruptNodePointer
                0x08001630       0x38 ./Libraries/XMCLib/src/xmc_usic.o
                0x08001630                XMC_USIC_CH_SetInterruptNodePointer
 .text.XMC_USIC_CH_TXFIFO_SetInterruptNodePointer
                0x08001668       0x3c ./Libraries/XMCLib/src/xmc_usic.o
                0x08001668                XMC_USIC_CH_TXFIFO_SetInterruptNodePointer
 .text.XMC_USIC_CH_RXFIFO_SetInterruptNodePointer
                0x080016a4       0x3c ./Libraries/XMCLib/src/xmc_usic.o
                0x080016a4                XMC_USIC_CH_RXFIFO_SetInterruptNodePointer
 .text.XMC_USIC_Enable
                0x080016e0       0xc0 ./Libraries/XMCLib/src/xmc_usic.o
                0x080016e0                XMC_USIC_Enable
 .text._sbrk    0x080017a0       0x68 ./Libraries/Newlib/syscalls.o
                0x080017a0                _sbrk
 .text._init    0x08001808        0xc ./Libraries/Newlib/syscalls.o
                0x08001808                _init
 .text.XMC_USIC_CH_WriteToTBUFTCI
                0x08001814       0x24 ./Dave/Generated/SPI_MASTER/spi_master.o
 .text.XMC_USIC_CH_EnableEvent
                0x08001838       0x20 ./Dave/Generated/SPI_MASTER/spi_master.o
 .text.XMC_USIC_CH_DisableEvent
                0x08001858       0x24 ./Dave/Generated/SPI_MASTER/spi_master.o
 .text.XMC_USIC_CH_GetTransmitBufferStatus
                0x0800187c       0x20 ./Dave/Generated/SPI_MASTER/spi_master.o
 .text.XMC_USIC_CH_GetReceiveBufferStatus
                0x0800189c       0x1c ./Dave/Generated/SPI_MASTER/spi_master.o
 .text.XMC_USIC_CH_TriggerServiceRequest
                0x080018b8       0x20 ./Dave/Generated/SPI_MASTER/spi_master.o
 .text.XMC_USIC_CH_TXFIFO_EnableEvent
                0x080018d8       0x24 ./Dave/Generated/SPI_MASTER/spi_master.o
 .text.XMC_USIC_CH_TXFIFO_DisableEvent
                0x080018fc       0x28 ./Dave/Generated/SPI_MASTER/spi_master.o
 .text.XMC_USIC_CH_TXFIFO_PutDataHPCMode
                0x08001924       0x24 ./Dave/Generated/SPI_MASTER/spi_master.o
 .text.XMC_USIC_CH_TXFIFO_Flush
                0x08001948       0x1c ./Dave/Generated/SPI_MASTER/spi_master.o
 .text.XMC_USIC_CH_TXFIFO_IsFull
                0x08001964       0x28 ./Dave/Generated/SPI_MASTER/spi_master.o
 .text.XMC_USIC_CH_TXFIFO_IsEmpty
                0x0800198c       0x28 ./Dave/Generated/SPI_MASTER/spi_master.o
 .text.XMC_USIC_CH_RXFIFO_EnableEvent
                0x080019b4       0x24 ./Dave/Generated/SPI_MASTER/spi_master.o
 .text.XMC_USIC_CH_RXFIFO_DisableEvent
                0x080019d8       0x28 ./Dave/Generated/SPI_MASTER/spi_master.o
 .text.XMC_USIC_CH_RXFIFO_Flush
                0x08001a00       0x1c ./Dave/Generated/SPI_MASTER/spi_master.o
 .text.XMC_USIC_CH_RXFIFO_IsEmpty
                0x08001a1c       0x28 ./Dave/Generated/SPI_MASTER/spi_master.o
 .text.XMC_SPI_CH_SetTransmitMode
                0x08001a44       0x2c ./Dave/Generated/SPI_MASTER/spi_master.o
 .text.SPI_MASTER_Init
                0x08001a70       0x20 ./Dave/Generated/SPI_MASTER/spi_master.o
                0x08001a70                SPI_MASTER_Init
 .text.SPI_MASTER_Transmit
                0x08001a90       0x34 ./Dave/Generated/SPI_MASTER/spi_master.o
                0x08001a90                SPI_MASTER_Transmit
 .text.SPI_MASTER_StartTransmitIRQ
                0x08001ac4       0xec ./Dave/Generated/SPI_MASTER/spi_master.o
                0x08001ac4                SPI_MASTER_StartTransmitIRQ
 .text.SPI_MASTER_Transfer
                0x08001bb0       0xb0 ./Dave/Generated/SPI_MASTER/spi_master.o
                0x08001bb0                SPI_MASTER_Transfer
 .text.SPI_MASTER_lTransmitHandler
                0x08001c60      0x1c8 ./Dave/Generated/SPI_MASTER/spi_master.o
                0x08001c60                SPI_MASTER_lTransmitHandler
 .text.SPI_MASTER_lReceiveIRQ
                0x08001e28       0xac ./Dave/Generated/SPI_MASTER/spi_master.o
 .text.SPI_MASTER_lReceiveHandler
                0x08001ed4      0x1a4 ./Dave/Generated/SPI_MASTER/spi_master.o
                0x08001ed4                SPI_MASTER_lReceiveHandler
 .text.SPI_MASTER_lFIFORead
                0x08002078       0xc4 ./Dave/Generated/SPI_MASTER/spi_master.o
 .text.SPI_MASTER_lReconfigureRxFIFO
                0x0800213c       0x70 ./Dave/Generated/SPI_MASTER/spi_master.o
 .text.SPI_MASTER_lStdRBUFFlush
                0x080021ac       0x1c ./Dave/Generated/SPI_MASTER/spi_master.o
 .text.__NVIC_GetPriorityGrouping
                0x080021c8       0x1c ./Dave/Generated/SPI_MASTER/spi_master_conf.o
 .text.__NVIC_EnableIRQ
                0x080021e4       0x38 ./Dave/Generated/SPI_MASTER/spi_master_conf.o
 .text.__NVIC_SetPriority
                0x0800221c       0x54 ./Dave/Generated/SPI_MASTER/spi_master_conf.o
 .text.NVIC_EncodePriority
                0x08002270       0x64 ./Dave/Generated/SPI_MASTER/spi_master_conf.o
 .text.XMC_USIC_CH_SetInputSource
                0x080022d4       0x3c ./Dave/Generated/SPI_MASTER/spi_master_conf.o
 .text.XMC_USIC_CH_SetWordLength
                0x08002310       0x2c ./Dave/Generated/SPI_MASTER/spi_master_conf.o
 .text.XMC_USIC_CH_SetFrameLength
                0x0800233c       0x2c ./Dave/Generated/SPI_MASTER/spi_master_conf.o
 .text.XMC_USIC_CH_ConfigureShiftClockOutput
                0x08002368       0x2c ./Dave/Generated/SPI_MASTER/spi_master_conf.o
 .text.XMC_USIC_CH_SetMode
                0x08002394       0x28 ./Dave/Generated/SPI_MASTER/spi_master_conf.o
 .text.XMC_SPI_CH_Start
                0x080023bc       0x18 ./Dave/Generated/SPI_MASTER/spi_master_conf.o
 .text.XMC_SPI_CH_SetSlaveSelectDelay
                0x080023d4       0x2c ./Dave/Generated/SPI_MASTER/spi_master_conf.o
 .text.XMC_SPI_CH_ConfigureShiftClockOutput
                0x08002400       0x1c ./Dave/Generated/SPI_MASTER/spi_master_conf.o
 .text.XMC_SPI_CH_SetWordLength
                0x0800241c       0x1c ./Dave/Generated/SPI_MASTER/spi_master_conf.o
 .text.XMC_SPI_CH_SetFrameLength
                0x08002438       0x1c ./Dave/Generated/SPI_MASTER/spi_master_conf.o
 .text.XMC_SPI_CH_SetInputSource
                0x08002454       0x44 ./Dave/Generated/SPI_MASTER/spi_master_conf.o
 .text.SPI_MASTER_0_lInit
                0x08002498      0x120 ./Dave/Generated/SPI_MASTER/spi_master_conf.o
 .text.USIC2_3_IRQHandler
                0x080025b8       0x10 ./Dave/Generated/SPI_MASTER/spi_master_conf.o
                0x080025b8                USIC2_3_IRQHandler
 .text.USIC2_2_IRQHandler
                0x080025c8       0x10 ./Dave/Generated/SPI_MASTER/spi_master_conf.o
                0x080025c8                USIC2_2_IRQHandler
 .text.XMC_CCU4_EnableClock
                0x080025d8       0x20 ./Dave/Generated/PWM/pwm.o
 .text.XMC_CCU4_SLICE_StartTimer
                0x080025f8       0x18 ./Dave/Generated/PWM/pwm.o
 .text.XMC_CCU4_SLICE_SetTimerPeriodMatch
                0x08002610       0x1c ./Dave/Generated/PWM/pwm.o
 .text.XMC_CCU4_SLICE_SetTimerCompareMatch
                0x0800262c       0x1c ./Dave/Generated/PWM/pwm.o
 .text.XMC_CCU4_EnableShadowTransfer
                0x08002648       0x1c ./Dave/Generated/PWM/pwm.o
 .text.XMC_CCU4_SLICE_EnableEvent
                0x08002664       0x2c ./Dave/Generated/PWM/pwm.o
 .text.PWM_lCCU4_Init
                0x08002690       0xbc ./Dave/Generated/PWM/pwm.o
                0x08002690                PWM_lCCU4_Init
 .text.PWM_lCCU4_ConfigInterrupts
                0x0800274c       0x64 ./Dave/Generated/PWM/pwm.o
                0x0800274c                PWM_lCCU4_ConfigInterrupts
 .text.PWM_lCCU4_Start
                0x080027b0       0x48 ./Dave/Generated/PWM/pwm.o
                0x080027b0                PWM_lCCU4_Start
 .text.PWM_lCCU4_SetDutyCycle
                0x080027f8       0x80 ./Dave/Generated/PWM/pwm.o
                0x080027f8                PWM_lCCU4_SetDutyCycle
 .text.PWM_Init
                0x08002878       0x2c ./Dave/Generated/PWM/pwm.o
                0x08002878                PWM_Init
 .text.PWM_Start
                0x080028a4       0x20 ./Dave/Generated/PWM/pwm.o
                0x080028a4                PWM_Start
 .text.PWM_SetDutyCycle
                0x080028c4       0x30 ./Dave/Generated/PWM/pwm.o
                0x080028c4                PWM_SetDutyCycle
 .text.__NVIC_GetPriorityGrouping
                0x080028f4       0x1c ./Dave/Generated/PIN_INTERRUPT/pin_interrupt.o
 .text.__NVIC_EnableIRQ
                0x08002910       0x38 ./Dave/Generated/PIN_INTERRUPT/pin_interrupt.o
 .text.__NVIC_ClearPendingIRQ
                0x08002948       0x3c ./Dave/Generated/PIN_INTERRUPT/pin_interrupt.o
 .text.__NVIC_SetPriority
                0x08002984       0x54 ./Dave/Generated/PIN_INTERRUPT/pin_interrupt.o
 .text.NVIC_EncodePriority
                0x080029d8       0x64 ./Dave/Generated/PIN_INTERRUPT/pin_interrupt.o
 .text.PIN_INTERRUPT_Init
                0x08002a3c       0xa0 ./Dave/Generated/PIN_INTERRUPT/pin_interrupt.o
                0x08002a3c                PIN_INTERRUPT_Init
 .text.XMC_CCU4_StartPrescaler
                0x08002adc       0x1c ./Dave/Generated/GLOBAL_CCU4/global_ccu4.o
 .text.GLOBAL_CCU4_Init
                0x08002af8       0x40 ./Dave/Generated/GLOBAL_CCU4/global_ccu4.o
                0x08002af8                GLOBAL_CCU4_Init
 .text.pxPortInitialiseStack
                0x08002b38       0x68 ./Dave/Generated/FREERTOS/portable/GCC/port.o
                0x08002b38                pxPortInitialiseStack
 .text.prvTaskExitError
                0x08002ba0       0x50 ./Dave/Generated/FREERTOS/portable/GCC/port.o
 .text.SVC_Handler
                0x08002bf0       0x30 ./Dave/Generated/FREERTOS/portable/GCC/port.o
                0x08002bf0                SVC_Handler
 .text.prvPortStartFirstTask
                0x08002c20       0x28 ./Dave/Generated/FREERTOS/portable/GCC/port.o
 .text.xPortStartScheduler
                0x08002c48      0x13c ./Dave/Generated/FREERTOS/portable/GCC/port.o
                0x08002c48                xPortStartScheduler
 .text.vPortEnterCritical
                0x08002d84       0x5c ./Dave/Generated/FREERTOS/portable/GCC/port.o
                0x08002d84                vPortEnterCritical
 .text.vPortExitCritical
                0x08002de0       0x4c ./Dave/Generated/FREERTOS/portable/GCC/port.o
                0x08002de0                vPortExitCritical
 *fill*         0x08002e2c        0x4 
 .text.PendSV_Handler
                0x08002e30       0x70 ./Dave/Generated/FREERTOS/portable/GCC/port.o
                0x08002e30                PendSV_Handler
 .text.SysTick_Handler
                0x08002ea0       0x40 ./Dave/Generated/FREERTOS/portable/GCC/port.o
                0x08002ea0                SysTick_Handler
 .text.vPortSetupTimerInterrupt
                0x08002ee0       0x44 ./Dave/Generated/FREERTOS/portable/GCC/port.o
                0x08002ee0                vPortSetupTimerInterrupt
 .text.vPortEnableVFP
                0x08002f24       0x14 ./Dave/Generated/FREERTOS/portable/GCC/port.o
 .text.vPortValidateInterruptPriority
                0x08002f38       0x78 ./Dave/Generated/FREERTOS/portable/GCC/port.o
                0x08002f38                vPortValidateInterruptPriority
 .text.pvPortMalloc
                0x08002fb0       0x24 ./Dave/Generated/FREERTOS/heap.o
                0x08002fb0                pvPortMalloc
 .text.vPortFree
                0x08002fd4       0x24 ./Dave/Generated/FREERTOS/heap.o
                0x08002fd4                vPortFree
 .text.vListInitialise
                0x08002ff8       0x40 ./Dave/Generated/FREERTOS/list.o
                0x08002ff8                vListInitialise
 .text.vListInitialiseItem
                0x08003038       0x18 ./Dave/Generated/FREERTOS/list.o
                0x08003038                vListInitialiseItem
 .text.vListInsertEnd
                0x08003050       0x48 ./Dave/Generated/FREERTOS/list.o
                0x08003050                vListInsertEnd
 .text.vListInsert
                0x08003098       0x70 ./Dave/Generated/FREERTOS/list.o
                0x08003098                vListInsert
 .text.uxListRemove
                0x08003108       0x54 ./Dave/Generated/FREERTOS/list.o
                0x08003108                uxListRemove
 .text.xQueueGenericReset
                0x0800315c       0xd0 ./Dave/Generated/FREERTOS/queue.o
                0x0800315c                xQueueGenericReset
 .text.xQueueGenericCreate
                0x0800322c       0x78 ./Dave/Generated/FREERTOS/queue.o
                0x0800322c                xQueueGenericCreate
 .text.prvInitialiseNewQueue
                0x080032a4       0x4c ./Dave/Generated/FREERTOS/queue.o
 .text.xQueueGenericSend
                0x080032f0      0x23c ./Dave/Generated/FREERTOS/queue.o
                0x080032f0                xQueueGenericSend
 .text.xQueueGenericSendFromISR
                0x0800352c      0x14c ./Dave/Generated/FREERTOS/queue.o
                0x0800352c                xQueueGenericSendFromISR
 .text.xQueueGiveFromISR
                0x08003678      0x138 ./Dave/Generated/FREERTOS/queue.o
                0x08003678                xQueueGiveFromISR
 .text.xQueueReceive
                0x080037b0      0x1c0 ./Dave/Generated/FREERTOS/queue.o
                0x080037b0                xQueueReceive
 .text.xQueueSemaphoreTake
                0x08003970      0x214 ./Dave/Generated/FREERTOS/queue.o
                0x08003970                xQueueSemaphoreTake
 .text.prvGetDisinheritPriorityAfterTimeout
                0x08003b84       0x30 ./Dave/Generated/FREERTOS/queue.o
 .text.prvCopyDataToQueue
                0x08003bb4       0xd8 ./Dave/Generated/FREERTOS/queue.o
 .text.prvCopyDataFromQueue
                0x08003c8c       0x4c ./Dave/Generated/FREERTOS/queue.o
 .text.prvUnlockQueue
                0x08003cd8       0xc0 ./Dave/Generated/FREERTOS/queue.o
 .text.prvIsQueueEmpty
                0x08003d98       0x2c ./Dave/Generated/FREERTOS/queue.o
 .text.prvIsQueueFull
                0x08003dc4       0x30 ./Dave/Generated/FREERTOS/queue.o
 .text.vQueueAddToRegistry
                0x08003df4       0x50 ./Dave/Generated/FREERTOS/queue.o
                0x08003df4                vQueueAddToRegistry
 .text.vQueueWaitForMessageRestricted
                0x08003e44       0x6c ./Dave/Generated/FREERTOS/queue.o
                0x08003e44                vQueueWaitForMessageRestricted
 .text.prvNotifyQueueSetContainer
                0x08003eb0       0xb4 ./Dave/Generated/FREERTOS/queue.o
 .text.xTaskCreate
                0x08003f64       0x84 ./Dave/Generated/FREERTOS/tasks.o
                0x08003f64                xTaskCreate
 .text.prvInitialiseNewTask
                0x08003fe8      0x144 ./Dave/Generated/FREERTOS/tasks.o
 .text.prvAddNewTaskToReadyList
                0x0800412c       0xe0 ./Dave/Generated/FREERTOS/tasks.o
 .text.vTaskDelay
                0x0800420c       0x64 ./Dave/Generated/FREERTOS/tasks.o
                0x0800420c                vTaskDelay
 .text.vTaskStartScheduler
                0x08004270       0x94 ./Dave/Generated/FREERTOS/tasks.o
                0x08004270                vTaskStartScheduler
 .text.vTaskSuspendAll
                0x08004304       0x1c ./Dave/Generated/FREERTOS/tasks.o
                0x08004304                vTaskSuspendAll
 .text.xTaskResumeAll
                0x08004320      0x13c ./Dave/Generated/FREERTOS/tasks.o
                0x08004320                xTaskResumeAll
 .text.xTaskGetTickCount
                0x0800445c       0x20 ./Dave/Generated/FREERTOS/tasks.o
                0x0800445c                xTaskGetTickCount
 .text.xTaskIncrementTick
                0x0800447c      0x174 ./Dave/Generated/FREERTOS/tasks.o
                0x0800447c                xTaskIncrementTick
 .text.vTaskSwitchContext
                0x080045f0       0xb4 ./Dave/Generated/FREERTOS/tasks.o
                0x080045f0                vTaskSwitchContext
 .text.vTaskPlaceOnEventList
                0x080046a4       0x44 ./Dave/Generated/FREERTOS/tasks.o
                0x080046a4                vTaskPlaceOnEventList
 .text.vTaskPlaceOnEventListRestricted
                0x080046e8       0x54 ./Dave/Generated/FREERTOS/tasks.o
                0x080046e8                vTaskPlaceOnEventListRestricted
 .text.xTaskRemoveFromEventList
                0x0800473c       0xc8 ./Dave/Generated/FREERTOS/tasks.o
                0x0800473c                xTaskRemoveFromEventList
 .text.vTaskInternalSetTimeOutState
                0x08004804       0x2c ./Dave/Generated/FREERTOS/tasks.o
                0x08004804                vTaskInternalSetTimeOutState
 .text.xTaskCheckForTimeOut
                0x08004830       0xe0 ./Dave/Generated/FREERTOS/tasks.o
                0x08004830                xTaskCheckForTimeOut
 .text.vTaskMissedYield
                0x08004910       0x18 ./Dave/Generated/FREERTOS/tasks.o
                0x08004910                vTaskMissedYield
 .text.prvIdleTask
                0x08004928       0x30 ./Dave/Generated/FREERTOS/tasks.o
 .text.prvInitialiseTaskLists
                0x08004958       0x7c ./Dave/Generated/FREERTOS/tasks.o
 .text.prvCheckTasksWaitingTermination
                0x080049d4       0x58 ./Dave/Generated/FREERTOS/tasks.o
 .text.prvDeleteTCB
                0x08004a2c       0x20 ./Dave/Generated/FREERTOS/tasks.o
 .text.prvResetNextTaskUnblockTime
                0x08004a4c       0x40 ./Dave/Generated/FREERTOS/tasks.o
 .text.xTaskGetSchedulerState
                0x08004a8c       0x3c ./Dave/Generated/FREERTOS/tasks.o
                0x08004a8c                xTaskGetSchedulerState
 .text.xTaskPriorityInherit
                0x08004ac8      0x104 ./Dave/Generated/FREERTOS/tasks.o
                0x08004ac8                xTaskPriorityInherit
 .text.xTaskPriorityDisinherit
                0x08004bcc      0x10c ./Dave/Generated/FREERTOS/tasks.o
                0x08004bcc                xTaskPriorityDisinherit
 .text.vTaskPriorityDisinheritAfterTimeout
                0x08004cd8      0x134 ./Dave/Generated/FREERTOS/tasks.o
                0x08004cd8                vTaskPriorityDisinheritAfterTimeout
 .text.pvTaskIncrementMutexHeldCount
                0x08004e0c       0x28 ./Dave/Generated/FREERTOS/tasks.o
                0x08004e0c                pvTaskIncrementMutexHeldCount
 .text.prvAddCurrentTaskToDelayedList
                0x08004e34       0xd4 ./Dave/Generated/FREERTOS/tasks.o
 .text.xTimerCreateTimerTask
                0x08004f08       0x64 ./Dave/Generated/FREERTOS/timers.o
                0x08004f08                xTimerCreateTimerTask
 .text.xTimerGenericCommand
                0x08004f6c       0xa4 ./Dave/Generated/FREERTOS/timers.o
                0x08004f6c                xTimerGenericCommand
 .text.prvProcessExpiredTimer
                0x08005010       0x98 ./Dave/Generated/FREERTOS/timers.o
 .text.prvTimerTask
                0x080050a8       0x24 ./Dave/Generated/FREERTOS/timers.o
 .text.prvProcessTimerOrBlockTask
                0x080050cc       0x9c ./Dave/Generated/FREERTOS/timers.o
 .text.prvGetNextExpireTime
                0x08005168       0x48 ./Dave/Generated/FREERTOS/timers.o
 .text.prvSampleTimeNow
                0x080051b0       0x40 ./Dave/Generated/FREERTOS/timers.o
 .text.prvInsertTimerInActiveList
                0x080051f0       0x84 ./Dave/Generated/FREERTOS/timers.o
 .text.prvProcessReceivedCommands
                0x08005274      0x1c4 ./Dave/Generated/FREERTOS/timers.o
 .text.prvSwitchTimerLists
                0x08005438       0xc4 ./Dave/Generated/FREERTOS/timers.o
 .text.prvCheckForValidListAndQueue
                0x080054fc       0x6c ./Dave/Generated/FREERTOS/timers.o
 .text.DIGITAL_IO_Init
                0x08005568       0x40 ./Dave/Generated/DIGITAL_IO/digital_io.o
                0x08005568                DIGITAL_IO_Init
 .text.__NVIC_SetPriorityGrouping
                0x080055a8       0x48 ./Dave/Generated/CPU_CTRL_XMC4/cpu_ctrl_xmc4_conf.o
 .text.SystemCoreSetup
                0x080055f0       0xa0 ./Dave/Generated/CPU_CTRL_XMC4/cpu_ctrl_xmc4_conf.o
                0x080055f0                SystemCoreSetup
 .text.CLOCK_XMC4_Init
                0x08005690       0x20 ./Dave/Generated/CLOCK_XMC4/clock_xmc4.o
                0x08005690                CLOCK_XMC4_Init
 .text.OSCHP_GetFrequency
                0x080056b0       0x14 ./Dave/Generated/CLOCK_XMC4/clock_xmc4.o
                0x080056b0                OSCHP_GetFrequency
 .text.SystemCoreClockSetup
                0x080056c4       0x54 ./Dave/Generated/CLOCK_XMC4/clock_xmc4_conf.o
                0x080056c4                SystemCoreClockSetup
 .text.XMC_GPIO_SetOutputLevel
                0x08005718       0x24 ./Dave/Generated/BUS_IO/bus_io.o
 .text.XMC_GPIO_GetInput
                0x0800573c       0x28 ./Dave/Generated/BUS_IO/bus_io.o
 .text.BUS_IO_Init
                0x08005764       0x64 ./Dave/Generated/BUS_IO/bus_io.o
                0x08005764                BUS_IO_Init
 .text.BUS_IO_Read
                0x080057c8       0x5c ./Dave/Generated/BUS_IO/bus_io.o
                0x080057c8                BUS_IO_Read
 .text.BUS_IO_Write
                0x08005824       0x70 ./Dave/Generated/BUS_IO/bus_io.o
                0x08005824                BUS_IO_Write
 .text.DAVE_Init
                0x08005894      0x150 ./Dave/Generated/DAVE.o
                0x08005894                DAVE_Init
 .text.XMC_GPIO_SetOutputHigh
                0x080059e4       0x20 ./main.o
 .text.XMC_GPIO_SetOutputLow
                0x08005a04       0x24 ./main.o
 .text.XMC_GPIO_GetInput
                0x08005a28       0x28 ./main.o
 .text.XMC_SPI_CH_SetBitOrderLsbFirst
                0x08005a50       0x20 ./main.o
 .text.DIGITAL_IO_SetOutputHigh
                0x08005a70       0x20 ./main.o
 .text.DIGITAL_IO_SetOutputLow
                0x08005a90       0x20 ./main.o
 .text.PIN_INTERRUPT_GetPinValue
                0x08005ab0       0x24 ./main.o
 .text.FORWARD_Task
                0x08005ad4       0xf0 ./main.o
                0x08005ad4                FORWARD_Task
 .text.BACKWARD_Task
                0x08005bc4       0xf0 ./main.o
                0x08005bc4                BACKWARD_Task
 .text.LEFT_Task
                0x08005cb4       0xf0 ./main.o
                0x08005cb4                LEFT_Task
 .text.RIGHT_Task
                0x08005da4       0xf0 ./main.o
                0x08005da4                RIGHT_Task
 .text.UP_Task  0x08005e94       0x8c ./main.o
                0x08005e94                UP_Task
 .text.DOWN_Task
                0x08005f20       0x8c ./main.o
                0x08005f20                DOWN_Task
 .text.OPEN_Task
                0x08005fac       0x5c ./main.o
                0x08005fac                OPEN_Task
 .text.CLOSE_Task
                0x08006008       0x60 ./main.o
                0x08006008                CLOSE_Task
 .text.ROTATE_Task
                0x08006068      0x138 ./main.o
                0x08006068                ROTATE_Task
 .text.DIRECTION_Task
                0x080061a0       0xa4 ./main.o
                0x080061a0                DIRECTION_Task
 .text.CLAMP_Task
                0x08006244       0xa4 ./main.o
                0x08006244                CLAMP_Task
 .text.main     0x080062e8      0x294 ./main.o
                0x080062e8                main
 .text.ERU0_2_IRQHandler
                0x0800657c       0x18 ./main.o
                0x0800657c                ERU0_2_IRQHandler
 .text.ERU0_3_IRQHandler
                0x08006594       0x18 ./main.o
                0x08006594                ERU0_3_IRQHandler
 .text.ERU1_0_IRQHandler
                0x080065ac       0x18 ./main.o
                0x080065ac                ERU1_0_IRQHandler
 .text.tle94112el_enable
                0x080065c4       0x10 ./main.o
 .text.tle94112el_disable
                0x080065d4       0x10 ./main.o
 .text.tle94112el_spi_transfer
                0x080065e4       0x4c ./main.o
 .text.__errno  0x08006630        0xc c:/users/forge-15r/dave-ide-4.4.2-64bit/eclipse/arm-gcc-49/bin/../lib/gcc/arm-none-eabi/4.9.3/../../../../arm-none-eabi/lib/armv7e-m/softfp\libg_nano.a(lib_a-errno.o)
                0x08006630                __errno
 .text.__libc_init_array
                0x0800663c       0x4c c:/users/forge-15r/dave-ide-4.4.2-64bit/eclipse/arm-gcc-49/bin/../lib/gcc/arm-none-eabi/4.9.3/../../../../arm-none-eabi/lib/armv7e-m/softfp\libg_nano.a(lib_a-init.o)
                0x0800663c                __libc_init_array
 .text.malloc   0x08006688       0x10 c:/users/forge-15r/dave-ide-4.4.2-64bit/eclipse/arm-gcc-49/bin/../lib/gcc/arm-none-eabi/4.9.3/../../../../arm-none-eabi/lib/armv7e-m/softfp\libg_nano.a(lib_a-malloc.o)
                0x08006688                malloc
 .text.free     0x08006698       0x10 c:/users/forge-15r/dave-ide-4.4.2-64bit/eclipse/arm-gcc-49/bin/../lib/gcc/arm-none-eabi/4.9.3/../../../../arm-none-eabi/lib/armv7e-m/softfp\libg_nano.a(lib_a-malloc.o)
                0x08006698                free
 .text.memcpy   0x080066a8       0x16 c:/users/forge-15r/dave-ide-4.4.2-64bit/eclipse/arm-gcc-49/bin/../lib/gcc/arm-none-eabi/4.9.3/../../../../arm-none-eabi/lib/armv7e-m/softfp\libg_nano.a(lib_a-memcpy.o)
                0x080066a8                memcpy
 .text.memset   0x080066be       0x10 c:/users/forge-15r/dave-ide-4.4.2-64bit/eclipse/arm-gcc-49/bin/../lib/gcc/arm-none-eabi/4.9.3/../../../../arm-none-eabi/lib/armv7e-m/softfp\libg_nano.a(lib_a-memset.o)
                0x080066be                memset
 *fill*         0x080066ce        0x2 
 .text._free_r  0x080066d0       0x88 c:/users/forge-15r/dave-ide-4.4.2-64bit/eclipse/arm-gcc-49/bin/../lib/gcc/arm-none-eabi/4.9.3/../../../../arm-none-eabi/lib/armv7e-m/softfp\libg_nano.a(lib_a-nano-freer.o)
                0x080066d0                _free_r
 .text._malloc_r
                0x08006758       0xac c:/users/forge-15r/dave-ide-4.4.2-64bit/eclipse/arm-gcc-49/bin/../lib/gcc/arm-none-eabi/4.9.3/../../../../arm-none-eabi/lib/armv7e-m/softfp\libg_nano.a(lib_a-nano-mallocr.o)
                0x08006758                _malloc_r
 .text._sbrk_r  0x08006804       0x20 c:/users/forge-15r/dave-ide-4.4.2-64bit/eclipse/arm-gcc-49/bin/../lib/gcc/arm-none-eabi/4.9.3/../../../../arm-none-eabi/lib/armv7e-m/softfp\libg_nano.a(lib_a-sbrkr.o)
                0x08006804                _sbrk_r
 *(.init)
 *(.fini)
 *crtbegin.o(.ctors)
 *crtbegin?.o(.ctors)
 *(EXCLUDE_FILE(*crtend.o *crtend?.o) .ctors)
 *(SORT(.ctors.*))
 *(.ctors)
 *crtbegin.o(.dtors)
 *crtbegin?.o(.dtors)
 *(EXCLUDE_FILE(*crtend.o *crtend?.o) .dtors)
 *(SORT(.dtors.*))
 *(.dtors)
 *(.rodata .rodata.*)
 .rodata.SPI_MASTER_0_MOSI
                0x08006824        0x8 ./Dave/Generated/SPI_MASTER/spi_master_conf.o
                0x08006824                SPI_MASTER_0_MOSI
 .rodata.SPI_MASTER_0_MISO
                0x0800682c        0x8 ./Dave/Generated/SPI_MASTER/spi_master_conf.o
                0x0800682c                SPI_MASTER_0_MISO
 .rodata.SPI_MASTER_0_SCLKOUT
                0x08006834        0x8 ./Dave/Generated/SPI_MASTER/spi_master_conf.o
                0x08006834                SPI_MASTER_0_SCLKOUT
 .rodata.SPI_MASTER_0_SCLKOUT_Config
                0x0800683c       0x14 ./Dave/Generated/SPI_MASTER/spi_master_conf.o
                0x0800683c                SPI_MASTER_0_SCLKOUT_Config
 .rodata.SPI_MASTER_0_SS_0
                0x08006850        0x8 ./Dave/Generated/SPI_MASTER/spi_master_conf.o
                0x08006850                SPI_MASTER_0_SS_0
 .rodata.SPI_MASTER_0_SS_0_Config
                0x08006858       0x14 ./Dave/Generated/SPI_MASTER/spi_master_conf.o
                0x08006858                SPI_MASTER_0_SS_0_Config
 .rodata.SPI_MASTER_0_Config
                0x0800686c       0x8c ./Dave/Generated/SPI_MASTER/spi_master_conf.o
                0x0800686c                SPI_MASTER_0_Config
 .rodata.PWM_CLAMP_compare_config
                0x080068f8        0x8 ./Dave/Generated/PWM/pwm_conf.o
                0x080068f8                PWM_CLAMP_compare_config
 .rodata.PWM_CLAMP_gpio_out_config
                0x08006900        0xc ./Dave/Generated/PWM/pwm_conf.o
                0x08006900                PWM_CLAMP_gpio_out_config
 .rodata.PWM_LIFT_compare_config
                0x0800690c        0x8 ./Dave/Generated/PWM/pwm_conf.o
                0x0800690c                PWM_LIFT_compare_config
 .rodata.PWM_LIFT_gpio_out_config
                0x08006914        0xc ./Dave/Generated/PWM/pwm_conf.o
                0x08006914                PWM_LIFT_gpio_out_config
 .rodata.PWM_ROTATE_compare_config
                0x08006920        0x8 ./Dave/Generated/PWM/pwm_conf.o
                0x08006920                PWM_ROTATE_compare_config
 .rodata.PWM_ROTATE_gpio_out_config
                0x08006928        0xc ./Dave/Generated/PWM/pwm_conf.o
                0x08006928                PWM_ROTATE_gpio_out_config
 .rodata.ROTATE_INTERRUPT
                0x08006934       0x24 ./Dave/Generated/PIN_INTERRUPT/pin_interrupt_conf.o
                0x08006934                ROTATE_INTERRUPT
 .rodata.DIRECTION_INTERRUPT
                0x08006958       0x24 ./Dave/Generated/PIN_INTERRUPT/pin_interrupt_conf.o
                0x08006958                DIRECTION_INTERRUPT
 .rodata.CLAMP_INTERRUPT
                0x0800697c       0x24 ./Dave/Generated/PIN_INTERRUPT/pin_interrupt_conf.o
                0x0800697c                CLAMP_INTERRUPT
 .rodata        0x080069a0       0x18 ./Dave/Generated/FREERTOS/tasks.o
 .rodata        0x080069b8       0x10 ./Dave/Generated/FREERTOS/timers.o
 .rodata.TLE94112_ENABLE
                0x080069c8       0x14 ./Dave/Generated/DIGITAL_IO/digital_io_conf.o
                0x080069c8                TLE94112_ENABLE
 .rodata.TLE94112_CS
                0x080069dc       0x14 ./Dave/Generated/DIGITAL_IO/digital_io_conf.o
                0x080069dc                TLE94112_CS
 .rodata.DIGITAL_IO_0
                0x080069f0       0x14 ./Dave/Generated/DIGITAL_IO/digital_io_conf.o
                0x080069f0                DIGITAL_IO_0
 .rodata.MOTOR_HIGH
                0x08006a04       0x14 ./Dave/Generated/DIGITAL_IO/digital_io_conf.o
                0x08006a04                MOTOR_HIGH
 .rodata.MOTOR_LOW
                0x08006a18       0x14 ./Dave/Generated/DIGITAL_IO/digital_io_conf.o
                0x08006a18                MOTOR_LOW
 .rodata        0x08006a2c       0x14 ./Dave/Generated/CLOCK_XMC4/clock_xmc4_conf.o
 .rodata.DIRECTION_BUS_IO_pin_list
                0x08006a40       0x10 ./Dave/Generated/BUS_IO/bus_io_conf.o
                0x08006a40                DIRECTION_BUS_IO_pin_list
 .rodata.CLAMP_BUS_IO_pin_list
                0x08006a50       0x10 ./Dave/Generated/BUS_IO/bus_io_conf.o
                0x08006a50                CLAMP_BUS_IO_pin_list
 .rodata.LED_BUS_IO_pin_list
                0x08006a60       0x20 ./Dave/Generated/BUS_IO/bus_io_conf.o
                0x08006a60                LED_BUS_IO_pin_list
 .rodata.TLE94112EL_0
                0x08006a80        0xc ./main.o
 .rodata        0x08006a8c       0x5c ./main.o
 .rodata.str1.1
                0x08006ae8        0x2 c:/users/forge-15r/dave-ide-4.4.2-64bit/eclipse/arm-gcc-49/bin/../lib/gcc/arm-none-eabi/4.9.3/../../../../arm-none-eabi/lib/armv7e-m/softfp\libg_nano.a(lib_a-impure.o)
 *(.gnu.linkonce.r*)
 *(vtable)
                0x08006aec                . = ALIGN (0x4)
 *fill*         0x08006aea        0x2 

.glue_7         0x08006aec        0x0 load address 0x0c006aec
 .glue_7        0x00000000        0x0 linker stubs

.glue_7t        0x08006aec        0x0 load address 0x0c006aec
 .glue_7t       0x00000000        0x0 linker stubs

.vfp11_veneer   0x08006aec        0x0 load address 0x0c006aec
 .vfp11_veneer  0x00000000        0x0 linker stubs

.v4_bx          0x08006aec        0x0 load address 0x0c006aec
 .v4_bx         0x00000000        0x0 linker stubs

.iplt           0x08006aec        0x0 load address 0x0c006aec
 .iplt          0x00000000        0x0 ./ext_lib/base.o

.rel.dyn        0x08006aec        0x0 load address 0x0c006aec
 .rel.iplt      0x00000000        0x0 ./ext_lib/base.o

.eh_frame_hdr
 *(.eh_frame_hdr)

.eh_frame
 *(.eh_frame)

.ARM.extab
 *(.ARM.extab* .gnu.linkonce.armextab.*)
                0x08006aec                . = ALIGN (0x4)
                0x08006aec                __exidx_start = .

.ARM.exidx
 *(.ARM.exidx* .gnu.linkonce.armexidx.*)
                0x08006aec                __exidx_end = .
                0x08006aec                . = ALIGN (0x4)

Stack           0x1ffe8000      0x800
                0x1ffe8000                __stack_start = .
                0x1ffe8800                . = (. + stack_size)
 *fill*         0x1ffe8000      0x800 
                0x1ffe8800                __stack_end = .
                0x1ffe8800                __initial_sp = .

.ram_code       0x1ffe8800        0x0 load address 0x0c006aec
                0x1ffe8800                . = ALIGN (0x4)
                0x1ffe8800                __ram_code_start = .
 *(.ram_code)
                0x1ffe8800                . = ALIGN (0x4)
                0x1ffe8800                __ram_code_end = .
                0x0c006aec                __ram_code_load = LOADADDR (.ram_code)
                0x00000000                __ram_code_size = (__ram_code_end - __ram_code_start)

.data           0x1ffe8800      0x1c0 load address 0x0c006aec
                0x1ffe8800                . = ALIGN (0x4)
                0x1ffe8800                __data_start = .
 *(.data)
 *(.data*)
 .data.SPI_MASTER_0_MOSI_Config
                0x1ffe8800       0x14 ./Dave/Generated/SPI_MASTER/spi_master_conf.o
                0x1ffe8800                SPI_MASTER_0_MOSI_Config
 .data.SPI_MASTER_0_Channel_Config
                0x1ffe8814        0xc ./Dave/Generated/SPI_MASTER/spi_master_conf.o
                0x1ffe8814                SPI_MASTER_0_Channel_Config
 .data.SPI_MASTER_0_runtime
                0x1ffe8820       0x24 ./Dave/Generated/SPI_MASTER/spi_master_conf.o
                0x1ffe8820                SPI_MASTER_0_runtime
 .data.SPI_MASTER_0
                0x1ffe8844        0xc ./Dave/Generated/SPI_MASTER/spi_master_conf.o
                0x1ffe8844                SPI_MASTER_0
 .data.PWM_CLAMP
                0x1ffe8850       0x34 ./Dave/Generated/PWM/pwm_conf.o
                0x1ffe8850                PWM_CLAMP
 .data.PWM_LIFT
                0x1ffe8884       0x34 ./Dave/Generated/PWM/pwm_conf.o
                0x1ffe8884                PWM_LIFT
 .data.PWM_ROTATE
                0x1ffe88b8       0x34 ./Dave/Generated/PWM/pwm_conf.o
                0x1ffe88b8                PWM_ROTATE
 .data.GLOBAL_CCU4_0
                0x1ffe88ec       0x10 ./Dave/Generated/GLOBAL_CCU4/global_ccu4_conf.o
                0x1ffe88ec                GLOBAL_CCU4_0
 .data.GLOBAL_CCU4_1
                0x1ffe88fc       0x10 ./Dave/Generated/GLOBAL_CCU4/global_ccu4_conf.o
                0x1ffe88fc                GLOBAL_CCU4_1
 .data.GLOBAL_CCU4_2
                0x1ffe890c       0x10 ./Dave/Generated/GLOBAL_CCU4/global_ccu4_conf.o
                0x1ffe890c                GLOBAL_CCU4_2
 .data.uxCriticalNesting
                0x1ffe891c        0x4 ./Dave/Generated/FREERTOS/portable/GCC/port.o
 .data.DIRECTION_BUS_IO
                0x1ffe8920       0x14 ./Dave/Generated/BUS_IO/bus_io_conf.o
                0x1ffe8920                DIRECTION_BUS_IO
 .data.CLAMP_BUS_IO
                0x1ffe8934       0x14 ./Dave/Generated/BUS_IO/bus_io_conf.o
                0x1ffe8934                CLAMP_BUS_IO
 .data.LED_BUS_IO
                0x1ffe8948       0x14 ./Dave/Generated/BUS_IO/bus_io_conf.o
                0x1ffe8948                LED_BUS_IO
 .data.impure_data
                0x1ffe895c       0x60 c:/users/forge-15r/dave-ide-4.4.2-64bit/eclipse/arm-gcc-49/bin/../lib/gcc/arm-none-eabi/4.9.3/../../../../arm-none-eabi/lib/armv7e-m/softfp\libg_nano.a(lib_a-impure.o)
 .data._impure_ptr
                0x1ffe89bc        0x4 c:/users/forge-15r/dave-ide-4.4.2-64bit/eclipse/arm-gcc-49/bin/../lib/gcc/arm-none-eabi/4.9.3/../../../../arm-none-eabi/lib/armv7e-m/softfp\libg_nano.a(lib_a-impure.o)
                0x1ffe89bc                _impure_ptr
 *(*.data)
 *(.gnu.linkonce.d*)
                0x1ffe89c0                . = ALIGN (0x4)
                0x1ffe89c0                PROVIDE (__preinit_array_start, .)
 *(.preinit_array)
                0x1ffe89c0                PROVIDE (__preinit_array_end, .)
                0x1ffe89c0                . = ALIGN (0x4)
                0x1ffe89c0                PROVIDE (__init_array_start, .)
 *(SORT(.init_array.*))
 *(.init_array)
                0x1ffe89c0                PROVIDE (__init_array_end, .)
                0x1ffe89c0                . = ALIGN (0x4)
                0x1ffe89c0                PROVIDE (__fini_array_start, .)
 *(SORT(.fini_array.*))
 *(.fini_array)
                0x1ffe89c0                PROVIDE (__fini_array_end, .)
                0x1ffe89c0                . = ALIGN (0x4)
                0x1ffe89c0                __data_end = .
                0x0c006aec                __data_load = LOADADDR (.data)
                0x000001c0                __data_size = (__data_end - __data_start)
                0x00006cac                __text_size = (((__exidx_end - sText) + __data_size) + __ram_code_size)
                0x08006cac                eText = (sText + __text_size)

.igot.plt       0x1ffe89c0        0x0 load address 0x0c006cac
 .igot.plt      0x00000000        0x0 ./ext_lib/base.o

.bss            0x1ffe89c0      0x214 load address 0x0c006cac
                0x1ffe89c0                . = ALIGN (0x4)
                0x1ffe89c0                __bss_start = .
 *(.bss)
 *(.bss*)
 .bss.heap_ptr.4331
                0x1ffe89c0        0x4 ./Libraries/Newlib/syscalls.o
 .bss.SPI_MASTER_0_MISO_Config
                0x1ffe89c4       0x14 ./Dave/Generated/SPI_MASTER/spi_master_conf.o
                0x1ffe89c4                SPI_MASTER_0_MISO_Config
 .bss.ucMaxSysCallPriority
                0x1ffe89d8        0x1 ./Dave/Generated/FREERTOS/portable/GCC/port.o
 *fill*         0x1ffe89d9        0x3 
 .bss.ulMaxPRIGROUPValue
                0x1ffe89dc        0x4 ./Dave/Generated/FREERTOS/portable/GCC/port.o
 .bss.pxCurrentTCB
                0x1ffe89e0        0x4 ./Dave/Generated/FREERTOS/tasks.o
                0x1ffe89e0                pxCurrentTCB
 .bss.pxReadyTasksLists
                0x1ffe89e4       0x64 ./Dave/Generated/FREERTOS/tasks.o
 .bss.xDelayedTaskList1
                0x1ffe8a48       0x14 ./Dave/Generated/FREERTOS/tasks.o
 .bss.xDelayedTaskList2
                0x1ffe8a5c       0x14 ./Dave/Generated/FREERTOS/tasks.o
 .bss.pxDelayedTaskList
                0x1ffe8a70        0x4 ./Dave/Generated/FREERTOS/tasks.o
 .bss.pxOverflowDelayedTaskList
                0x1ffe8a74        0x4 ./Dave/Generated/FREERTOS/tasks.o
 .bss.xPendingReadyList
                0x1ffe8a78       0x14 ./Dave/Generated/FREERTOS/tasks.o
 .bss.xTasksWaitingTermination
                0x1ffe8a8c       0x14 ./Dave/Generated/FREERTOS/tasks.o
 .bss.uxDeletedTasksWaitingCleanUp
                0x1ffe8aa0        0x4 ./Dave/Generated/FREERTOS/tasks.o
 .bss.xSuspendedTaskList
                0x1ffe8aa4       0x14 ./Dave/Generated/FREERTOS/tasks.o
 .bss.uxCurrentNumberOfTasks
                0x1ffe8ab8        0x4 ./Dave/Generated/FREERTOS/tasks.o
 .bss.xTickCount
                0x1ffe8abc        0x4 ./Dave/Generated/FREERTOS/tasks.o
 .bss.uxTopReadyPriority
                0x1ffe8ac0        0x4 ./Dave/Generated/FREERTOS/tasks.o
 .bss.xSchedulerRunning
                0x1ffe8ac4        0x4 ./Dave/Generated/FREERTOS/tasks.o
 .bss.uxPendedTicks
                0x1ffe8ac8        0x4 ./Dave/Generated/FREERTOS/tasks.o
 .bss.xYieldPending
                0x1ffe8acc        0x4 ./Dave/Generated/FREERTOS/tasks.o
 .bss.xNumOfOverflows
                0x1ffe8ad0        0x4 ./Dave/Generated/FREERTOS/tasks.o
 .bss.uxTaskNumber
                0x1ffe8ad4        0x4 ./Dave/Generated/FREERTOS/tasks.o
 .bss.xNextTaskUnblockTime
                0x1ffe8ad8        0x4 ./Dave/Generated/FREERTOS/tasks.o
 .bss.xIdleTaskHandle
                0x1ffe8adc        0x4 ./Dave/Generated/FREERTOS/tasks.o
 .bss.uxSchedulerSuspended
                0x1ffe8ae0        0x4 ./Dave/Generated/FREERTOS/tasks.o
 .bss.xActiveTimerList1
                0x1ffe8ae4       0x14 ./Dave/Generated/FREERTOS/timers.o
 .bss.xActiveTimerList2
                0x1ffe8af8       0x14 ./Dave/Generated/FREERTOS/timers.o
 .bss.pxCurrentTimerList
                0x1ffe8b0c        0x4 ./Dave/Generated/FREERTOS/timers.o
 .bss.pxOverflowTimerList
                0x1ffe8b10        0x4 ./Dave/Generated/FREERTOS/timers.o
 .bss.xTimerQueue
                0x1ffe8b14        0x4 ./Dave/Generated/FREERTOS/timers.o
 .bss.xTimerTaskHandle
                0x1ffe8b18        0x4 ./Dave/Generated/FREERTOS/timers.o
 .bss.xLastTime.7837
                0x1ffe8b1c        0x4 ./Dave/Generated/FREERTOS/timers.o
 .bss.CLOCK_XMC4_0
                0x1ffe8b20        0x4 ./Dave/Generated/CLOCK_XMC4/clock_xmc4_conf.o
                0x1ffe8b20                CLOCK_XMC4_0
 .bss.FORWARD_Handle
                0x1ffe8b24        0x4 ./main.o
                0x1ffe8b24                FORWARD_Handle
 .bss.BACKWARD_Handle
                0x1ffe8b28        0x4 ./main.o
                0x1ffe8b28                BACKWARD_Handle
 .bss.LEFT_Handle
                0x1ffe8b2c        0x4 ./main.o
                0x1ffe8b2c                LEFT_Handle
 .bss.RIGHT_Handle
                0x1ffe8b30        0x4 ./main.o
                0x1ffe8b30                RIGHT_Handle
 .bss.UP_Handle
                0x1ffe8b34        0x4 ./main.o
                0x1ffe8b34                UP_Handle
 .bss.DOWN_Handle
                0x1ffe8b38        0x4 ./main.o
                0x1ffe8b38                DOWN_Handle
 .bss.OPEN_Handle
                0x1ffe8b3c        0x4 ./main.o
                0x1ffe8b3c                OPEN_Handle
 .bss.CLOSE_Handle
                0x1ffe8b40        0x4 ./main.o
                0x1ffe8b40                CLOSE_Handle
 .bss.ROTATE_Handle
                0x1ffe8b44        0x4 ./main.o
                0x1ffe8b44                ROTATE_Handle
 .bss.DIRECTION_Handle
                0x1ffe8b48        0x4 ./main.o
                0x1ffe8b48                DIRECTION_Handle
 .bss.CLAMP_Handle
                0x1ffe8b4c        0x4 ./main.o
                0x1ffe8b4c                CLAMP_Handle
 .bss.__malloc_sbrk_start
                0x1ffe8b50        0x4 c:/users/forge-15r/dave-ide-4.4.2-64bit/eclipse/arm-gcc-49/bin/../lib/gcc/arm-none-eabi/4.9.3/../../../../arm-none-eabi/lib/armv7e-m/softfp\libg_nano.a(lib_a-nano-mallocr.o)
                0x1ffe8b50                __malloc_sbrk_start
 .bss.__malloc_free_list
                0x1ffe8b54        0x4 c:/users/forge-15r/dave-ide-4.4.2-64bit/eclipse/arm-gcc-49/bin/../lib/gcc/arm-none-eabi/4.9.3/../../../../arm-none-eabi/lib/armv7e-m/softfp\libg_nano.a(lib_a-nano-mallocr.o)
                0x1ffe8b54                __malloc_free_list
 *(COMMON)
 COMMON         0x1ffe8b58       0x40 ./Dave/Generated/FREERTOS/queue.o
                0x1ffe8b58                xQueueRegistry
 COMMON         0x1ffe8b98       0x38 ./main.o
                0x1ffe8b98                BACKWARD_interruptSemaphore
                0x1ffe8b9c                DOWN_interruptSemaphore
                0x1ffe8ba0                ROTATE_interruptSemaphore
                0x1ffe8ba4                LEFT_interruptSemaphore
                0x1ffe8ba8                clamp_status
                0x1ffe8bac                OPEN_interruptSemaphore
                0x1ffe8bb0                RIGHT_interruptSemaphore
                0x1ffe8bb4                DIRECTION_interruptSemaphore
                0x1ffe8bb8                pin_status
                0x1ffe8bbc                direction_status
                0x1ffe8bc0                UP_interruptSemaphore
                0x1ffe8bc4                CLAMP_interruptSemaphore
                0x1ffe8bc8                FORWARD_interruptSemaphore
                0x1ffe8bcc                CLOSE_interruptSemaphore
 COMMON         0x1ffe8bd0        0x4 c:/users/forge-15r/dave-ide-4.4.2-64bit/eclipse/arm-gcc-49/bin/../lib/gcc/arm-none-eabi/4.9.3/../../../../arm-none-eabi/lib/armv7e-m/softfp\libg_nano.a(lib_a-reent.o)
                0x1ffe8bd0                errno
 *(.gnu.linkonce.b*)
                0x1ffe8bd4                . = ALIGN (0x4)
                0x1ffe8bd4                __bss_end = .
                0x00000214                __bss_size = (__bss_end - __bss_start)
                0x0001742c                __shift_loc = (__bss_end >= ORIGIN (DSRAM_1_system))?0x0:(ORIGIN (DSRAM_1_system) - __bss_end)

USB_RAM         0x20000000        0x0
                0x20000000                . = ALIGN (0x4)
                0x20000000                USB_RAM_start = .
 *(USB_RAM)
                0x20000000                . = ALIGN (0x4)
                0x20000000                USB_RAM_end = .
                0x00000000                USB_RAM_size = (USB_RAM_end - USB_RAM_start)

ETH_RAM         0x20000000        0x0
                0x20000000                . = ALIGN (0x4)
                0x20000000                ETH_RAM_start = .
 *(ETH_RAM)
                0x20000000                . = ALIGN (0x4)
                0x20000000                ETH_RAM_end = .
                0x20000000                . = ALIGN (0x8)
                0x20000000                Heap_Bank1_Start = .
                0x00000000                ETH_RAM_size = (ETH_RAM_end - ETH_RAM_start)

.no_init        0x2003ffc0       0x14
                0x2003ffc0                Heap_Bank1_End = .
 *(.no_init)
 .no_init       0x2003ffc0       0x14 ./Startup/system_XMC4700.o
                0x2003ffc0                SystemCoreClock
                0x2003ffc4                g_chipid
                0x0003ffc0                Heap_Bank1_Size = (Heap_Bank1_End - Heap_Bank1_Start)
                0x00000001                ASSERT ((Heap_Bank1_Start <= Heap_Bank1_End), region SRAM_combined overflowed no_init section)

/DISCARD/
 *(.comment)

.stab
 *(.stab)

.stabstr
 *(.stabstr)

.debug
 *(.debug)

.line
 *(.line)

.debug_srcinfo
 *(.debug_srcinfo)

.debug_sfnames
 *(.debug_sfnames)

.debug_aranges  0x00000000     0x1458
 *(.debug_aranges)
 .debug_aranges
                0x00000000       0x28 ./ext_lib/base.o
 .debug_aranges
                0x00000028       0xa0 ./ext_lib/tle94112el.o
 .debug_aranges
                0x000000c8       0x20 ./Startup/startup_XMC4700.o
 .debug_aranges
                0x000000e8       0x48 ./Startup/system_XMC4700.o
 .debug_aranges
                0x00000130       0x28 ./Libraries/XMCLib/src/xmc4_eru.o
 .debug_aranges
                0x00000158       0x28 ./Libraries/XMCLib/src/xmc4_gpio.o
 .debug_aranges
                0x00000180      0x3e0 ./Libraries/XMCLib/src/xmc4_scu.o
 .debug_aranges
                0x00000560      0x138 ./Libraries/XMCLib/src/xmc_ccu4.o
 .debug_aranges
                0x00000698       0x88 ./Libraries/XMCLib/src/xmc_eru.o
 .debug_aranges
                0x00000720       0x28 ./Libraries/XMCLib/src/xmc_gpio.o
 .debug_aranges
                0x00000748       0x88 ./Libraries/XMCLib/src/xmc_spi.o
 .debug_aranges
                0x000007d0       0xb0 ./Libraries/XMCLib/src/xmc_usic.o
 .debug_aranges
                0x00000880       0x28 ./Libraries/Newlib/syscalls.o
 .debug_aranges
                0x000008a8      0x180 ./Dave/Generated/SPI_MASTER/spi_master.o
 .debug_aranges
                0x00000a28       0xa8 ./Dave/Generated/SPI_MASTER/spi_master_conf.o
 .debug_aranges
                0x00000ad0      0x110 ./Dave/Generated/PWM/pwm.o
 .debug_aranges
                0x00000be0       0x18 ./Dave/Generated/PWM/pwm_conf.o
 .debug_aranges
                0x00000bf8       0x60 ./Dave/Generated/PIN_INTERRUPT/pin_interrupt.o
 .debug_aranges
                0x00000c58       0x18 ./Dave/Generated/PIN_INTERRUPT/pin_interrupt_conf.o
 .debug_aranges
                0x00000c70       0x30 ./Dave/Generated/GLOBAL_CCU4/global_ccu4.o
 .debug_aranges
                0x00000ca0       0x18 ./Dave/Generated/GLOBAL_CCU4/global_ccu4_conf.o
 .debug_aranges
                0x00000cb8       0x80 ./Dave/Generated/FREERTOS/portable/GCC/port.o
 .debug_aranges
                0x00000d38       0x28 ./Dave/Generated/FREERTOS/heap.o
 .debug_aranges
                0x00000d60       0x40 ./Dave/Generated/FREERTOS/list.o
 .debug_aranges
                0x00000da0      0x170 ./Dave/Generated/FREERTOS/queue.o
 .debug_aranges
                0x00000f10      0x230 ./Dave/Generated/FREERTOS/tasks.o
 .debug_aranges
                0x00001140       0xe0 ./Dave/Generated/FREERTOS/timers.o
 .debug_aranges
                0x00001220       0x28 ./Dave/Generated/DIGITAL_IO/digital_io.o
 .debug_aranges
                0x00001248       0x18 ./Dave/Generated/DIGITAL_IO/digital_io_conf.o
 .debug_aranges
                0x00001260       0x28 ./Dave/Generated/CPU_CTRL_XMC4/cpu_ctrl_xmc4_conf.o
 .debug_aranges
                0x00001288       0x38 ./Dave/Generated/CLOCK_XMC4/clock_xmc4.o
 .debug_aranges
                0x000012c0       0x20 ./Dave/Generated/CLOCK_XMC4/clock_xmc4_conf.o
 .debug_aranges
                0x000012e0       0x60 ./Dave/Generated/BUS_IO/bus_io.o
 .debug_aranges
                0x00001340       0x18 ./Dave/Generated/BUS_IO/bus_io_conf.o
 .debug_aranges
                0x00001358       0x20 ./Dave/Generated/DAVE.o
 .debug_aranges
                0x00001378       0xe0 ./main.o

.debug_pubnames
 *(.debug_pubnames)

.debug_pubtypes
 *(.debug_pubtypes)

.debug_info     0x00000000    0x1c8f4
 *(.debug_info .gnu.linkonce.wi.*)
 .debug_info    0x00000000      0x208 ./ext_lib/base.o
 .debug_info    0x00000208      0x753 ./ext_lib/tle94112el.o
 .debug_info    0x0000095b       0x8d ./Startup/startup_XMC4700.o
 .debug_info    0x000009e8      0x9dc ./Startup/system_XMC4700.o
 .debug_info    0x000013c4      0x654 ./Libraries/XMCLib/src/xmc4_eru.o
 .debug_info    0x00001a18      0x4db ./Libraries/XMCLib/src/xmc4_gpio.o
 .debug_info    0x00001ef3     0x2423 ./Libraries/XMCLib/src/xmc4_scu.o
 .debug_info    0x00004316     0x1796 ./Libraries/XMCLib/src/xmc_ccu4.o
 .debug_info    0x00005aac      0xb68 ./Libraries/XMCLib/src/xmc_eru.o
 .debug_info    0x00006614      0x456 ./Libraries/XMCLib/src/xmc_gpio.o
 .debug_info    0x00006a6a      0xb4f ./Libraries/XMCLib/src/xmc_spi.o
 .debug_info    0x000075b9      0xec7 ./Libraries/XMCLib/src/xmc_usic.o
 .debug_info    0x00008480      0x11f ./Libraries/Newlib/syscalls.o
 .debug_info    0x0000859f     0x1d3e ./Dave/Generated/SPI_MASTER/spi_master.o
 .debug_info    0x0000a2dd     0x1a98 ./Dave/Generated/SPI_MASTER/spi_master_conf.o
 .debug_info    0x0000bd75     0x147a ./Dave/Generated/PWM/pwm.o
 .debug_info    0x0000d1ef      0xce0 ./Dave/Generated/PWM/pwm_conf.o
 .debug_info    0x0000decf     0x10fc ./Dave/Generated/PIN_INTERRUPT/pin_interrupt.o
 .debug_info    0x0000efcb      0xc7d ./Dave/Generated/PIN_INTERRUPT/pin_interrupt_conf.o
 .debug_info    0x0000fc48      0x43a ./Dave/Generated/GLOBAL_CCU4/global_ccu4.o
 .debug_info    0x00010082      0x35e ./Dave/Generated/GLOBAL_CCU4/global_ccu4_conf.o
 .debug_info    0x000103e0      0x653 ./Dave/Generated/FREERTOS/portable/GCC/port.o
 .debug_info    0x00010a33      0x1e6 ./Dave/Generated/FREERTOS/heap.o
 .debug_info    0x00010c19      0x3c1 ./Dave/Generated/FREERTOS/list.o
 .debug_info    0x00010fda     0x1c0a ./Dave/Generated/FREERTOS/queue.o
 .debug_info    0x00012be4     0x250d ./Dave/Generated/FREERTOS/tasks.o
 .debug_info    0x000150f1      0xf9f ./Dave/Generated/FREERTOS/timers.o
 .debug_info    0x00016090      0x595 ./Dave/Generated/DIGITAL_IO/digital_io.o
 .debug_info    0x00016625      0x518 ./Dave/Generated/DIGITAL_IO/digital_io_conf.o
 .debug_info    0x00016b3d      0x52e ./Dave/Generated/CPU_CTRL_XMC4/cpu_ctrl_xmc4_conf.o
 .debug_info    0x0001706b      0x2dd ./Dave/Generated/CLOCK_XMC4/clock_xmc4.o
 .debug_info    0x00017348      0x43e ./Dave/Generated/CLOCK_XMC4/clock_xmc4_conf.o
 .debug_info    0x00017786      0x7ad ./Dave/Generated/BUS_IO/bus_io.o
 .debug_info    0x00017f33      0x566 ./Dave/Generated/BUS_IO/bus_io_conf.o
 .debug_info    0x00018499     0x1ea6 ./Dave/Generated/DAVE.o
 .debug_info    0x0001a33f     0x25b5 ./main.o

.debug_abbrev   0x00000000     0x407c
 *(.debug_abbrev)
 .debug_abbrev  0x00000000       0xe2 ./ext_lib/base.o
 .debug_abbrev  0x000000e2      0x152 ./ext_lib/tle94112el.o
 .debug_abbrev  0x00000234       0x14 ./Startup/startup_XMC4700.o
 .debug_abbrev  0x00000248      0x1f1 ./Startup/system_XMC4700.o
 .debug_abbrev  0x00000439      0x171 ./Libraries/XMCLib/src/xmc4_eru.o
 .debug_abbrev  0x000005aa      0x153 ./Libraries/XMCLib/src/xmc4_gpio.o
 .debug_abbrev  0x000006fd      0x2bf ./Libraries/XMCLib/src/xmc4_scu.o
 .debug_abbrev  0x000009bc      0x232 ./Libraries/XMCLib/src/xmc_ccu4.o
 .debug_abbrev  0x00000bee      0x22f ./Libraries/XMCLib/src/xmc_eru.o
 .debug_abbrev  0x00000e1d      0x144 ./Libraries/XMCLib/src/xmc_gpio.o
 .debug_abbrev  0x00000f61      0x279 ./Libraries/XMCLib/src/xmc_spi.o
 .debug_abbrev  0x000011da      0x24c ./Libraries/XMCLib/src/xmc_usic.o
 .debug_abbrev  0x00001426       0xbd ./Libraries/Newlib/syscalls.o
 .debug_abbrev  0x000014e3      0x287 ./Dave/Generated/SPI_MASTER/spi_master.o
 .debug_abbrev  0x0000176a      0x27b ./Dave/Generated/SPI_MASTER/spi_master_conf.o
 .debug_abbrev  0x000019e5      0x286 ./Dave/Generated/PWM/pwm.o
 .debug_abbrev  0x00001c6b      0x19b ./Dave/Generated/PWM/pwm_conf.o
 .debug_abbrev  0x00001e06      0x293 ./Dave/Generated/PIN_INTERRUPT/pin_interrupt.o
 .debug_abbrev  0x00002099      0x1a1 ./Dave/Generated/PIN_INTERRUPT/pin_interrupt_conf.o
 .debug_abbrev  0x0000223a      0x196 ./Dave/Generated/GLOBAL_CCU4/global_ccu4.o
 .debug_abbrev  0x000023d0      0x124 ./Dave/Generated/GLOBAL_CCU4/global_ccu4_conf.o
 .debug_abbrev  0x000024f4      0x254 ./Dave/Generated/FREERTOS/portable/GCC/port.o
 .debug_abbrev  0x00002748      0x112 ./Dave/Generated/FREERTOS/heap.o
 .debug_abbrev  0x0000285a      0x112 ./Dave/Generated/FREERTOS/list.o
 .debug_abbrev  0x0000296c      0x29d ./Dave/Generated/FREERTOS/queue.o
 .debug_abbrev  0x00002c09      0x2d6 ./Dave/Generated/FREERTOS/tasks.o
 .debug_abbrev  0x00002edf      0x263 ./Dave/Generated/FREERTOS/timers.o
 .debug_abbrev  0x00003142      0x171 ./Dave/Generated/DIGITAL_IO/digital_io.o
 .debug_abbrev  0x000032b3      0x126 ./Dave/Generated/DIGITAL_IO/digital_io_conf.o
 .debug_abbrev  0x000033d9      0x1b4 ./Dave/Generated/CPU_CTRL_XMC4/cpu_ctrl_xmc4_conf.o
 .debug_abbrev  0x0000358d      0x13d ./Dave/Generated/CLOCK_XMC4/clock_xmc4.o
 .debug_abbrev  0x000036ca      0x134 ./Dave/Generated/CLOCK_XMC4/clock_xmc4_conf.o
 .debug_abbrev  0x000037fe      0x211 ./Dave/Generated/BUS_IO/bus_io.o
 .debug_abbrev  0x00003a0f      0x126 ./Dave/Generated/BUS_IO/bus_io_conf.o
 .debug_abbrev  0x00003b35      0x209 ./Dave/Generated/DAVE.o
 .debug_abbrev  0x00003d3e      0x33e ./main.o

.debug_line     0x00000000     0xa114
 *(.debug_line)
 .debug_line    0x00000000      0x138 ./ext_lib/base.o
 .debug_line    0x00000138      0x2eb ./ext_lib/tle94112el.o
 .debug_line    0x00000423       0x87 ./Startup/startup_XMC4700.o
 .debug_line    0x000004aa      0x2fb ./Startup/system_XMC4700.o
 .debug_line    0x000007a5      0x2a3 ./Libraries/XMCLib/src/xmc4_eru.o
 .debug_line    0x00000a48      0x233 ./Libraries/XMCLib/src/xmc4_gpio.o
 .debug_line    0x00000c7b      0xe0e ./Libraries/XMCLib/src/xmc4_scu.o
 .debug_line    0x00001a89      0x643 ./Libraries/XMCLib/src/xmc_ccu4.o
 .debug_line    0x000020cc      0x2f5 ./Libraries/XMCLib/src/xmc_eru.o
 .debug_line    0x000023c1      0x220 ./Libraries/XMCLib/src/xmc_gpio.o
 .debug_line    0x000025e1      0x3f5 ./Libraries/XMCLib/src/xmc_spi.o
 .debug_line    0x000029d6      0x534 ./Libraries/XMCLib/src/xmc_usic.o
 .debug_line    0x00002f0a       0xca ./Libraries/Newlib/syscalls.o
 .debug_line    0x00002fd4      0x88c ./Dave/Generated/SPI_MASTER/spi_master.o
 .debug_line    0x00003860      0x472 ./Dave/Generated/SPI_MASTER/spi_master_conf.o
 .debug_line    0x00003cd2      0x6a8 ./Dave/Generated/PWM/pwm.o
 .debug_line    0x0000437a      0x334 ./Dave/Generated/PWM/pwm_conf.o
 .debug_line    0x000046ae      0x3ff ./Dave/Generated/PIN_INTERRUPT/pin_interrupt.o
 .debug_line    0x00004aad      0x2bd ./Dave/Generated/PIN_INTERRUPT/pin_interrupt_conf.o
 .debug_line    0x00004d6a      0x348 ./Dave/Generated/GLOBAL_CCU4/global_ccu4.o
 .debug_line    0x000050b2      0x2a9 ./Dave/Generated/GLOBAL_CCU4/global_ccu4_conf.o
 .debug_line    0x0000535b      0x50c ./Dave/Generated/FREERTOS/portable/GCC/port.o
 .debug_line    0x00005867      0x21b ./Dave/Generated/FREERTOS/heap.o
 .debug_line    0x00005a82      0x248 ./Dave/Generated/FREERTOS/list.o
 .debug_line    0x00005cca      0xcf6 ./Dave/Generated/FREERTOS/queue.o
 .debug_line    0x000069c0     0x108b ./Dave/Generated/FREERTOS/tasks.o
 .debug_line    0x00007a4b      0x613 ./Dave/Generated/FREERTOS/timers.o
 .debug_line    0x0000805e      0x29b ./Dave/Generated/DIGITAL_IO/digital_io.o
 .debug_line    0x000082f9      0x214 ./Dave/Generated/DIGITAL_IO/digital_io_conf.o
 .debug_line    0x0000850d      0x28d ./Dave/Generated/CPU_CTRL_XMC4/cpu_ctrl_xmc4_conf.o
 .debug_line    0x0000879a      0x2d1 ./Dave/Generated/CLOCK_XMC4/clock_xmc4.o
 .debug_line    0x00008a6b      0x2a7 ./Dave/Generated/CLOCK_XMC4/clock_xmc4_conf.o
 .debug_line    0x00008d12      0x37c ./Dave/Generated/BUS_IO/bus_io.o
 .debug_line    0x0000908e      0x208 ./Dave/Generated/BUS_IO/bus_io_conf.o
 .debug_line    0x00009296      0x4b0 ./Dave/Generated/DAVE.o
 .debug_line    0x00009746      0x9ce ./main.o

.debug_frame    0x00000000     0x5624
 *(.debug_frame)
 .debug_frame   0x00000000       0x60 ./ext_lib/base.o
 .debug_frame   0x00000060      0x2b8 ./ext_lib/tle94112el.o
 .debug_frame   0x00000318       0xec ./Startup/system_XMC4700.o
 .debug_frame   0x00000404       0x60 ./Libraries/XMCLib/src/xmc4_eru.o
 .debug_frame   0x00000464       0x60 ./Libraries/XMCLib/src/xmc4_gpio.o
 .debug_frame   0x000004c4     0x1238 ./Libraries/XMCLib/src/xmc4_scu.o
 .debug_frame   0x000016fc      0x5b0 ./Libraries/XMCLib/src/xmc_ccu4.o
 .debug_frame   0x00001cac      0x240 ./Libraries/XMCLib/src/xmc_eru.o
 .debug_frame   0x00001eec       0x60 ./Libraries/XMCLib/src/xmc_gpio.o
 .debug_frame   0x00001f4c      0x240 ./Libraries/XMCLib/src/xmc_spi.o
 .debug_frame   0x0000218c      0x308 ./Libraries/XMCLib/src/xmc_usic.o
 .debug_frame   0x00002494       0x5c ./Libraries/Newlib/syscalls.o
 .debug_frame   0x000024f0      0x71c ./Dave/Generated/SPI_MASTER/spi_master.o
 .debug_frame   0x00002c0c      0x2c4 ./Dave/Generated/SPI_MASTER/spi_master_conf.o
 .debug_frame   0x00002ed0      0x4e8 ./Dave/Generated/PWM/pwm.o
 .debug_frame   0x000033b8      0x178 ./Dave/Generated/PIN_INTERRUPT/pin_interrupt.o
 .debug_frame   0x00003530       0x88 ./Dave/Generated/GLOBAL_CCU4/global_ccu4.o
 .debug_frame   0x000035b8      0x1b4 ./Dave/Generated/FREERTOS/portable/GCC/port.o
 .debug_frame   0x0000376c       0x60 ./Dave/Generated/FREERTOS/heap.o
 .debug_frame   0x000037cc       0xd8 ./Dave/Generated/FREERTOS/list.o
 .debug_frame   0x000038a4      0x6cc ./Dave/Generated/FREERTOS/queue.o
 .debug_frame   0x00003f70      0xa78 ./Dave/Generated/FREERTOS/tasks.o
 .debug_frame   0x000049e8      0x3e4 ./Dave/Generated/FREERTOS/timers.o
 .debug_frame   0x00004dcc       0x60 ./Dave/Generated/DIGITAL_IO/digital_io.o
 .debug_frame   0x00004e2c       0x60 ./Dave/Generated/CPU_CTRL_XMC4/cpu_ctrl_xmc4_conf.o
 .debug_frame   0x00004e8c       0xac ./Dave/Generated/CLOCK_XMC4/clock_xmc4.o
 .debug_frame   0x00004f38       0x3c ./Dave/Generated/CLOCK_XMC4/clock_xmc4_conf.o
 .debug_frame   0x00004f74      0x178 ./Dave/Generated/BUS_IO/bus_io.o
 .debug_frame   0x000050ec       0x38 ./Dave/Generated/DAVE.o
 .debug_frame   0x00005124      0x35c ./main.o
 .debug_frame   0x00005480       0x20 c:/users/forge-15r/dave-ide-4.4.2-64bit/eclipse/arm-gcc-49/bin/../lib/gcc/arm-none-eabi/4.9.3/../../../../arm-none-eabi/lib/armv7e-m/softfp\libg_nano.a(lib_a-errno.o)
 .debug_frame   0x000054a0       0x2c c:/users/forge-15r/dave-ide-4.4.2-64bit/eclipse/arm-gcc-49/bin/../lib/gcc/arm-none-eabi/4.9.3/../../../../arm-none-eabi/lib/armv7e-m/softfp\libg_nano.a(lib_a-init.o)
 .debug_frame   0x000054cc       0x30 c:/users/forge-15r/dave-ide-4.4.2-64bit/eclipse/arm-gcc-49/bin/../lib/gcc/arm-none-eabi/4.9.3/../../../../arm-none-eabi/lib/armv7e-m/softfp\libg_nano.a(lib_a-malloc.o)
 .debug_frame   0x000054fc       0x28 c:/users/forge-15r/dave-ide-4.4.2-64bit/eclipse/arm-gcc-49/bin/../lib/gcc/arm-none-eabi/4.9.3/../../../../arm-none-eabi/lib/armv7e-m/softfp\libg_nano.a(lib_a-memcpy.o)
 .debug_frame   0x00005524       0x20 c:/users/forge-15r/dave-ide-4.4.2-64bit/eclipse/arm-gcc-49/bin/../lib/gcc/arm-none-eabi/4.9.3/../../../../arm-none-eabi/lib/armv7e-m/softfp\libg_nano.a(lib_a-memset.o)
 .debug_frame   0x00005544       0x2c c:/users/forge-15r/dave-ide-4.4.2-64bit/eclipse/arm-gcc-49/bin/../lib/gcc/arm-none-eabi/4.9.3/../../../../arm-none-eabi/lib/armv7e-m/softfp\libg_nano.a(lib_a-nano-freer.o)
 .debug_frame   0x00005570       0x2c c:/users/forge-15r/dave-ide-4.4.2-64bit/eclipse/arm-gcc-49/bin/../lib/gcc/arm-none-eabi/4.9.3/../../../../arm-none-eabi/lib/armv7e-m/softfp\libg_nano.a(lib_a-nano-mallocr.o)
 .debug_frame   0x0000559c       0x2c c:/users/forge-15r/dave-ide-4.4.2-64bit/eclipse/arm-gcc-49/bin/../lib/gcc/arm-none-eabi/4.9.3/../../../../arm-none-eabi/lib/armv7e-m/softfp\libg_nano.a(lib_a-sbrkr.o)
 .debug_frame   0x000055c8       0x5c c:/users/forge-15r/dave-ide-4.4.2-64bit/eclipse/arm-gcc-49/bin/../lib/gcc/arm-none-eabi/4.9.3/../../../../arm-none-eabi/lib/armv7e-m/softfp\libg_nano.a(lib_a-reent.o)

.debug_str      0x00000000     0xbc31
 *(.debug_str)
 .debug_str     0x00000000      0x21f ./ext_lib/base.o
                                0x28c (size before relaxing)
 .debug_str     0x0000021f      0x59f ./ext_lib/tle94112el.o
                                0x7db (size before relaxing)
 .debug_str     0x000007be      0x433 ./Startup/system_XMC4700.o
                                0x638 (size before relaxing)
 .debug_str     0x00000bf1      0x720 ./Libraries/XMCLib/src/xmc4_eru.o
                                0x9b2 (size before relaxing)
 .debug_str     0x00001311      0x544 ./Libraries/XMCLib/src/xmc4_gpio.o
                                0x7ec (size before relaxing)
 .debug_str     0x00001855     0x1cf8 ./Libraries/XMCLib/src/xmc4_scu.o
                               0x28e4 (size before relaxing)
 .debug_str     0x0000354d     0x150e ./Libraries/XMCLib/src/xmc_ccu4.o
                               0x1ed9 (size before relaxing)
 .debug_str     0x00004a5b      0x9c5 ./Libraries/XMCLib/src/xmc_eru.o
                                0xcf0 (size before relaxing)
 .debug_str     0x00005420       0xca ./Libraries/XMCLib/src/xmc_gpio.o
                                0x69a (size before relaxing)
 .debug_str     0x000054ea      0xae8 ./Libraries/XMCLib/src/xmc_spi.o
                                0xdce (size before relaxing)
 .debug_str     0x00005fd2      0x9ed ./Libraries/XMCLib/src/xmc_usic.o
                               0x14d8 (size before relaxing)
 .debug_str     0x000069bf       0x6f ./Libraries/Newlib/syscalls.o
                                0x228 (size before relaxing)
 .debug_str     0x00006a2e     0x13ae ./Dave/Generated/SPI_MASTER/spi_master.o
                               0x23cb (size before relaxing)
 .debug_str     0x00007ddc      0x8a6 ./Dave/Generated/SPI_MASTER/spi_master_conf.o
                               0x25cc (size before relaxing)
 .debug_str     0x00008682      0x769 ./Dave/Generated/PWM/pwm.o
                               0x1461 (size before relaxing)
 .debug_str     0x00008deb      0x352 ./Dave/Generated/PWM/pwm_conf.o
                               0x120b (size before relaxing)
 .debug_str     0x0000913d      0x20c ./Dave/Generated/PIN_INTERRUPT/pin_interrupt.o
                               0x13dd (size before relaxing)
 .debug_str     0x00009349       0x6a ./Dave/Generated/PIN_INTERRUPT/pin_interrupt_conf.o
                               0x1392 (size before relaxing)
 .debug_str     0x000093b3       0xb5 ./Dave/Generated/GLOBAL_CCU4/global_ccu4.o
                                0x5ea (size before relaxing)
 .debug_str     0x00009468       0x31 ./Dave/Generated/GLOBAL_CCU4/global_ccu4_conf.o
                                0x51a (size before relaxing)
 .debug_str     0x00009499      0x281 ./Dave/Generated/FREERTOS/portable/GCC/port.o
                                0x50c (size before relaxing)
 .debug_str     0x0000971a       0x55 ./Dave/Generated/FREERTOS/heap.o
                                0x2b3 (size before relaxing)
 .debug_str     0x0000976f      0x13f ./Dave/Generated/FREERTOS/list.o
                                0x3bf (size before relaxing)
 .debug_str     0x000098ae      0x7d7 ./Dave/Generated/FREERTOS/queue.o
                                0xbb1 (size before relaxing)
 .debug_str     0x0000a085      0xd8d ./Dave/Generated/FREERTOS/tasks.o
                               0x128d (size before relaxing)
 .debug_str     0x0000ae12      0x51f ./Dave/Generated/FREERTOS/timers.o
                                0x91c (size before relaxing)
 .debug_str     0x0000b331       0xd3 ./Dave/Generated/DIGITAL_IO/digital_io.o
                                0x929 (size before relaxing)
 .debug_str     0x0000b404       0x6d ./Dave/Generated/DIGITAL_IO/digital_io_conf.o
                                0x8a8 (size before relaxing)
 .debug_str     0x0000b471       0x88 ./Dave/Generated/CPU_CTRL_XMC4/cpu_ctrl_xmc4_conf.o
                                0x42c (size before relaxing)
 .debug_str     0x0000b4f9       0xf3 ./Dave/Generated/CLOCK_XMC4/clock_xmc4.o
                                0x3dd (size before relaxing)
 .debug_str     0x0000b5ec       0x50 ./Dave/Generated/CLOCK_XMC4/clock_xmc4_conf.o
                                0x7bd (size before relaxing)
 .debug_str     0x0000b63c      0x160 ./Dave/Generated/BUS_IO/bus_io.o
                                0x995 (size before relaxing)
 .debug_str     0x0000b79c       0x94 ./Dave/Generated/BUS_IO/bus_io_conf.o
                                0x89a (size before relaxing)
 .debug_str     0x0000b830       0x65 ./Dave/Generated/DAVE.o
                               0x2460 (size before relaxing)
 .debug_str     0x0000b895      0x39c ./main.o
                               0x2b18 (size before relaxing)

.debug_loc      0x00000000     0xad97
 *(.debug_loc)
 .debug_loc     0x00000000       0xa0 ./ext_lib/base.o
 .debug_loc     0x000000a0      0x58c ./ext_lib/tle94112el.o
 .debug_loc     0x0000062c      0x1a4 ./Startup/system_XMC4700.o
 .debug_loc     0x000007d0       0xa0 ./Libraries/XMCLib/src/xmc4_eru.o
 .debug_loc     0x00000870       0xb8 ./Libraries/XMCLib/src/xmc4_gpio.o
 .debug_loc     0x00000928     0x2618 ./Libraries/XMCLib/src/xmc4_scu.o
 .debug_loc     0x00002f40      0xc90 ./Libraries/XMCLib/src/xmc_ccu4.o
 .debug_loc     0x00003bd0      0x4f0 ./Libraries/XMCLib/src/xmc_eru.o
 .debug_loc     0x000040c0       0xb8 ./Libraries/XMCLib/src/xmc_gpio.o
 .debug_loc     0x00004178      0x4b6 ./Libraries/XMCLib/src/xmc_spi.o
 .debug_loc     0x0000462e      0x66a ./Libraries/XMCLib/src/xmc_usic.o
 .debug_loc     0x00004c98       0x94 ./Libraries/Newlib/syscalls.o
 .debug_loc     0x00004d2c      0xf24 ./Dave/Generated/SPI_MASTER/spi_master.o
 .debug_loc     0x00005c50      0x5b8 ./Dave/Generated/SPI_MASTER/spi_master_conf.o
 .debug_loc     0x00006208      0xa4c ./Dave/Generated/PWM/pwm.o
 .debug_loc     0x00006c54      0x300 ./Dave/Generated/PIN_INTERRUPT/pin_interrupt.o
 .debug_loc     0x00006f54      0x108 ./Dave/Generated/GLOBAL_CCU4/global_ccu4.o
 .debug_loc     0x0000705c      0x30c ./Dave/Generated/FREERTOS/portable/GCC/port.o
 .debug_loc     0x00007368       0xa0 ./Dave/Generated/FREERTOS/heap.o
 .debug_loc     0x00007408      0x1cc ./Dave/Generated/FREERTOS/list.o
 .debug_loc     0x000075d4      0xe00 ./Dave/Generated/FREERTOS/queue.o
 .debug_loc     0x000083d4     0x156a ./Dave/Generated/FREERTOS/tasks.o
 .debug_loc     0x0000993e      0x7e9 ./Dave/Generated/FREERTOS/timers.o
 .debug_loc     0x0000a127       0xac ./Dave/Generated/DIGITAL_IO/digital_io.o
 .debug_loc     0x0000a1d3       0xac ./Dave/Generated/CPU_CTRL_XMC4/cpu_ctrl_xmc4_conf.o
 .debug_loc     0x0000a27f      0x14c ./Dave/Generated/CLOCK_XMC4/clock_xmc4.o
 .debug_loc     0x0000a3cb       0x50 ./Dave/Generated/CLOCK_XMC4/clock_xmc4_conf.o
 .debug_loc     0x0000a41b      0x300 ./Dave/Generated/BUS_IO/bus_io.o
 .debug_loc     0x0000a71b       0x50 ./Dave/Generated/DAVE.o
 .debug_loc     0x0000a76b      0x62c ./main.o

.debug_macinfo
 *(.debug_macinfo)

.debug_ranges   0x00000000     0x11e0
 *(.debug_ranges)
 .debug_ranges  0x00000000       0x18 ./ext_lib/base.o
 .debug_ranges  0x00000018       0x90 ./ext_lib/tle94112el.o
 .debug_ranges  0x000000a8       0x38 ./Startup/system_XMC4700.o
 .debug_ranges  0x000000e0       0x18 ./Libraries/XMCLib/src/xmc4_eru.o
 .debug_ranges  0x000000f8       0x18 ./Libraries/XMCLib/src/xmc4_gpio.o
 .debug_ranges  0x00000110      0x3d0 ./Libraries/XMCLib/src/xmc4_scu.o
 .debug_ranges  0x000004e0      0x128 ./Libraries/XMCLib/src/xmc_ccu4.o
 .debug_ranges  0x00000608       0x78 ./Libraries/XMCLib/src/xmc_eru.o
 .debug_ranges  0x00000680       0x18 ./Libraries/XMCLib/src/xmc_gpio.o
 .debug_ranges  0x00000698       0x78 ./Libraries/XMCLib/src/xmc_spi.o
 .debug_ranges  0x00000710       0xa0 ./Libraries/XMCLib/src/xmc_usic.o
 .debug_ranges  0x000007b0       0x18 ./Libraries/Newlib/syscalls.o
 .debug_ranges  0x000007c8      0x170 ./Dave/Generated/SPI_MASTER/spi_master.o
 .debug_ranges  0x00000938       0x98 ./Dave/Generated/SPI_MASTER/spi_master_conf.o
 .debug_ranges  0x000009d0      0x100 ./Dave/Generated/PWM/pwm.o
 .debug_ranges  0x00000ad0       0x50 ./Dave/Generated/PIN_INTERRUPT/pin_interrupt.o
 .debug_ranges  0x00000b20       0x20 ./Dave/Generated/GLOBAL_CCU4/global_ccu4.o
 .debug_ranges  0x00000b40       0x70 ./Dave/Generated/FREERTOS/portable/GCC/port.o
 .debug_ranges  0x00000bb0       0x18 ./Dave/Generated/FREERTOS/heap.o
 .debug_ranges  0x00000bc8       0x30 ./Dave/Generated/FREERTOS/list.o
 .debug_ranges  0x00000bf8      0x160 ./Dave/Generated/FREERTOS/queue.o
 .debug_ranges  0x00000d58      0x220 ./Dave/Generated/FREERTOS/tasks.o
 .debug_ranges  0x00000f78       0xd0 ./Dave/Generated/FREERTOS/timers.o
 .debug_ranges  0x00001048       0x18 ./Dave/Generated/DIGITAL_IO/digital_io.o
 .debug_ranges  0x00001060       0x18 ./Dave/Generated/CPU_CTRL_XMC4/cpu_ctrl_xmc4_conf.o
 .debug_ranges  0x00001078       0x28 ./Dave/Generated/CLOCK_XMC4/clock_xmc4.o
 .debug_ranges  0x000010a0       0x10 ./Dave/Generated/CLOCK_XMC4/clock_xmc4_conf.o
 .debug_ranges  0x000010b0       0x50 ./Dave/Generated/BUS_IO/bus_io.o
 .debug_ranges  0x00001100       0x10 ./Dave/Generated/DAVE.o
 .debug_ranges  0x00001110       0xd0 ./main.o

.debug_weaknames
 *(.debug_weaknames)

.debug_funcnames
 *(.debug_funcnames)

.debug_typenames
 *(.debug_typenames)

.debug_varnames
 *(.debug_varnames)

.build_attributes
                0x00000000      0x99e
 *(.ARM.attributes)
 .ARM.attributes
                0x00000000       0x37 ./ext_lib/base.o
 .ARM.attributes
                0x00000037       0x37 ./ext_lib/tle94112el.o
 .ARM.attributes
                0x0000006e       0x25 ./Startup/startup_XMC4700.o
 .ARM.attributes
                0x00000093       0x37 ./Startup/system_XMC4700.o
 .ARM.attributes
                0x000000ca       0x37 ./Libraries/XMCLib/src/xmc4_eru.o
 .ARM.attributes
                0x00000101       0x37 ./Libraries/XMCLib/src/xmc4_gpio.o
 .ARM.attributes
                0x00000138       0x37 ./Libraries/XMCLib/src/xmc4_scu.o
 .ARM.attributes
                0x0000016f       0x37 ./Libraries/XMCLib/src/xmc_ccu4.o
 .ARM.attributes
                0x000001a6       0x37 ./Libraries/XMCLib/src/xmc_eru.o
 .ARM.attributes
                0x000001dd       0x37 ./Libraries/XMCLib/src/xmc_gpio.o
 .ARM.attributes
                0x00000214       0x37 ./Libraries/XMCLib/src/xmc_spi.o
 .ARM.attributes